2026-08-11 09:43:54,954 INFO model=roberta device=cuda seed=42
2026-08-11 09:43:54,978 INFO gpu: Tesla T4
2026-08-11 09:43:54,979 INFO 微调 roberta-base（max_length=256, batch=16, lr=1e-05, epochs=2）
2026-08-11 09:43:56,083 INFO 划分：训练 20000 条 / 验证 5000 条
2026-08-11 09:44:08,730 INFO 参数量: 总计 124,647,170, 可训练 124,647,170
2026-08-11 09:53:24,129 INFO 验证准确率 0.9292，训练 555.0s
2026-08-11 09:53:28,015 INFO 已保存微调后的模型到 /home/ubuntu/科研专用/NLP/models/roberta_hf
2026-08-11 09:53:28,015 INFO step 100    epoch 0.08  train_loss 0.6974  lr 6.60e-06
2026-08-11 09:53:28,015 INFO step 200    epoch 0.16  train_loss 0.4303  lr 9.81e-06
2026-08-11 09:53:28,016 INFO step 300    epoch 0.24  train_loss 0.2829  lr 9.38e-06
2026-08-11 09:53:28,016 INFO step 400    epoch 0.32  train_loss 0.2715  lr 8.96e-06
2026-08-11 09:53:28,016 INFO step 500    epoch 0.40  train_loss 0.2555  lr 8.53e-06
2026-08-11 09:53:28,016 INFO step 600    epoch 0.48  train_loss 0.2088  lr 8.11e-06
2026-08-11 09:53:28,016 INFO step 700    epoch 0.56  train_loss 0.2285  lr 7.68e-06
2026-08-11 09:53:28,016 INFO step 800    epoch 0.64  train_loss 0.2312  lr 7.26e-06
2026-08-11 09:53:28,016 INFO step 900    epoch 0.72  train_loss 0.2242  lr 6.83e-06
2026-08-11 09:53:28,016 INFO step 1000   epoch 0.80  train_loss 0.2270  lr 6.40e-06
2026-08-11 09:53:28,016 INFO step 1100   epoch 0.88  train_loss 0.1951  lr 5.98e-06
2026-08-11 09:53:28,016 INFO step 1200   epoch 0.96  train_loss 0.2056  lr 5.55e-06
2026-08-11 09:53:28,016 INFO epoch 1.00  val_loss 0.2267  val_acc 0.9212  15.9s
2026-08-11 09:53:28,016 INFO step 1300   epoch 1.04  train_loss 0.1925  lr 5.13e-06
2026-08-11 09:53:28,016 INFO step 1400   epoch 1.12  train_loss 0.1573  lr 4.70e-06
2026-08-11 09:53:28,016 INFO step 1500   epoch 1.20  train_loss 0.1673  lr 4.28e-06
2026-08-11 09:53:28,016 INFO step 1600   epoch 1.28  train_loss 0.1827  lr 3.85e-06
2026-08-11 09:53:28,016 INFO step 1700   epoch 1.36  train_loss 0.1581  lr 3.43e-06
2026-08-11 09:53:28,016 INFO step 1800   epoch 1.44  train_loss 0.1609  lr 3.00e-06
2026-08-11 09:53:28,016 INFO step 1900   epoch 1.52  train_loss 0.1856  lr 2.57e-06
2026-08-11 09:53:28,016 INFO step 2000   epoch 1.60  train_loss 0.1674  lr 2.15e-06
2026-08-11 09:53:28,016 INFO step 2100   epoch 1.68  train_loss 0.1916  lr 1.72e-06
2026-08-11 09:53:28,016 INFO step 2200   epoch 1.76  train_loss 0.1712  lr 1.30e-06
2026-08-11 09:53:28,016 INFO step 2300   epoch 1.84  train_loss 0.1784  lr 8.77e-07
2026-08-11 09:53:28,016 INFO step 2400   epoch 1.92  train_loss 0.1728  lr 4.51e-07
2026-08-11 09:53:28,016 INFO step 2500   epoch 2.00  train_loss 0.1555  lr 2.55e-08
2026-08-11 09:53:28,016 INFO epoch 2.00  val_loss 0.2579  val_acc 0.9292  15.8s
2026-08-11 09:54:46,656 INFO 已写出 roberta_submission.csv（25000 行）
2026-08-11 09:54:46,656 INFO 已写出 roberta_summary.json
