2026-08-19 08:58:35,906 INFO 命令：run_experiment.py --method scl_moco --batch_size 4 --seed 42
2026-08-19 08:58:35,908 INFO method=scl_moco batch=4 × accum=8（effective 32）max_length=384 lr=0.0001 epochs=2 seed=42 λ=0.2 τ=0.3 queue=4096 m=0.999
2026-08-19 08:58:38,507 INFO 参数量：总计 443,855,238，可训练 3,805,314（0.8573%）
2026-08-19 08:58:38,508 INFO 已在 DebertaV2Model 上挂 hidden-state hook
2026-08-19 08:58:38,511 INFO 动量分支：104 组参数对，共 3,805,314 个参数（14.5 MB fp32）
2026-08-19 08:58:39,834 INFO 划分：训练 20000 条 / 验证 5000 条 / 测试 25000 条
2026-08-19 08:58:52,919 INFO SCLMoCoTrainer: method=scl_moco λ=0.2 τ=0.3 m=0.999 include_self_key=True
2026-08-19 08:59:00,530 INFO [断言] optimizer 参数 104 个；key 参数 104 个，其中在 optimizer 里的 0 个
2026-08-19 08:59:00,553 INFO [断言] 训练开始时 query 与 key 参数最大绝对差 = 0.000e+00（应为 0）
2026-08-19 08:59:36,543 INFO [scl_moco] micro=50 opt_step=6 ep=0.01 | CE 0.7015  contrast 4.3542  total 1.5724 | cand 102  pos 51.3  neg 50.7  skipped 0 | view_gap 0.0510 | queue valid=196 ptr=200 {0: 95, 1: 101} | ema=6
2026-08-19 09:00:12,698 INFO [scl_moco] micro=100 opt_step=12 ep=0.02 | CE 0.6965  contrast 5.6912  total 1.8347 | cand 302  pos 151.2  neg 150.8  skipped 0 | view_gap 0.0645 | queue valid=396 ptr=400 {0: 198, 1: 198} | ema=12
2026-08-19 09:00:43,348 INFO [scl_moco] micro=150 opt_step=18 ep=0.03 | CE 0.6843  contrast 6.2115  total 1.9266 | cand 502  pos 251.5  neg 250.5  skipped 0 | view_gap 0.1126 | queue valid=596 ptr=600 {0: 291, 1: 305} | ema=18
2026-08-19 09:01:06,203 INFO [scl_moco] micro=200 opt_step=24 ep=0.04 | CE 0.6858  contrast 6.5502  total 1.9959 | cand 702  pos 354.2  neg 347.8  skipped 0 | view_gap 0.1676 | queue valid=796 ptr=800 {0: 374, 1: 422} | ema=24
2026-08-19 09:01:24,853 INFO [scl_moco] micro=250 opt_step=31 ep=0.05 | CE 0.7247  contrast 6.8026  total 2.0853 | cand 902  pos 449.0  neg 453.0  skipped 0 | view_gap 0.2416 | queue valid=996 ptr=1000 {0: 486, 1: 510} | ema=31
2026-08-19 09:01:42,630 INFO [scl_moco] micro=300 opt_step=37 ep=0.06 | CE 0.7059  contrast 7.0036  total 2.1066 | cand 1102  pos 550.5  neg 551.5  skipped 0 | view_gap 0.2659 | queue valid=1196 ptr=1200 {0: 592, 1: 604} | ema=37
2026-08-19 09:02:00,023 INFO [scl_moco] micro=350 opt_step=43 ep=0.07 | CE 0.6903  contrast 7.1700  total 2.1243 | cand 1302  pos 651.4  neg 650.6  skipped 0 | view_gap 0.2569 | queue valid=1396 ptr=1400 {0: 690, 1: 706} | ema=43
2026-08-19 09:02:17,772 INFO [scl_moco] micro=400 opt_step=49 ep=0.08 | CE 0.7064  contrast 7.3125  total 2.1689 | cand 1502  pos 754.9  neg 747.1  skipped 0 | view_gap 0.3443 | queue valid=1596 ptr=1600 {0: 768, 1: 828} | ema=49
2026-08-19 09:02:17,947 INFO [trainer] step 50/1250 loss=1.9768 grad_norm=1.12191 learning_rate=6.53333e-05 epoch=0.08
2026-08-19 09:02:53,683 INFO [scl_moco] micro=450 opt_step=56 ep=0.09 | CE 0.6982  contrast 7.4380  total 2.1858 | cand 1702  pos 852.4  neg 849.6  skipped 0 | view_gap 0.4141 | queue valid=1796 ptr=1800 {0: 866, 1: 930} | ema=56
2026-08-19 09:03:29,974 INFO [scl_moco] micro=500 opt_step=62 ep=0.10 | CE 0.7071  contrast 7.5488  total 2.2168 | cand 1902  pos 950.1  neg 951.9  skipped 0 | view_gap 0.4569 | queue valid=1996 ptr=2000 {0: 972, 1: 1024} | ema=62
2026-08-19 09:04:00,582 INFO [scl_moco] micro=550 opt_step=68 ep=0.11 | CE 0.6872  contrast 7.6465  total 2.2165 | cand 2102  pos 1049.6  neg 1052.4  skipped 0 | view_gap 0.5952 | queue valid=2196 ptr=2200 {0: 1076, 1: 1120} | ema=68
2026-08-19 09:04:22,892 INFO [scl_moco] micro=600 opt_step=74 ep=0.12 | CE 0.6939  contrast 7.7348  total 2.2409 | cand 2302  pos 1149.7  neg 1152.3  skipped 0 | view_gap 1.1349 | queue valid=2396 ptr=2400 {0: 1186, 1: 1210} | ema=74
2026-08-19 09:04:41,380 INFO [scl_moco] micro=650 opt_step=81 ep=0.13 | CE 0.6879  contrast 7.8125  total 2.2504 | cand 2502  pos 1251.1  neg 1250.9  skipped 0 | view_gap 1.4782 | queue valid=2596 ptr=2600 {0: 1289, 1: 1307} | ema=81
2026-08-19 09:04:59,234 INFO [scl_moco] micro=700 opt_step=87 ep=0.14 | CE 0.6725  contrast 7.8860  total 2.2497 | cand 2702  pos 1350.9  neg 1351.1  skipped 0 | view_gap 1.2933 | queue valid=2796 ptr=2800 {0: 1394, 1: 1402} | ema=87
2026-08-19 09:05:16,695 INFO [scl_moco] micro=750 opt_step=93 ep=0.15 | CE 0.5986  contrast 7.9478  total 2.1881 | cand 2902  pos 1451.6  neg 1450.4  skipped 0 | view_gap 1.4087 | queue valid=2996 ptr=3000 {0: 1489, 1: 1507} | ema=93
2026-08-19 09:05:34,304 INFO [scl_moco] micro=800 opt_step=99 ep=0.16 | CE 0.4233  contrast 8.0133  total 2.0259 | cand 3102  pos 1551.5  neg 1550.5  skipped 0 | view_gap 1.3275 | queue valid=3196 ptr=3200 {0: 1586, 1: 1610} | ema=99
2026-08-19 09:05:34,481 INFO [trainer] step 100/1250 loss=2.1968 grad_norm=5.06755 learning_rate=9.79574e-05 epoch=0.16
2026-08-19 09:06:10,238 INFO [scl_moco] micro=850 opt_step=106 ep=0.17 | CE 0.4233  contrast 8.0764  total 2.0386 | cand 3302  pos 1650.9  neg 1651.1  skipped 0 | view_gap 1.3601 | queue valid=3396 ptr=3400 {0: 1689, 1: 1707} | ema=106
2026-08-19 09:06:46,538 INFO [scl_moco] micro=900 opt_step=112 ep=0.18 | CE 0.3491  contrast 8.1344  total 1.9760 | cand 3502  pos 1751.6  neg 1750.4  skipped 0 | view_gap 1.4119 | queue valid=3596 ptr=3600 {0: 1785, 1: 1811} | ema=112
2026-08-19 09:07:17,218 INFO [scl_moco] micro=950 opt_step=118 ep=0.19 | CE 0.2941  contrast 8.1914  total 1.9324 | cand 3702  pos 1852.1  neg 1849.9  skipped 0 | view_gap 1.4194 | queue valid=3796 ptr=3800 {0: 1882, 1: 1914} | ema=118
2026-08-19 09:07:39,507 INFO [scl_moco] micro=1000 opt_step=124 ep=0.20 | CE 0.1750  contrast 8.2333  total 1.8216 | cand 3902  pos 1950.2  neg 1951.8  skipped 0 | view_gap 1.3982 | queue valid=3996 ptr=4000 {0: 1987, 1: 2009} | ema=124
2026-08-19 09:07:58,141 INFO [scl_moco] micro=1050 opt_step=131 ep=0.21 | CE 0.2016  contrast 8.2778  total 1.8572 | cand 4076  pos 2038.0  neg 2038.0  skipped 0 | view_gap 1.4184 | queue valid=4096 ptr=104 {0: 2038, 1: 2058} | ema=131
2026-08-19 09:08:15,922 INFO [scl_moco] micro=1100 opt_step=137 ep=0.22 | CE 0.1928  contrast 8.2823  total 1.8492 | cand 4100  pos 2050.4  neg 2049.6  skipped 0 | view_gap 1.4090 | queue valid=4096 ptr=304 {0: 2059, 1: 2037} | ema=137
2026-08-19 09:08:33,353 INFO [scl_moco] micro=1150 opt_step=143 ep=0.23 | CE 0.0925  contrast 8.2785  total 1.7482 | cand 4100  pos 2050.3  neg 2049.7  skipped 0 | view_gap 1.4081 | queue valid=4096 ptr=504 {0: 2060, 1: 2036} | ema=143
2026-08-19 09:08:51,042 INFO [scl_moco] micro=1200 opt_step=149 ep=0.24 | CE 0.3029  contrast 8.2809  total 1.9591 | cand 4100  pos 2049.5  neg 2050.5  skipped 0 | view_gap 1.3600 | queue valid=4096 ptr=704 {0: 2051, 1: 2045} | ema=149
2026-08-19 09:08:51,223 INFO [trainer] step 150/1250 loss=1.8978 grad_norm=4.48459 learning_rate=9.37872e-05 epoch=0.24
2026-08-19 09:09:26,968 INFO [scl_moco] micro=1250 opt_step=156 ep=0.25 | CE 0.3032  contrast 8.2838  total 1.9599 | cand 4100  pos 2051.0  neg 2049.0  skipped 0 | view_gap 1.4329 | queue valid=4096 ptr=904 {0: 2064, 1: 2032} | ema=156
2026-08-19 09:10:03,296 INFO [scl_moco] micro=1300 opt_step=162 ep=0.26 | CE 0.2021  contrast 8.2804  total 1.8582 | cand 4100  pos 2050.3  neg 2049.7  skipped 0 | view_gap 1.3780 | queue valid=4096 ptr=1104 {0: 2059, 1: 2037} | ema=162
2026-08-19 09:10:34,308 INFO [scl_moco] micro=1350 opt_step=168 ep=0.27 | CE 0.2006  contrast 8.2794  total 1.8565 | cand 4100  pos 2050.5  neg 2049.5  skipped 0 | view_gap 1.3975 | queue valid=4096 ptr=1304 {0: 2051, 1: 2045} | ema=168
2026-08-19 09:10:56,587 INFO [scl_moco] micro=1400 opt_step=174 ep=0.28 | CE 0.1724  contrast 8.2776  total 1.8279 | cand 4100  pos 2052.2  neg 2047.8  skipped 0 | view_gap 1.3977 | queue valid=4096 ptr=1504 {0: 2073, 1: 2023} | ema=174
2026-08-19 09:11:15,540 INFO [scl_moco] micro=1450 opt_step=181 ep=0.29 | CE 0.2117  contrast 8.2785  total 1.8674 | cand 4100  pos 2047.8  neg 2052.2  skipped 0 | view_gap 1.3622 | queue valid=4096 ptr=1704 {0: 2079, 1: 2017} | ema=181
2026-08-19 09:11:33,238 INFO [scl_moco] micro=1500 opt_step=187 ep=0.30 | CE 0.2478  contrast 8.2784  total 1.9034 | cand 4100  pos 2050.4  neg 2049.6  skipped 0 | view_gap 1.3864 | queue valid=4096 ptr=1904 {0: 2083, 1: 2013} | ema=187
2026-08-19 09:11:50,916 INFO [scl_moco] micro=1550 opt_step=193 ep=0.31 | CE 0.1468  contrast 8.2752  total 1.8019 | cand 4100  pos 2049.6  neg 2050.4  skipped 0 | view_gap 1.4240 | queue valid=4096 ptr=2104 {0: 2077, 1: 2019} | ema=193
2026-08-19 09:12:08,395 INFO [scl_moco] micro=1600 opt_step=199 ep=0.32 | CE 0.1123  contrast 8.2720  total 1.7667 | cand 4100  pos 2047.9  neg 2052.1  skipped 0 | view_gap 1.3672 | queue valid=4096 ptr=2304 {0: 2054, 1: 2042} | ema=199
2026-08-19 09:12:08,572 INFO [trainer] step 200/1250 loss=1.8552 grad_norm=0.478263 learning_rate=8.95319e-05 epoch=0.32
2026-08-19 09:12:44,528 INFO [scl_moco] micro=1650 opt_step=206 ep=0.33 | CE 0.2495  contrast 8.2784  total 1.9052 | cand 4100  pos 2052.1  neg 2047.9  skipped 0 | view_gap 1.4182 | queue valid=4096 ptr=2504 {0: 2025, 1: 2071} | ema=206
2026-08-19 09:13:20,665 INFO [scl_moco] micro=1700 opt_step=212 ep=0.34 | CE 0.2820  contrast 8.2777  total 1.9376 | cand 4100  pos 2050.6  neg 2049.4  skipped 0 | view_gap 1.3812 | queue valid=4096 ptr=2704 {0: 2024, 1: 2072} | ema=212
2026-08-19 09:13:49,880 INFO [scl_moco] micro=1750 opt_step=218 ep=0.35 | CE 0.2017  contrast 8.2751  total 1.8567 | cand 4100  pos 2049.1  neg 2050.9  skipped 0 | view_gap 1.3869 | queue valid=4096 ptr=2904 {0: 2025, 1: 2071} | ema=218
2026-08-19 09:14:11,640 INFO [scl_moco] micro=1800 opt_step=224 ep=0.36 | CE 0.2008  contrast 8.2742  total 1.8556 | cand 4100  pos 2048.9  neg 2051.1  skipped 0 | view_gap 1.4034 | queue valid=4096 ptr=3104 {0: 2033, 1: 2063} | ema=224
2026-08-19 09:14:30,323 INFO [scl_moco] micro=1850 opt_step=231 ep=0.37 | CE 0.1339  contrast 8.2692  total 1.7877 | cand 4100  pos 2050.0  neg 2050.0  skipped 0 | view_gap 1.3638 | queue valid=4096 ptr=3304 {0: 2053, 1: 2043} | ema=231
2026-08-19 09:14:48,017 INFO [scl_moco] micro=1900 opt_step=237 ep=0.38 | CE 0.2204  contrast 8.2776  total 1.8759 | cand 4100  pos 2050.5  neg 2049.5  skipped 0 | view_gap 1.2986 | queue valid=4096 ptr=3504 {0: 2062, 1: 2034} | ema=237
2026-08-19 09:15:05,695 INFO [scl_moco] micro=1950 opt_step=243 ep=0.39 | CE 0.1345  contrast 8.2710  total 1.7887 | cand 4100  pos 2049.6  neg 2050.4  skipped 0 | view_gap 1.3630 | queue valid=4096 ptr=3704 {0: 2054, 1: 2042} | ema=243
2026-08-19 09:15:23,250 INFO [scl_moco] micro=2000 opt_step=249 ep=0.40 | CE 0.1313  contrast 8.2656  total 1.7845 | cand 4100  pos 2050.2  neg 2049.8  skipped 0 | view_gap 1.2957 | queue valid=4096 ptr=3904 {0: 2041, 1: 2055} | ema=249
2026-08-19 09:15:23,427 INFO [trainer] step 250/1250 loss=1.849 grad_norm=0.265991 learning_rate=8.52766e-05 epoch=0.4
2026-08-19 09:15:59,327 INFO [scl_moco] micro=2050 opt_step=256 ep=0.41 | CE 0.3892  contrast 8.2861  total 2.0464 | cand 4100  pos 2050.7  neg 2049.3  skipped 0 | view_gap 1.4027 | queue valid=4096 ptr=8 {0: 2024, 1: 2072} | ema=256
2026-08-19 09:16:35,530 INFO [scl_moco] micro=2100 opt_step=262 ep=0.42 | CE 0.2271  contrast 8.2694  total 1.8810 | cand 4100  pos 2049.6  neg 2050.4  skipped 0 | view_gap 1.4116 | queue valid=4096 ptr=208 {0: 2028, 1: 2068} | ema=262
2026-08-19 09:17:05,883 INFO [scl_moco] micro=2150 opt_step=268 ep=0.43 | CE 0.1265  contrast 8.2644  total 1.7794 | cand 4100  pos 2049.1  neg 2050.9  skipped 0 | view_gap 1.4385 | queue valid=4096 ptr=408 {0: 2024, 1: 2072} | ema=268
2026-08-19 09:17:27,904 INFO [scl_moco] micro=2200 opt_step=274 ep=0.44 | CE 0.1533  contrast 8.2659  total 1.8065 | cand 4100  pos 2048.9  neg 2051.1  skipped 0 | view_gap 1.4495 | queue valid=4096 ptr=608 {0: 2035, 1: 2061} | ema=274
2026-08-19 09:17:46,572 INFO [scl_moco] micro=2250 opt_step=281 ep=0.45 | CE 0.2390  contrast 8.2687  total 1.8927 | cand 4100  pos 2050.4  neg 2049.6  skipped 0 | view_gap 1.3929 | queue valid=4096 ptr=808 {0: 2039, 1: 2057} | ema=281
2026-08-19 09:18:04,045 INFO [scl_moco] micro=2300 opt_step=287 ep=0.46 | CE 0.1586  contrast 8.2658  total 1.8117 | cand 4100  pos 2049.8  neg 2050.2  skipped 0 | view_gap 1.3291 | queue valid=4096 ptr=1008 {0: 2040, 1: 2056} | ema=287
2026-08-19 09:18:21,535 INFO [scl_moco] micro=2350 opt_step=293 ep=0.47 | CE 0.1116  contrast 8.2607  total 1.7637 | cand 4100  pos 2050.2  neg 2049.8  skipped 0 | view_gap 1.3542 | queue valid=4096 ptr=1208 {0: 2034, 1: 2062} | ema=293
2026-08-19 09:18:38,866 INFO [scl_moco] micro=2400 opt_step=299 ep=0.48 | CE 0.1238  contrast 8.2586  total 1.7755 | cand 4100  pos 2050.4  neg 2049.6  skipped 0 | view_gap 1.3313 | queue valid=4096 ptr=1408 {0: 2034, 1: 2062} | ema=299
2026-08-19 09:18:39,042 INFO [trainer] step 300/1250 loss=1.8446 grad_norm=0.257907 learning_rate=8.10213e-05 epoch=0.48
2026-08-19 09:19:14,961 INFO [scl_moco] micro=2450 opt_step=306 ep=0.49 | CE 0.2011  contrast 8.2697  total 1.8550 | cand 4100  pos 2052.4  neg 2047.6  skipped 0 | view_gap 1.3727 | queue valid=4096 ptr=1608 {0: 2018, 1: 2078} | ema=306
2026-08-19 09:19:51,308 INFO [scl_moco] micro=2500 opt_step=312 ep=0.50 | CE 0.2024  contrast 8.2662  total 1.8557 | cand 4100  pos 2051.0  neg 2049.0  skipped 0 | view_gap 1.3195 | queue valid=4096 ptr=1808 {0: 2014, 1: 2082} | ema=312
2026-08-19 09:20:21,492 INFO [scl_moco] micro=2550 opt_step=318 ep=0.51 | CE 0.0973  contrast 8.2590  total 1.7491 | cand 4100  pos 2046.7  neg 2053.3  skipped 0 | view_gap 1.3744 | queue valid=4096 ptr=2008 {0: 2037, 1: 2059} | ema=318
2026-08-19 09:20:43,871 INFO [scl_moco] micro=2600 opt_step=324 ep=0.52 | CE 0.2048  contrast 8.2657  total 1.8580 | cand 4100  pos 2049.6  neg 2050.4  skipped 0 | view_gap 1.3617 | queue valid=4096 ptr=2208 {0: 2049, 1: 2047} | ema=324
2026-08-19 09:21:02,409 INFO [scl_moco] micro=2650 opt_step=331 ep=0.53 | CE 0.2024  contrast 8.2670  total 1.8558 | cand 4100  pos 2054.3  neg 2045.7  skipped 0 | view_gap 1.3611 | queue valid=4096 ptr=2408 {0: 2096, 1: 2000} | ema=331
2026-08-19 09:21:20,358 INFO [scl_moco] micro=2700 opt_step=337 ep=0.54 | CE 0.1012  contrast 8.2569  total 1.7526 | cand 4100  pos 2050.4  neg 2049.6  skipped 0 | view_gap 1.3114 | queue valid=4096 ptr=2608 {0: 2101, 1: 1995} | ema=337
2026-08-19 09:21:37,833 INFO [scl_moco] micro=2750 opt_step=343 ep=0.55 | CE 0.1717  contrast 8.2614  total 1.8240 | cand 4100  pos 2049.5  neg 2050.5  skipped 0 | view_gap 1.3832 | queue valid=4096 ptr=2808 {0: 2094, 1: 2002} | ema=343
2026-08-19 09:21:55,488 INFO [scl_moco] micro=2800 opt_step=349 ep=0.56 | CE 0.0982  contrast 8.2491  total 1.7480 | cand 4100  pos 2046.1  neg 2053.9  skipped 0 | view_gap 1.2002 | queue valid=4096 ptr=3008 {0: 2087, 1: 2009} | ema=349
2026-08-19 09:21:55,668 INFO [trainer] step 350/1250 loss=1.8123 grad_norm=0.89717 learning_rate=7.6766e-05 epoch=0.56
2026-08-19 09:22:31,413 INFO [scl_moco] micro=2850 opt_step=356 ep=0.57 | CE 0.1856  contrast 8.2612  total 1.8379 | cand 4100  pos 2052.2  neg 2047.8  skipped 0 | view_gap 1.3029 | queue valid=4096 ptr=3208 {0: 2081, 1: 2015} | ema=356
2026-08-19 09:23:07,725 INFO [scl_moco] micro=2900 opt_step=362 ep=0.58 | CE 0.1692  contrast 8.2570  total 1.8206 | cand 4100  pos 2049.7  neg 2050.3  skipped 0 | view_gap 1.2160 | queue valid=4096 ptr=3408 {0: 2065, 1: 2031} | ema=362
2026-08-19 09:23:36,710 INFO [scl_moco] micro=2950 opt_step=368 ep=0.59 | CE 0.1476  contrast 8.2534  total 1.7983 | cand 4100  pos 2050.1  neg 2049.9  skipped 0 | view_gap 1.2606 | queue valid=4096 ptr=3608 {0: 2069, 1: 2027} | ema=368
2026-08-19 09:23:58,477 INFO [scl_moco] micro=3000 opt_step=374 ep=0.60 | CE 0.2436  contrast 8.2596  total 1.8955 | cand 4100  pos 2052.0  neg 2048.0  skipped 0 | view_gap 1.2179 | queue valid=4096 ptr=3808 {0: 2082, 1: 2014} | ema=374
2026-08-19 09:24:16,988 INFO [scl_moco] micro=3050 opt_step=381 ep=0.61 | CE 0.1510  contrast 8.2522  total 1.8014 | cand 4100  pos 2057.4  neg 2042.6  skipped 0 | view_gap 1.2619 | queue valid=4096 ptr=4008 {0: 2112, 1: 1984} | ema=381
2026-08-19 09:24:34,829 INFO [scl_moco] micro=3100 opt_step=387 ep=0.62 | CE 0.1269  contrast 8.2461  total 1.7761 | cand 4100  pos 2045.6  neg 2054.4  skipped 0 | view_gap 1.2962 | queue valid=4096 ptr=112 {0: 2100, 1: 1996} | ema=387
2026-08-19 09:24:52,301 INFO [scl_moco] micro=3150 opt_step=393 ep=0.63 | CE 0.1361  contrast 8.2402  total 1.7841 | cand 4100  pos 2045.0  neg 2055.0  skipped 0 | view_gap 1.1779 | queue valid=4096 ptr=312 {0: 2092, 1: 2004} | ema=393
2026-08-19 09:25:10,034 INFO [scl_moco] micro=3200 opt_step=399 ep=0.64 | CE 0.1299  contrast 8.2355  total 1.7770 | cand 4100  pos 2047.2  neg 2052.8  skipped 0 | view_gap 1.1914 | queue valid=4096 ptr=512 {0: 2066, 1: 2030} | ema=399
2026-08-19 09:25:10,212 INFO [trainer] step 400/1250 loss=1.8114 grad_norm=1.06801 learning_rate=7.25106e-05 epoch=0.64
2026-08-19 09:25:45,950 INFO [scl_moco] micro=3250 opt_step=406 ep=0.65 | CE 0.1276  contrast 8.2388  total 1.7753 | cand 4100  pos 2048.9  neg 2051.1  skipped 0 | view_gap 1.1969 | queue valid=4096 ptr=712 {0: 2060, 1: 2036} | ema=406
2026-08-19 09:26:22,123 INFO [scl_moco] micro=3300 opt_step=412 ep=0.66 | CE 0.0736  contrast 8.2287  total 1.7193 | cand 4100  pos 2050.9  neg 2049.1  skipped 0 | view_gap 1.2955 | queue valid=4096 ptr=912 {0: 2064, 1: 2032} | ema=412
2026-08-19 09:26:50,726 INFO [scl_moco] micro=3350 opt_step=418 ep=0.67 | CE 0.1847  contrast 8.2373  total 1.8322 | cand 4100  pos 2050.3  neg 2049.7  skipped 0 | view_gap 1.1324 | queue valid=4096 ptr=1112 {0: 2066, 1: 2030} | ema=418
2026-08-19 09:27:12,672 INFO [scl_moco] micro=3400 opt_step=424 ep=0.68 | CE 0.1497  contrast 8.2332  total 1.7963 | cand 4100  pos 2051.7  neg 2048.3  skipped 0 | view_gap 1.2639 | queue valid=4096 ptr=1312 {0: 2071, 1: 2025} | ema=424
2026-08-19 09:27:31,219 INFO [scl_moco] micro=3450 opt_step=431 ep=0.69 | CE 0.0874  contrast 8.2325  total 1.7339 | cand 4100  pos 2053.4  neg 2046.5  skipped 0 | view_gap 1.2527 | queue valid=4096 ptr=1512 {0: 2094, 1: 2002} | ema=431
2026-08-19 09:27:49,071 INFO [scl_moco] micro=3500 opt_step=437 ep=0.70 | CE 0.1523  contrast 8.2344  total 1.7992 | cand 4100  pos 2058.1  neg 2042.0  skipped 0 | view_gap 1.3991 | queue valid=4096 ptr=1712 {0: 2102, 1: 1994} | ema=437
2026-08-19 09:28:06,599 INFO [scl_moco] micro=3550 opt_step=443 ep=0.71 | CE 0.1543  contrast 8.2318  total 1.8007 | cand 4100  pos 2053.0  neg 2047.0  skipped 0 | view_gap 1.2900 | queue valid=4096 ptr=1912 {0: 2106, 1: 1990} | ema=443
2026-08-19 09:28:24,238 INFO [scl_moco] micro=3600 opt_step=449 ep=0.72 | CE 0.1835  contrast 8.2354  total 1.8306 | cand 4100  pos 2047.7  neg 2052.3  skipped 0 | view_gap 1.2064 | queue valid=4096 ptr=2112 {0: 2071, 1: 2025} | ema=449
2026-08-19 09:28:24,418 INFO [trainer] step 450/1250 loss=1.7859 grad_norm=0.556814 learning_rate=6.82553e-05 epoch=0.72
2026-08-19 09:29:00,209 INFO [scl_moco] micro=3650 opt_step=456 ep=0.73 | CE 0.1681  contrast 8.2363  total 1.8154 | cand 4100  pos 2049.0  neg 2051.0  skipped 0 | view_gap 1.1821 | queue valid=4096 ptr=2312 {0: 2061, 1: 2035} | ema=456
2026-08-19 09:29:36,555 INFO [scl_moco] micro=3700 opt_step=462 ep=0.74 | CE 0.1633  contrast 8.2350  total 1.8103 | cand 4100  pos 2050.2  neg 2049.8  skipped 0 | view_gap 1.3744 | queue valid=4096 ptr=2512 {0: 2053, 1: 2043} | ema=462
2026-08-19 09:30:06,683 INFO [scl_moco] micro=3750 opt_step=468 ep=0.75 | CE 0.1458  contrast 8.2284  total 1.7915 | cand 4100  pos 2050.0  neg 2050.0  skipped 0 | view_gap 1.2656 | queue valid=4096 ptr=2712 {0: 2043, 1: 2053} | ema=468
2026-08-19 09:30:28,668 INFO [scl_moco] micro=3800 opt_step=474 ep=0.76 | CE 0.1383  contrast 8.2277  total 1.7838 | cand 4100  pos 2050.5  neg 2049.5  skipped 0 | view_gap 1.3058 | queue valid=4096 ptr=2912 {0: 2050, 1: 2046} | ema=474
2026-08-19 09:30:47,479 INFO [scl_moco] micro=3850 opt_step=481 ep=0.77 | CE 0.2161  contrast 8.2335  total 1.8628 | cand 4100  pos 2050.5  neg 2049.5  skipped 0 | view_gap 1.1419 | queue valid=4096 ptr=3112 {0: 2059, 1: 2037} | ema=481
2026-08-19 09:31:05,443 INFO [scl_moco] micro=3900 opt_step=487 ep=0.78 | CE 0.1602  contrast 8.2293  total 1.8060 | cand 4100  pos 2051.3  neg 2048.7  skipped 0 | view_gap 1.0922 | queue valid=4096 ptr=3312 {0: 2064, 1: 2032} | ema=487
2026-08-19 09:31:23,296 INFO [scl_moco] micro=3950 opt_step=493 ep=0.79 | CE 0.0891  contrast 8.2233  total 1.7338 | cand 4100  pos 2049.4  neg 2050.6  skipped 0 | view_gap 1.0022 | queue valid=4096 ptr=3512 {0: 2053, 1: 2043} | ema=493
2026-08-19 09:31:40,760 INFO [scl_moco] micro=4000 opt_step=499 ep=0.80 | CE 0.1593  contrast 8.2283  total 1.8050 | cand 4100  pos 2050.4  neg 2049.6  skipped 0 | view_gap 1.0625 | queue valid=4096 ptr=3712 {0: 2039, 1: 2057} | ema=499
2026-08-19 09:31:40,939 INFO [trainer] step 500/1250 loss=1.8011 grad_norm=1.06907 learning_rate=6.4e-05 epoch=0.8
2026-08-19 09:32:16,858 INFO [scl_moco] micro=4050 opt_step=506 ep=0.81 | CE 0.1712  contrast 8.2303  total 1.8172 | cand 4100  pos 2050.4  neg 2049.6  skipped 0 | view_gap 1.1325 | queue valid=4096 ptr=3912 {0: 2025, 1: 2071} | ema=506
2026-08-19 09:32:53,008 INFO [scl_moco] micro=4100 opt_step=512 ep=0.82 | CE 0.1871  contrast 8.2389  total 1.8349 | cand 4100  pos 2049.4  neg 2050.6  skipped 0 | view_gap 1.0292 | queue valid=4096 ptr=16 {0: 2028, 1: 2068} | ema=512
2026-08-19 09:33:23,871 INFO [scl_moco] micro=4150 opt_step=518 ep=0.83 | CE 0.1204  contrast 8.2281  total 1.7660 | cand 4100  pos 2051.3  neg 2048.7  skipped 0 | view_gap 1.1920 | queue valid=4096 ptr=216 {0: 2033, 1: 2063} | ema=518
2026-08-19 09:33:46,101 INFO [scl_moco] micro=4200 opt_step=524 ep=0.84 | CE 0.1518  contrast 8.2358  total 1.7990 | cand 4100  pos 2049.6  neg 2050.4  skipped 0 | view_gap 1.1175 | queue valid=4096 ptr=416 {0: 2046, 1: 2050} | ema=524
2026-08-19 09:34:05,044 INFO [scl_moco] micro=4250 opt_step=531 ep=0.85 | CE 0.1338  contrast 8.2315  total 1.7801 | cand 4100  pos 2050.3  neg 2049.7  skipped 0 | view_gap 1.3753 | queue valid=4096 ptr=616 {0: 2056, 1: 2040} | ema=531
2026-08-19 09:34:22,834 INFO [scl_moco] micro=4300 opt_step=537 ep=0.86 | CE 0.0820  contrast 8.2236  total 1.7268 | cand 4100  pos 2049.6  neg 2050.4  skipped 0 | view_gap 1.0513 | queue valid=4096 ptr=816 {0: 2065, 1: 2031} | ema=537
2026-08-19 09:34:40,520 INFO [scl_moco] micro=4350 opt_step=543 ep=0.87 | CE 0.1245  contrast 8.2233  total 1.7692 | cand 4100  pos 2051.2  neg 2048.8  skipped 0 | view_gap 0.9276 | queue valid=4096 ptr=1016 {0: 2068, 1: 2028} | ema=543
2026-08-19 09:34:57,941 INFO [scl_moco] micro=4400 opt_step=549 ep=0.88 | CE 0.1788  contrast 8.2240  total 1.8236 | cand 4100  pos 2049.7  neg 2050.3  skipped 0 | view_gap 1.0741 | queue valid=4096 ptr=1216 {0: 2059, 1: 2037} | ema=549
2026-08-19 09:34:58,118 INFO [trainer] step 550/1250 loss=1.7896 grad_norm=1.39275 learning_rate=5.97447e-05 epoch=0.88
2026-08-19 09:35:34,027 INFO [scl_moco] micro=4450 opt_step=556 ep=0.89 | CE 0.1465  contrast 8.2300  total 1.7925 | cand 4100  pos 2050.5  neg 2049.5  skipped 0 | view_gap 1.1681 | queue valid=4096 ptr=1416 {0: 2053, 1: 2043} | ema=556
2026-08-19 09:36:10,167 INFO [scl_moco] micro=4500 opt_step=562 ep=0.90 | CE 0.1746  contrast 8.2342  total 1.8215 | cand 4100  pos 2049.9  neg 2050.1  skipped 0 | view_gap 1.0469 | queue valid=4096 ptr=1616 {0: 2026, 1: 2070} | ema=562
2026-08-19 09:36:40,171 INFO [scl_moco] micro=4550 opt_step=568 ep=0.91 | CE 0.1231  contrast 8.2282  total 1.7687 | cand 4100  pos 2050.9  neg 2049.1  skipped 0 | view_gap 0.9147 | queue valid=4096 ptr=1816 {0: 2017, 1: 2079} | ema=568
2026-08-19 09:37:02,318 INFO [scl_moco] micro=4600 opt_step=574 ep=0.92 | CE 0.1361  contrast 8.2296  total 1.7820 | cand 4100  pos 2050.4  neg 2049.6  skipped 0 | view_gap 1.1197 | queue valid=4096 ptr=2016 {0: 2018, 1: 2078} | ema=574
2026-08-19 09:37:21,155 INFO [scl_moco] micro=4650 opt_step=581 ep=0.93 | CE 0.1387  contrast 8.2284  total 1.7844 | cand 4100  pos 2049.6  neg 2050.4  skipped 0 | view_gap 1.1725 | queue valid=4096 ptr=2216 {0: 2036, 1: 2060} | ema=581
2026-08-19 09:37:38,826 INFO [scl_moco] micro=4700 opt_step=587 ep=0.94 | CE 0.0545  contrast 8.2134  total 1.6972 | cand 4100  pos 2049.8  neg 2050.2  skipped 0 | view_gap 1.1222 | queue valid=4096 ptr=2416 {0: 2053, 1: 2043} | ema=587
2026-08-19 09:37:56,443 INFO [scl_moco] micro=4750 opt_step=593 ep=0.95 | CE 0.1218  contrast 8.2225  total 1.7663 | cand 4100  pos 2050.1  neg 2049.9  skipped 0 | view_gap 1.2559 | queue valid=4096 ptr=2616 {0: 2041, 1: 2055} | ema=593
2026-08-19 09:38:14,242 INFO [scl_moco] micro=4800 opt_step=599 ep=0.96 | CE 0.2184  contrast 8.2269  total 1.8637 | cand 4100  pos 2050.3  neg 2049.7  skipped 0 | view_gap 0.9703 | queue valid=4096 ptr=2816 {0: 2038, 1: 2058} | ema=599
2026-08-19 09:38:14,419 INFO [trainer] step 600/1250 loss=1.7845 grad_norm=2.67977 learning_rate=5.54894e-05 epoch=0.96
2026-08-19 09:38:50,341 INFO [scl_moco] micro=4850 opt_step=606 ep=0.97 | CE 0.1491  contrast 8.2251  total 1.7941 | cand 4100  pos 2052.7  neg 2047.3  skipped 0 | view_gap 0.8466 | queue valid=4096 ptr=3016 {0: 2029, 1: 2067} | ema=606
2026-08-19 09:39:15,975 INFO [scl_moco] micro=4900 opt_step=612 ep=0.98 | CE 0.1630  contrast 8.2185  total 1.8068 | cand 4100  pos 2047.7  neg 2052.3  skipped 0 | view_gap 1.2931 | queue valid=4096 ptr=3216 {0: 2035, 1: 2061} | ema=612
2026-08-19 09:39:34,548 INFO [scl_moco] micro=4950 opt_step=618 ep=0.99 | CE 0.0921  contrast 8.2133  total 1.7347 | cand 4100  pos 2050.5  neg 2049.5  skipped 0 | view_gap 1.1919 | queue valid=4096 ptr=3416 {0: 2034, 1: 2062} | ema=618
2026-08-19 09:39:53,016 INFO [scl_moco] micro=5000 opt_step=624 ep=1.00 | CE 0.0854  contrast 8.2030  total 1.7261 | cand 4100  pos 2051.8  neg 2048.2  skipped 0 | view_gap 1.1131 | queue valid=4096 ptr=3616 {0: 2034, 1: 2062} | ema=624
2026-08-19 09:41:49,347 INFO [trainer] step 625/1250 eval_loss=0.14685 eval_accuracy=0.951 eval_macro_f1=0.950994 eval_macro_precision=0.951235 eval_macro_recall=0.951 eval_roc_auc=0.986098 eval_runtime=114.297 eval_samples_per_second=43.745 eval_steps_per_second=5.468 epoch=1
2026-08-19 09:42:25,235 INFO [scl_moco] micro=5050 opt_step=631 ep=1.01 | CE 0.1517  contrast 8.2106  total 1.7938 | cand 4100  pos 2050.7  neg 2049.3  skipped 0 | view_gap 1.1001 | queue valid=4096 ptr=3816 {0: 2037, 1: 2059} | ema=631
2026-08-19 09:43:01,477 INFO [scl_moco] micro=5100 opt_step=637 ep=1.02 | CE 0.1648  contrast 8.2191  total 1.8087 | cand 4100  pos 2053.0  neg 2047.0  skipped 0 | view_gap 1.0966 | queue valid=4096 ptr=4016 {0: 2019, 1: 2077} | ema=637
2026-08-19 09:43:32,295 INFO [scl_moco] micro=5150 opt_step=643 ep=1.03 | CE 0.0758  contrast 8.1992  total 1.7156 | cand 4100  pos 2048.7  neg 2051.3  skipped 0 | view_gap 1.3268 | queue valid=4096 ptr=120 {0: 2028, 1: 2068} | ema=643
2026-08-19 09:43:54,200 INFO [scl_moco] micro=5200 opt_step=649 ep=1.04 | CE 0.1350  contrast 8.2073  total 1.7765 | cand 4100  pos 2049.5  neg 2050.5  skipped 0 | view_gap 1.3186 | queue valid=4096 ptr=320 {0: 2030, 1: 2066} | ema=649
2026-08-19 09:43:54,414 INFO [trainer] step 650/1250 loss=1.7695 grad_norm=1.59596 learning_rate=5.1234e-05 epoch=1.04
2026-08-19 09:44:13,162 INFO [scl_moco] micro=5250 opt_step=656 ep=1.05 | CE 0.0910  contrast 8.2022  total 1.7314 | cand 4100  pos 2048.9  neg 2051.1  skipped 0 | view_gap 1.2284 | queue valid=4096 ptr=520 {0: 2036, 1: 2060} | ema=656
2026-08-19 09:44:31,884 INFO [scl_moco] micro=5300 opt_step=662 ep=1.06 | CE 0.1068  contrast 8.2093  total 1.7487 | cand 4100  pos 2049.3  neg 2050.7  skipped 0 | view_gap 1.2624 | queue valid=4096 ptr=720 {0: 2038, 1: 2058} | ema=662
2026-08-19 09:44:50,108 INFO [scl_moco] micro=5350 opt_step=668 ep=1.07 | CE 0.1024  contrast 8.2039  total 1.7431 | cand 4100  pos 2050.2  neg 2049.8  skipped 0 | view_gap 1.3259 | queue valid=4096 ptr=920 {0: 2038, 1: 2058} | ema=668
2026-08-19 09:45:08,394 INFO [scl_moco] micro=5400 opt_step=674 ep=1.08 | CE 0.1153  contrast 8.2030  total 1.7559 | cand 4100  pos 2051.2  neg 2048.8  skipped 0 | view_gap 1.0103 | queue valid=4096 ptr=1120 {0: 2030, 1: 2066} | ema=674
2026-08-19 09:45:44,554 INFO [scl_moco] micro=5450 opt_step=681 ep=1.09 | CE 0.1506  contrast 8.2118  total 1.7929 | cand 4100  pos 2050.8  neg 2049.2  skipped 0 | view_gap 1.2144 | queue valid=4096 ptr=1320 {0: 2033, 1: 2063} | ema=681
2026-08-19 09:46:20,779 INFO [scl_moco] micro=5500 opt_step=687 ep=1.10 | CE 0.1913  contrast 8.2155  total 1.8344 | cand 4100  pos 2050.0  neg 2050.0  skipped 0 | view_gap 1.2939 | queue valid=4096 ptr=1520 {0: 2040, 1: 2056} | ema=687
2026-08-19 09:46:50,551 INFO [scl_moco] micro=5550 opt_step=693 ep=1.11 | CE 0.0702  contrast 8.2010  total 1.7104 | cand 4100  pos 2049.7  neg 2050.3  skipped 0 | view_gap 1.2185 | queue valid=4096 ptr=1720 {0: 2036, 1: 2060} | ema=693
2026-08-19 09:47:13,077 INFO [scl_moco] micro=5600 opt_step=699 ep=1.12 | CE 0.2205  contrast 8.2237  total 1.8652 | cand 4100  pos 2050.0  neg 2050.0  skipped 0 | view_gap 1.3926 | queue valid=4096 ptr=1920 {0: 2055, 1: 2041} | ema=699
2026-08-19 09:47:13,294 INFO [trainer] step 700/1250 loss=1.7728 grad_norm=3.39922 learning_rate=4.69787e-05 epoch=1.12
2026-08-19 09:47:32,079 INFO [scl_moco] micro=5650 opt_step=706 ep=1.13 | CE 0.1553  contrast 8.2149  total 1.7982 | cand 4100  pos 2051.8  neg 2048.2  skipped 0 | view_gap 1.2745 | queue valid=4096 ptr=2120 {0: 2069, 1: 2027} | ema=706
2026-08-19 09:47:50,106 INFO [scl_moco] micro=5700 opt_step=712 ep=1.14 | CE 0.0326  contrast 8.2020  total 1.6730 | cand 4100  pos 2052.8  neg 2047.2  skipped 0 | view_gap 1.1187 | queue valid=4096 ptr=2320 {0: 2074, 1: 2022} | ema=712
2026-08-19 09:48:07,897 INFO [scl_moco] micro=5750 opt_step=718 ep=1.15 | CE 0.0935  contrast 8.2097  total 1.7354 | cand 4100  pos 2053.1  neg 2046.9  skipped 0 | view_gap 1.3280 | queue valid=4096 ptr=2520 {0: 2083, 1: 2013} | ema=718
2026-08-19 09:48:25,426 INFO [scl_moco] micro=5800 opt_step=724 ep=1.16 | CE 0.1054  contrast 8.2030  total 1.7460 | cand 4100  pos 2047.5  neg 2052.5  skipped 0 | view_gap 1.1480 | queue valid=4096 ptr=2720 {0: 2073, 1: 2023} | ema=724
2026-08-19 09:49:01,424 INFO [scl_moco] micro=5850 opt_step=731 ep=1.17 | CE 0.1568  contrast 8.2095  total 1.7987 | cand 4100  pos 2046.7  neg 2053.3  skipped 0 | view_gap 1.1909 | queue valid=4096 ptr=2920 {0: 2082, 1: 2014} | ema=731
2026-08-19 09:49:37,797 INFO [scl_moco] micro=5900 opt_step=737 ep=1.18 | CE 0.1656  contrast 8.2071  total 1.8070 | cand 4100  pos 2046.6  neg 2053.4  skipped 0 | view_gap 1.2964 | queue valid=4096 ptr=3120 {0: 2066, 1: 2030} | ema=737
2026-08-19 09:50:08,001 INFO [scl_moco] micro=5950 opt_step=743 ep=1.19 | CE 0.1317  contrast 8.2003  total 1.7718 | cand 4100  pos 2051.4  neg 2048.6  skipped 0 | view_gap 1.2777 | queue valid=4096 ptr=3320 {0: 2068, 1: 2028} | ema=743
2026-08-19 09:50:30,672 INFO [scl_moco] micro=6000 opt_step=749 ep=1.20 | CE 0.1634  contrast 8.2146  total 1.8063 | cand 4100  pos 2056.2  neg 2043.8  skipped 0 | view_gap 1.1826 | queue valid=4096 ptr=3520 {0: 2088, 1: 2008} | ema=749
2026-08-19 09:50:30,881 INFO [trainer] step 750/1250 loss=1.7671 grad_norm=1.92954 learning_rate=4.27234e-05 epoch=1.2
2026-08-19 09:50:49,564 INFO [scl_moco] micro=6050 opt_step=756 ep=1.21 | CE 0.1082  contrast 8.2098  total 1.7502 | cand 4100  pos 2051.3  neg 2048.7  skipped 0 | view_gap 1.3545 | queue valid=4096 ptr=3720 {0: 2105, 1: 1991} | ema=756
2026-08-19 09:51:07,822 INFO [scl_moco] micro=6100 opt_step=762 ep=1.22 | CE 0.1574  contrast 8.2108  total 1.7995 | cand 4100  pos 2054.5  neg 2045.5  skipped 0 | view_gap 1.1228 | queue valid=4096 ptr=3920 {0: 2109, 1: 1987} | ema=762
2026-08-19 09:51:25,791 INFO [scl_moco] micro=6150 opt_step=768 ep=1.23 | CE 0.1139  contrast 8.1970  total 1.7533 | cand 4100  pos 2056.7  neg 2043.3  skipped 0 | view_gap 1.1131 | queue valid=4096 ptr=24 {0: 2126, 1: 1970} | ema=768
2026-08-19 09:51:43,233 INFO [scl_moco] micro=6200 opt_step=774 ep=1.24 | CE 0.1470  contrast 8.1984  total 1.7867 | cand 4100  pos 2040.2  neg 2059.8  skipped 0 | view_gap 1.0285 | queue valid=4096 ptr=224 {0: 2108, 1: 1988} | ema=774
2026-08-19 09:52:19,153 INFO [scl_moco] micro=6250 opt_step=781 ep=1.25 | CE 0.1330  contrast 8.2049  total 1.7740 | cand 4100  pos 2055.7  neg 2044.3  skipped 0 | view_gap 1.1934 | queue valid=4096 ptr=424 {0: 2108, 1: 1988} | ema=781
2026-08-19 09:52:55,385 INFO [scl_moco] micro=6300 opt_step=787 ep=1.26 | CE 0.1076  contrast 8.1942  total 1.7464 | cand 4100  pos 2043.1  neg 2056.9  skipped 0 | view_gap 1.1623 | queue valid=4096 ptr=624 {0: 2084, 1: 2012} | ema=787
2026-08-19 09:53:23,719 INFO [scl_moco] micro=6350 opt_step=793 ep=1.27 | CE 0.0978  contrast 8.1939  total 1.7366 | cand 4100  pos 2049.9  neg 2050.1  skipped 0 | view_gap 1.1695 | queue valid=4096 ptr=824 {0: 2084, 1: 2012} | ema=793
2026-08-19 09:53:45,035 INFO [scl_moco] micro=6400 opt_step=799 ep=1.28 | CE 0.1261  contrast 8.1961  total 1.7653 | cand 4100  pos 2054.0  neg 2046.0  skipped 0 | view_gap 1.2320 | queue valid=4096 ptr=1024 {0: 2095, 1: 2001} | ema=799
2026-08-19 09:53:45,240 INFO [trainer] step 800/1250 loss=1.764 grad_norm=1.60404 learning_rate=3.84681e-05 epoch=1.28
2026-08-19 09:54:03,610 INFO [scl_moco] micro=6450 opt_step=806 ep=1.29 | CE 0.0951  contrast 8.1901  total 1.7331 | cand 4100  pos 2049.0  neg 2051.0  skipped 0 | view_gap 1.1812 | queue valid=4096 ptr=1224 {0: 2098, 1: 1998} | ema=806
2026-08-19 09:54:21,243 INFO [scl_moco] micro=6500 opt_step=812 ep=1.30 | CE 0.0576  contrast 8.1846  total 1.6945 | cand 4100  pos 2054.6  neg 2045.4  skipped 0 | view_gap 1.2416 | queue valid=4096 ptr=1424 {0: 2106, 1: 1990} | ema=812
2026-08-19 09:54:38,654 INFO [scl_moco] micro=6550 opt_step=818 ep=1.31 | CE 0.1294  contrast 8.1881  total 1.7670 | cand 4100  pos 2049.6  neg 2050.4  skipped 0 | view_gap 1.2334 | queue valid=4096 ptr=1624 {0: 2105, 1: 1991} | ema=818
2026-08-19 09:54:56,259 INFO [scl_moco] micro=6600 opt_step=824 ep=1.32 | CE 0.1669  contrast 8.1895  total 1.8048 | cand 4100  pos 2045.2  neg 2054.8  skipped 0 | view_gap 1.1819 | queue valid=4096 ptr=1824 {0: 2084, 1: 2012} | ema=824
2026-08-19 09:55:32,196 INFO [scl_moco] micro=6650 opt_step=831 ep=1.33 | CE 0.1342  contrast 8.1923  total 1.7727 | cand 4100  pos 2052.3  neg 2047.7  skipped 0 | view_gap 1.0062 | queue valid=4096 ptr=2024 {0: 2079, 1: 2017} | ema=831
2026-08-19 09:56:08,332 INFO [scl_moco] micro=6700 opt_step=837 ep=1.34 | CE 0.1144  contrast 8.1863  total 1.7517 | cand 4100  pos 2048.4  neg 2051.6  skipped 0 | view_gap 1.2342 | queue valid=4096 ptr=2224 {0: 2052, 1: 2044} | ema=837
2026-08-19 09:56:38,558 INFO [scl_moco] micro=6750 opt_step=843 ep=1.35 | CE 0.0487  contrast 8.1811  total 1.6850 | cand 4100  pos 2050.2  neg 2049.8  skipped 0 | view_gap 1.2280 | queue valid=4096 ptr=2424 {0: 2047, 1: 2049} | ema=843
2026-08-19 09:57:00,296 INFO [scl_moco] micro=6800 opt_step=849 ep=1.36 | CE 0.1690  contrast 8.1985  total 1.8087 | cand 4100  pos 2050.4  neg 2049.6  skipped 0 | view_gap 1.1102 | queue valid=4096 ptr=2624 {0: 2039, 1: 2057} | ema=849
2026-08-19 09:57:00,493 INFO [trainer] step 850/1250 loss=1.7522 grad_norm=1.71416 learning_rate=3.42128e-05 epoch=1.36
2026-08-19 09:57:18,755 INFO [scl_moco] micro=6850 opt_step=856 ep=1.37 | CE 0.0885  contrast 8.1835  total 1.7252 | cand 4100  pos 2050.3  neg 2049.7  skipped 0 | view_gap 1.3154 | queue valid=4096 ptr=2824 {0: 2047, 1: 2049} | ema=856
2026-08-19 09:57:36,537 INFO [scl_moco] micro=6900 opt_step=862 ep=1.38 | CE 0.0555  contrast 8.1805  total 1.6916 | cand 4100  pos 2051.7  neg 2048.3  skipped 0 | view_gap 1.3261 | queue valid=4096 ptr=3024 {0: 2075, 1: 2021} | ema=862
2026-08-19 09:57:53,903 INFO [scl_moco] micro=6950 opt_step=868 ep=1.39 | CE 0.1079  contrast 8.1821  total 1.7443 | cand 4100  pos 2048.6  neg 2051.4  skipped 0 | view_gap 1.1167 | queue valid=4096 ptr=3224 {0: 2065, 1: 2031} | ema=868
2026-08-19 09:58:11,298 INFO [scl_moco] micro=7000 opt_step=874 ep=1.40 | CE 0.1527  contrast 8.1833  total 1.7894 | cand 4100  pos 2049.1  neg 2050.9  skipped 0 | view_gap 1.2675 | queue valid=4096 ptr=3424 {0: 2043, 1: 2053} | ema=874
2026-08-19 09:58:47,304 INFO [scl_moco] micro=7050 opt_step=881 ep=1.41 | CE 0.1134  contrast 8.1919  total 1.7518 | cand 4100  pos 2050.0  neg 2050.0  skipped 0 | view_gap 1.2889 | queue valid=4096 ptr=3624 {0: 2043, 1: 2053} | ema=881
2026-08-19 09:59:23,380 INFO [scl_moco] micro=7100 opt_step=887 ep=1.42 | CE 0.0837  contrast 8.1880  total 1.7213 | cand 4100  pos 2050.6  neg 2049.4  skipped 0 | view_gap 1.2782 | queue valid=4096 ptr=3824 {0: 2028, 1: 2068} | ema=887
2026-08-19 09:59:54,341 INFO [scl_moco] micro=7150 opt_step=893 ep=1.43 | CE 0.0800  contrast 8.1946  total 1.7189 | cand 4100  pos 2049.7  neg 2050.3  skipped 0 | view_gap 1.1042 | queue valid=4096 ptr=4024 {0: 2034, 1: 2062} | ema=893
2026-08-19 10:00:16,912 INFO [scl_moco] micro=7200 opt_step=899 ep=1.44 | CE 0.1398  contrast 8.2049  total 1.7807 | cand 4100  pos 2048.9  neg 2051.1  skipped 0 | view_gap 1.2486 | queue valid=4096 ptr=128 {0: 2036, 1: 2060} | ema=899
2026-08-19 10:00:17,126 INFO [trainer] step 900/1250 loss=1.7404 grad_norm=0.627232 learning_rate=2.99574e-05 epoch=1.44
2026-08-19 10:00:35,700 INFO [scl_moco] micro=7250 opt_step=906 ep=1.45 | CE 0.1742  contrast 8.1975  total 1.8137 | cand 4100  pos 2050.5  neg 2049.5  skipped 0 | view_gap 1.2787 | queue valid=4096 ptr=328 {0: 2051, 1: 2045} | ema=906
2026-08-19 10:00:53,303 INFO [scl_moco] micro=7300 opt_step=912 ep=1.46 | CE 0.1190  contrast 8.1962  total 1.7582 | cand 4100  pos 2051.2  neg 2048.8  skipped 0 | view_gap 1.2784 | queue valid=4096 ptr=528 {0: 2059, 1: 2037} | ema=912
2026-08-19 10:01:10,687 INFO [scl_moco] micro=7350 opt_step=918 ep=1.47 | CE 0.0735  contrast 8.1930  total 1.7121 | cand 4100  pos 2051.4  neg 2048.6  skipped 0 | view_gap 1.2232 | queue valid=4096 ptr=728 {0: 2073, 1: 2023} | ema=918
2026-08-19 10:01:28,154 INFO [scl_moco] micro=7400 opt_step=924 ep=1.48 | CE 0.1214  contrast 8.1926  total 1.7599 | cand 4100  pos 2049.8  neg 2050.2  skipped 0 | view_gap 1.1936 | queue valid=4096 ptr=928 {0: 2065, 1: 2031} | ema=924
2026-08-19 10:02:04,157 INFO [scl_moco] micro=7450 opt_step=931 ep=1.49 | CE 0.2168  contrast 8.2086  total 1.8586 | cand 4100  pos 2051.4  neg 2048.6  skipped 0 | view_gap 1.1957 | queue valid=4096 ptr=1128 {0: 2074, 1: 2022} | ema=931
2026-08-19 10:02:40,290 INFO [scl_moco] micro=7500 opt_step=937 ep=1.50 | CE 0.1009  contrast 8.1981  total 1.7405 | cand 4100  pos 2049.8  neg 2050.2  skipped 0 | view_gap 1.1106 | queue valid=4096 ptr=1328 {0: 2068, 1: 2028} | ema=937
2026-08-19 10:03:10,061 INFO [scl_moco] micro=7550 opt_step=943 ep=1.51 | CE 0.0792  contrast 8.1936  total 1.7179 | cand 4100  pos 2049.8  neg 2050.2  skipped 0 | view_gap 1.1861 | queue valid=4096 ptr=1528 {0: 2062, 1: 2034} | ema=943
2026-08-19 10:03:32,375 INFO [scl_moco] micro=7600 opt_step=949 ep=1.52 | CE 0.1240  contrast 8.1972  total 1.7634 | cand 4100  pos 2049.6  neg 2050.4  skipped 0 | view_gap 1.0956 | queue valid=4096 ptr=1728 {0: 2066, 1: 2030} | ema=949
2026-08-19 10:03:32,588 INFO [trainer] step 950/1250 loss=1.7655 grad_norm=2.46761 learning_rate=2.57021e-05 epoch=1.52
2026-08-19 10:03:50,774 INFO [scl_moco] micro=7650 opt_step=956 ep=1.53 | CE 0.1388  contrast 8.2043  total 1.7797 | cand 4100  pos 2052.0  neg 2048.0  skipped 0 | view_gap 1.2149 | queue valid=4096 ptr=1928 {0: 2072, 1: 2024} | ema=956
2026-08-19 10:04:08,018 INFO [scl_moco] micro=7700 opt_step=962 ep=1.54 | CE 0.0773  contrast 8.1895  total 1.7152 | cand 4100  pos 2050.4  neg 2049.6  skipped 0 | view_gap 1.3351 | queue valid=4096 ptr=2128 {0: 2079, 1: 2017} | ema=962
2026-08-19 10:04:25,296 INFO [scl_moco] micro=7750 opt_step=968 ep=1.55 | CE 0.1637  contrast 8.1966  total 1.8030 | cand 4100  pos 2046.8  neg 2053.2  skipped 0 | view_gap 1.1128 | queue valid=4096 ptr=2328 {0: 2076, 1: 2020} | ema=968
2026-08-19 10:04:42,474 INFO [scl_moco] micro=7800 opt_step=974 ep=1.56 | CE 0.1311  contrast 8.1955  total 1.7702 | cand 4100  pos 2048.6  neg 2051.4  skipped 0 | view_gap 1.1247 | queue valid=4096 ptr=2528 {0: 2054, 1: 2042} | ema=974
2026-08-19 10:05:18,367 INFO [scl_moco] micro=7850 opt_step=981 ep=1.57 | CE 0.1020  contrast 8.1914  total 1.7402 | cand 4100  pos 2050.5  neg 2049.5  skipped 0 | view_gap 1.1664 | queue valid=4096 ptr=2728 {0: 2064, 1: 2032} | ema=981
2026-08-19 10:05:54,551 INFO [scl_moco] micro=7900 opt_step=987 ep=1.58 | CE 0.1426  contrast 8.2035  total 1.7833 | cand 4100  pos 2050.6  neg 2049.4  skipped 0 | view_gap 1.1984 | queue valid=4096 ptr=2928 {0: 2057, 1: 2039} | ema=987
2026-08-19 10:06:23,362 INFO [scl_moco] micro=7950 opt_step=993 ep=1.59 | CE 0.1531  contrast 8.2071  total 1.7945 | cand 4100  pos 2050.7  neg 2049.3  skipped 0 | view_gap 1.2667 | queue valid=4096 ptr=3128 {0: 2056, 1: 2040} | ema=993
2026-08-19 10:06:45,394 INFO [scl_moco] micro=8000 opt_step=999 ep=1.60 | CE 0.1319  contrast 8.1948  total 1.7709 | cand 4100  pos 2050.1  neg 2049.9  skipped 0 | view_gap 1.0401 | queue valid=4096 ptr=3328 {0: 2064, 1: 2032} | ema=999
2026-08-19 10:06:45,609 INFO [trainer] step 1000/1250 loss=1.7696 grad_norm=0.969495 learning_rate=2.14468e-05 epoch=1.6
2026-08-19 10:07:04,189 INFO [scl_moco] micro=8050 opt_step=1006 ep=1.61 | CE 0.1487  contrast 8.2035  total 1.7894 | cand 4100  pos 2054.1  neg 2045.9  skipped 0 | view_gap 1.0556 | queue valid=4096 ptr=3528 {0: 2083, 1: 2013} | ema=1006
2026-08-19 10:07:21,677 INFO [scl_moco] micro=8100 opt_step=1012 ep=1.62 | CE 0.0554  contrast 8.1894  total 1.6933 | cand 4100  pos 2049.5  neg 2050.5  skipped 0 | view_gap 1.1042 | queue valid=4096 ptr=3728 {0: 2082, 1: 2014} | ema=1012
2026-08-19 10:07:39,015 INFO [scl_moco] micro=8150 opt_step=1018 ep=1.63 | CE 0.0742  contrast 8.1855  total 1.7113 | cand 4100  pos 2047.0  neg 2053.0  skipped 0 | view_gap 1.2167 | queue valid=4096 ptr=3928 {0: 2064, 1: 2032} | ema=1018
2026-08-19 10:07:56,798 INFO [scl_moco] micro=8200 opt_step=1024 ep=1.64 | CE 0.0894  contrast 8.1853  total 1.7264 | cand 4100  pos 2049.7  neg 2050.3  skipped 0 | view_gap 1.1715 | queue valid=4096 ptr=32 {0: 2042, 1: 2054} | ema=1024
2026-08-19 10:08:32,741 INFO [scl_moco] micro=8250 opt_step=1031 ep=1.65 | CE 0.1214  contrast 8.1962  total 1.7607 | cand 4100  pos 2049.8  neg 2050.2  skipped 0 | view_gap 1.1014 | queue valid=4096 ptr=232 {0: 2046, 1: 2050} | ema=1031
2026-08-19 10:09:08,886 INFO [scl_moco] micro=8300 opt_step=1037 ep=1.66 | CE 0.1331  contrast 8.1991  total 1.7729 | cand 4100  pos 2049.9  neg 2050.1  skipped 0 | view_gap 1.0606 | queue valid=4096 ptr=432 {0: 2023, 1: 2073} | ema=1037
2026-08-19 10:09:39,054 INFO [scl_moco] micro=8350 opt_step=1043 ep=1.67 | CE 0.0811  contrast 8.1902  total 1.7192 | cand 4100  pos 2048.8  neg 2051.2  skipped 0 | view_gap 1.1776 | queue valid=4096 ptr=632 {0: 2035, 1: 2061} | ema=1043
2026-08-19 10:10:00,970 INFO [scl_moco] micro=8400 opt_step=1049 ep=1.68 | CE 0.1061  contrast 8.1985  total 1.7458 | cand 4100  pos 2048.2  neg 2051.8  skipped 0 | view_gap 1.1343 | queue valid=4096 ptr=832 {0: 2036, 1: 2060} | ema=1049
2026-08-19 10:10:01,170 INFO [trainer] step 1050/1250 loss=1.7399 grad_norm=0.591404 learning_rate=1.71915e-05 epoch=1.68
2026-08-19 10:10:19,696 INFO [scl_moco] micro=8450 opt_step=1056 ep=1.69 | CE 0.0764  contrast 8.1939  total 1.7152 | cand 4100  pos 2050.0  neg 2050.0  skipped 0 | view_gap 1.2783 | queue valid=4096 ptr=1032 {0: 2040, 1: 2056} | ema=1056
2026-08-19 10:10:37,279 INFO [scl_moco] micro=8500 opt_step=1062 ep=1.70 | CE 0.1906  contrast 8.2056  total 1.8318 | cand 4100  pos 2050.0  neg 2050.0  skipped 0 | view_gap 1.1374 | queue valid=4096 ptr=1232 {0: 2046, 1: 2050} | ema=1062
2026-08-19 10:10:54,750 INFO [scl_moco] micro=8550 opt_step=1068 ep=1.71 | CE 0.0820  contrast 8.1893  total 1.7198 | cand 4100  pos 2050.4  neg 2049.6  skipped 0 | view_gap 1.1244 | queue valid=4096 ptr=1432 {0: 2056, 1: 2040} | ema=1068
2026-08-19 10:11:12,653 INFO [scl_moco] micro=8600 opt_step=1074 ep=1.72 | CE 0.1200  contrast 8.1938  total 1.7587 | cand 4100  pos 2050.3  neg 2049.7  skipped 0 | view_gap 1.1207 | queue valid=4096 ptr=1632 {0: 2043, 1: 2053} | ema=1074
2026-08-19 10:11:48,640 INFO [scl_moco] micro=8650 opt_step=1081 ep=1.73 | CE 0.2307  contrast 8.2131  total 1.8733 | cand 4100  pos 2049.9  neg 2050.1  skipped 0 | view_gap 1.1261 | queue valid=4096 ptr=1832 {0: 2042, 1: 2054} | ema=1081
2026-08-19 10:12:24,922 INFO [scl_moco] micro=8700 opt_step=1087 ep=1.74 | CE 0.0844  contrast 8.1927  total 1.7229 | cand 4100  pos 2049.9  neg 2050.1  skipped 0 | view_gap 0.9878 | queue valid=4096 ptr=2032 {0: 2047, 1: 2049} | ema=1087
2026-08-19 10:12:54,956 INFO [scl_moco] micro=8750 opt_step=1093 ep=1.75 | CE 0.1019  contrast 8.1980  total 1.7415 | cand 4100  pos 2050.2  neg 2049.8  skipped 0 | view_gap 1.1570 | queue valid=4096 ptr=2232 {0: 2052, 1: 2044} | ema=1093
2026-08-19 10:13:17,248 INFO [scl_moco] micro=8800 opt_step=1099 ep=1.76 | CE 0.0662  contrast 8.1851  total 1.7032 | cand 4100  pos 2050.5  neg 2049.5  skipped 0 | view_gap 1.1130 | queue valid=4096 ptr=2432 {0: 2049, 1: 2047} | ema=1099
2026-08-19 10:13:17,459 INFO [trainer] step 1100/1250 loss=1.7583 grad_norm=1.80245 learning_rate=1.29362e-05 epoch=1.76
2026-08-19 10:13:36,368 INFO [scl_moco] micro=8850 opt_step=1106 ep=1.77 | CE 0.1625  contrast 8.1976  total 1.8020 | cand 4100  pos 2051.5  neg 2048.5  skipped 0 | view_gap 1.2815 | queue valid=4096 ptr=2632 {0: 2068, 1: 2028} | ema=1106
2026-08-19 10:13:55,052 INFO [scl_moco] micro=8900 opt_step=1112 ep=1.78 | CE 0.0768  contrast 8.1863  total 1.7141 | cand 4100  pos 2050.1  neg 2049.9  skipped 0 | view_gap 1.0295 | queue valid=4096 ptr=2832 {0: 2070, 1: 2026} | ema=1112
2026-08-19 10:14:12,536 INFO [scl_moco] micro=8950 opt_step=1118 ep=1.79 | CE 0.1308  contrast 8.2009  total 1.7709 | cand 4100  pos 2051.2  neg 2048.8  skipped 0 | view_gap 1.3543 | queue valid=4096 ptr=3032 {0: 2059, 1: 2037} | ema=1118
2026-08-19 10:14:29,998 INFO [scl_moco] micro=9000 opt_step=1124 ep=1.80 | CE 0.0969  contrast 8.1891  total 1.7348 | cand 4100  pos 2049.5  neg 2050.5  skipped 0 | view_gap 1.2071 | queue valid=4096 ptr=3232 {0: 2063, 1: 2033} | ema=1124
2026-08-19 10:15:06,018 INFO [scl_moco] micro=9050 opt_step=1131 ep=1.81 | CE 0.1593  contrast 8.2036  total 1.8000 | cand 4100  pos 2050.0  neg 2050.0  skipped 0 | view_gap 0.8502 | queue valid=4096 ptr=3432 {0: 2052, 1: 2044} | ema=1131
2026-08-19 10:15:42,122 INFO [scl_moco] micro=9100 opt_step=1137 ep=1.82 | CE 0.1150  contrast 8.1955  total 1.7541 | cand 4100  pos 2051.3  neg 2048.7  skipped 0 | view_gap 1.0756 | queue valid=4096 ptr=3632 {0: 2033, 1: 2063} | ema=1137
2026-08-19 10:16:13,081 INFO [scl_moco] micro=9150 opt_step=1143 ep=1.83 | CE 0.1124  contrast 8.1856  total 1.7495 | cand 4100  pos 2049.9  neg 2050.1  skipped 0 | view_gap 0.9983 | queue valid=4096 ptr=3832 {0: 2044, 1: 2052} | ema=1143
2026-08-19 10:16:35,877 INFO [scl_moco] micro=9200 opt_step=1149 ep=1.84 | CE 0.1084  contrast 8.1907  total 1.7465 | cand 4100  pos 2050.3  neg 2049.7  skipped 0 | view_gap 1.3142 | queue valid=4096 ptr=4032 {0: 2051, 1: 2045} | ema=1149
2026-08-19 10:16:36,096 INFO [trainer] step 1150/1250 loss=1.759 grad_norm=0.958525 learning_rate=8.68085e-06 epoch=1.84
2026-08-19 10:16:55,091 INFO [scl_moco] micro=9250 opt_step=1156 ep=1.85 | CE 0.0919  contrast 8.1812  total 1.7282 | cand 4100  pos 2049.5  neg 2050.5  skipped 0 | view_gap 1.1433 | queue valid=4096 ptr=136 {0: 2063, 1: 2033} | ema=1156
2026-08-19 10:17:13,602 INFO [scl_moco] micro=9300 opt_step=1162 ep=1.86 | CE 0.1250  contrast 8.1848  total 1.7619 | cand 4100  pos 2051.8  neg 2048.2  skipped 0 | view_gap 1.2233 | queue valid=4096 ptr=336 {0: 2070, 1: 2026} | ema=1162
2026-08-19 10:17:32,144 INFO [scl_moco] micro=9350 opt_step=1168 ep=1.87 | CE 0.1110  contrast 8.1751  total 1.7460 | cand 4100  pos 2048.3  neg 2051.7  skipped 0 | view_gap 1.0233 | queue valid=4096 ptr=536 {0: 2054, 1: 2042} | ema=1168
2026-08-19 10:17:49,669 INFO [scl_moco] micro=9400 opt_step=1174 ep=1.88 | CE 0.0736  contrast 8.1720  total 1.7080 | cand 4100  pos 2051.0  neg 2049.0  skipped 0 | view_gap 1.1827 | queue valid=4096 ptr=736 {0: 2029, 1: 2067} | ema=1174
2026-08-19 10:18:25,609 INFO [scl_moco] micro=9450 opt_step=1181 ep=1.89 | CE 0.1160  contrast 8.1849  total 1.7530 | cand 4100  pos 2051.4  neg 2048.6  skipped 0 | view_gap 1.1307 | queue valid=4096 ptr=936 {0: 2016, 1: 2080} | ema=1181
2026-08-19 10:19:01,932 INFO [scl_moco] micro=9500 opt_step=1187 ep=1.90 | CE 0.1013  contrast 8.1796  total 1.7372 | cand 4100  pos 2051.1  neg 2048.9  skipped 0 | view_gap 1.0495 | queue valid=4096 ptr=1136 {0: 2006, 1: 2090} | ema=1187
2026-08-19 10:19:31,830 INFO [scl_moco] micro=9550 opt_step=1193 ep=1.91 | CE 0.1645  contrast 8.1907  total 1.8027 | cand 4100  pos 2052.0  neg 2048.0  skipped 0 | view_gap 0.9146 | queue valid=4096 ptr=1336 {0: 1999, 1: 2097} | ema=1193
2026-08-19 10:19:54,145 INFO [scl_moco] micro=9600 opt_step=1199 ep=1.92 | CE 0.1156  contrast 8.1838  total 1.7524 | cand 4100  pos 2048.0  neg 2052.0  skipped 0 | view_gap 1.0862 | queue valid=4096 ptr=1536 {0: 1999, 1: 2097} | ema=1199
2026-08-19 10:19:54,353 INFO [trainer] step 1200/1250 loss=1.7487 grad_norm=0.739237 learning_rate=4.42553e-06 epoch=1.92
2026-08-19 10:20:13,194 INFO [scl_moco] micro=9650 opt_step=1206 ep=1.93 | CE 0.1130  contrast 8.1837  total 1.7498 | cand 4100  pos 2047.4  neg 2052.6  skipped 0 | view_gap 0.8911 | queue valid=4096 ptr=1736 {0: 2022, 1: 2074} | ema=1206
2026-08-19 10:20:30,879 INFO [scl_moco] micro=9700 opt_step=1212 ep=1.94 | CE 0.0967  contrast 8.1721  total 1.7311 | cand 4100  pos 2051.5  neg 2048.5  skipped 0 | view_gap 1.1590 | queue valid=4096 ptr=1936 {0: 2011, 1: 2085} | ema=1212
2026-08-19 10:20:48,752 INFO [scl_moco] micro=9750 opt_step=1218 ep=1.95 | CE 0.0933  contrast 8.1750  total 1.7283 | cand 4100  pos 2054.9  neg 2045.1  skipped 0 | view_gap 1.1280 | queue valid=4096 ptr=2136 {0: 1999, 1: 2097} | ema=1218
2026-08-19 10:21:06,927 INFO [scl_moco] micro=9800 opt_step=1224 ep=1.96 | CE 0.1340  contrast 8.1724  total 1.7685 | cand 4100  pos 2060.8  neg 2039.2  skipped 0 | view_gap 0.8325 | queue valid=4096 ptr=2336 {0: 1990, 1: 2106} | ema=1224
2026-08-19 10:21:42,927 INFO [scl_moco] micro=9850 opt_step=1231 ep=1.97 | CE 0.1942  contrast 8.1931  total 1.8328 | cand 4100  pos 2055.4  neg 2044.5  skipped 0 | view_gap 1.0971 | queue valid=4096 ptr=2536 {0: 1978, 1: 2118} | ema=1231
2026-08-19 10:22:09,742 INFO [scl_moco] micro=9900 opt_step=1237 ep=1.98 | CE 0.1224  contrast 8.1800  total 1.7584 | cand 4100  pos 2047.9  neg 2052.1  skipped 0 | view_gap 1.1531 | queue valid=4096 ptr=2736 {0: 1972, 1: 2124} | ema=1237
2026-08-19 10:22:28,237 INFO [scl_moco] micro=9950 opt_step=1243 ep=1.99 | CE 0.1156  contrast 8.1806  total 1.7517 | cand 4100  pos 2044.4  neg 2055.6  skipped 0 | view_gap 1.0837 | queue valid=4096 ptr=2936 {0: 1977, 1: 2119} | ema=1243
2026-08-19 10:22:46,214 INFO [scl_moco] micro=10000 opt_step=1249 ep=2.00 | CE 0.0973  contrast 8.1737  total 1.7320 | cand 4100  pos 2055.7  neg 2044.3  skipped 0 | view_gap 0.9851 | queue valid=4096 ptr=3136 {0: 1977, 1: 2119} | ema=1249
2026-08-19 10:22:46,395 INFO [trainer] step 1250/1250 loss=1.7566 grad_norm=1.12604 learning_rate=1.70213e-07 epoch=2
2026-08-19 10:24:42,634 INFO [trainer] step 1250/1250 eval_loss=0.137633 eval_accuracy=0.9556 eval_macro_f1=0.955599 eval_macro_precision=0.955624 eval_macro_recall=0.9556 eval_roc_auc=0.987318 eval_runtime=114.364 eval_samples_per_second=43.72 eval_steps_per_second=5.465 epoch=2
2026-08-19 10:24:42,634 INFO [trainer] step 1250/1250 train_runtime=5142.11 train_samples_per_second=7.779 train_steps_per_second=0.243 train_loss=1.81074 epoch=2
2026-08-19 10:24:42,635 INFO 训练结束：5149.7s，显存峰值 2.22 GB（reserved 2.30 GB）
2026-08-19 10:24:42,636 INFO EMA 调用 1250 次；入队 10000 次共 40000 条；队列有效长度 4096，指针 3136，标签分布 {0: 1977, 1: 2119}
2026-08-19 10:24:42,636 INFO [断言] EMA 次数 == optimizer step 数 == 1250（不是 micro-batch 数 10000）
2026-08-19 10:26:38,707 INFO [trainer] step 1250/1250 eval_loss=0.137638 eval_accuracy=0.9556 eval_macro_f1=0.955599 eval_macro_precision=0.955624 eval_macro_recall=0.9556 eval_roc_auc=0.987315 eval_runtime=114.207 eval_samples_per_second=43.78 eval_steps_per_second=5.473 epoch=2
2026-08-19 10:26:38,707 INFO 验证集：{'eval_loss': 0.13763761520385742, 'eval_accuracy': 0.9556, 'eval_macro_f1': 0.9555994245685424, 'eval_macro_precision': 0.9556236195284363, 'eval_macro_recall': 0.9556, 'eval_roc_auc': 0.98731464, 'eval_runtime': 114.2067, 'eval_samples_per_second': 43.78, 'eval_steps_per_second': 5.473, 'epoch': 2.0}
2026-08-19 10:41:28,703 INFO 已写出 /home/ubuntu/科研专用/LoRA/new work 4/result/deberta_lora_scl_moco_bs4_seed42_submission.csv（25000 行，正面概率）
2026-08-19 10:41:29,047 INFO id 与 testDataWithLabels.tsv 对不上，改按评论正文对齐
2026-08-19 10:41:32,485 INFO 正文对齐 24961 / 25000 条
2026-08-19 10:41:32,503 INFO 测试集（本地公开标签 24961 条）：{'accuracy': 0.9627, 'macro_f1': 0.9627, 'macro_precision': 0.9628, 'macro_recall': 0.9627, 'roc_auc': 0.9914, 'scored_rows': 24961}
2026-08-19 10:41:33,156 INFO 已保存 MoCo 状态到 /home/ubuntu/科研专用/LoRA/new work 4/checkpoint/deberta_lora_scl_moco_bs4_seed42/moco_state.pt
2026-08-19 10:41:33,159 INFO 已写出 /home/ubuntu/科研专用/LoRA/new work 4/result/deberta_lora_scl_moco_bs4_seed42_steps.csv（200 行对比统计）
2026-08-19 10:41:33,161 INFO 已写出 /home/ubuntu/科研专用/LoRA/new work 4/result/deberta_lora_scl_moco_bs4_seed42_summary.json
