2026-08-19 06:34:50,638 INFO 命令：run_experiment.py --method scl --batch_size 4 --seed 42
2026-08-19 06:34:50,640 INFO method=scl batch=4 × accum=8（effective 32）max_length=384 lr=0.0001 epochs=2 seed=42 λ=0.2 τ=0.3 queue=4096 m=0.999
2026-08-19 06:34:53,098 INFO 参数量：总计 440,049,924，可训练 3,805,314（0.8647%）
2026-08-19 06:34:53,099 INFO 已在 DebertaV2Model 上挂 hidden-state hook
2026-08-19 06:34:54,421 INFO 划分：训练 20000 条 / 验证 5000 条 / 测试 25000 条
2026-08-19 06:35:07,541 INFO SCLMoCoTrainer: method=scl λ=0.2 τ=0.3 m=0.999 include_self_key=True
2026-08-19 06:36:09,077 INFO [scl] micro=50 opt_step=6 ep=0.01 | CE 0.7015  contrast 1.3692  total 0.9754 | cand 4  pos 2.4  neg 1.6  skipped 0 | view_gap 0.0512 | queue valid=0 ptr=0 {} | ema=0
2026-08-19 06:37:03,616 INFO [scl] micro=100 opt_step=12 ep=0.02 | CE 0.6965  contrast 1.3694  total 0.9704 | cand 4  pos 2.5  neg 1.5  skipped 0 | view_gap 0.0492 | queue valid=0 ptr=0 {} | ema=0
2026-08-19 06:37:49,816 INFO [scl] micro=150 opt_step=18 ep=0.03 | CE 0.6843  contrast 1.3537  total 0.9551 | cand 4  pos 2.5  neg 1.5  skipped 0 | view_gap 0.0737 | queue valid=0 ptr=0 {} | ema=0
2026-08-19 06:38:23,960 INFO [scl] micro=200 opt_step=24 ep=0.04 | CE 0.6859  contrast 1.3367  total 0.9532 | cand 4  pos 2.6  neg 1.4  skipped 0 | view_gap 0.1074 | queue valid=0 ptr=0 {} | ema=0
2026-08-19 06:38:51,861 INFO [scl] micro=250 opt_step=31 ep=0.05 | CE 0.7246  contrast 1.3124  total 0.9871 | cand 4  pos 2.6  neg 1.4  skipped 0 | view_gap 0.1858 | queue valid=0 ptr=0 {} | ema=0
2026-08-19 06:39:18,128 INFO [scl] micro=300 opt_step=37 ep=0.06 | CE 0.7061  contrast 1.3062  total 0.9674 | cand 4  pos 2.5  neg 1.5  skipped 0 | view_gap 0.1524 | queue valid=0 ptr=0 {} | ema=0
2026-08-19 06:39:44,295 INFO [scl] micro=350 opt_step=43 ep=0.07 | CE 0.6899  contrast 1.3165  total 0.9532 | cand 4  pos 2.5  neg 1.5  skipped 0 | view_gap 0.1372 | queue valid=0 ptr=0 {} | ema=0
2026-08-19 06:40:10,239 INFO [scl] micro=400 opt_step=49 ep=0.08 | CE 0.7052  contrast 1.3207  total 0.9694 | cand 4  pos 2.6  neg 1.4  skipped 0 | view_gap 0.4034 | queue valid=0 ptr=0 {} | ema=0
2026-08-19 06:40:10,567 INFO [trainer] step 50/1250 loss=0.9664 grad_norm=1.22984 learning_rate=6.53333e-05 epoch=0.08
2026-08-19 06:41:04,486 INFO [scl] micro=450 opt_step=56 ep=0.09 | CE 0.6982  contrast 1.2943  total 0.9571 | cand 4  pos 2.4  neg 1.6  skipped 0 | view_gap 0.1447 | queue valid=0 ptr=0 {} | ema=0
2026-08-19 06:41:59,175 INFO [scl] micro=500 opt_step=62 ep=0.10 | CE 0.7073  contrast 1.2908  total 0.9655 | cand 4  pos 2.6  neg 1.4  skipped 0 | view_gap 0.1459 | queue valid=0 ptr=0 {} | ema=0
2026-08-19 06:42:45,430 INFO [scl] micro=550 opt_step=68 ep=0.11 | CE 0.6872  contrast 1.2913  total 0.9455 | cand 4  pos 2.6  neg 1.4  skipped 0 | view_gap 0.1418 | queue valid=0 ptr=0 {} | ema=0
2026-08-19 06:43:18,768 INFO [scl] micro=600 opt_step=74 ep=0.12 | CE 0.6944  contrast 1.2759  total 0.9496 | cand 4  pos 2.5  neg 1.5  skipped 0 | view_gap 0.1733 | queue valid=0 ptr=0 {} | ema=0
2026-08-19 06:43:46,336 INFO [scl] micro=650 opt_step=81 ep=0.13 | CE 0.6909  contrast 1.2740  total 0.9457 | cand 4  pos 2.5  neg 1.5  skipped 0 | view_gap 0.1488 | queue valid=0 ptr=0 {} | ema=0
2026-08-19 06:44:12,946 INFO [scl] micro=700 opt_step=87 ep=0.14 | CE 0.6817  contrast 1.2044  total 0.9226 | cand 4  pos 2.6  neg 1.4  skipped 0 | view_gap 0.1074 | queue valid=0 ptr=0 {} | ema=0
2026-08-19 06:44:39,068 INFO [scl] micro=750 opt_step=93 ep=0.15 | CE 0.6639  contrast 1.1353  total 0.8910 | cand 4  pos 2.5  neg 1.5  skipped 0 | view_gap 0.1295 | queue valid=0 ptr=0 {} | ema=0
2026-08-19 06:45:05,235 INFO [scl] micro=800 opt_step=99 ep=0.16 | CE 0.5226  contrast 1.1143  total 0.7455 | cand 4  pos 2.5  neg 1.6  skipped 0 | view_gap 0.1642 | queue valid=0 ptr=0 {} | ema=0
2026-08-19 06:45:05,570 INFO [trainer] step 100/1250 loss=0.9153 grad_norm=2.51613 learning_rate=9.79574e-05 epoch=0.16
2026-08-19 06:45:59,480 INFO [scl] micro=850 opt_step=106 ep=0.17 | CE 0.4807  contrast 1.2038  total 0.7214 | cand 4  pos 2.7  neg 1.3  skipped 0 | view_gap 0.0846 | queue valid=0 ptr=0 {} | ema=0
2026-08-19 06:46:54,189 INFO [scl] micro=900 opt_step=112 ep=0.18 | CE 0.3604  contrast 1.0887  total 0.5782 | cand 4  pos 2.4  neg 1.6  skipped 0 | view_gap 0.0931 | queue valid=0 ptr=0 {} | ema=0
2026-08-19 06:47:40,537 INFO [scl] micro=950 opt_step=118 ep=0.19 | CE 0.2582  contrast 1.0573  total 0.4697 | cand 4  pos 2.5  neg 1.5  skipped 0 | view_gap 0.0383 | queue valid=0 ptr=0 {} | ema=0
2026-08-19 06:48:13,878 INFO [scl] micro=1000 opt_step=124 ep=0.20 | CE 0.1875  contrast 1.0237  total 0.3922 | cand 4  pos 2.5  neg 1.5  skipped 0 | view_gap 0.0932 | queue valid=0 ptr=0 {} | ema=0
2026-08-19 06:48:41,821 INFO [scl] micro=1050 opt_step=131 ep=0.21 | CE 0.2462  contrast 1.1062  total 0.4674 | cand 4  pos 2.6  neg 1.4  skipped 0 | view_gap 0.0616 | queue valid=0 ptr=0 {} | ema=0
2026-08-19 06:49:08,334 INFO [scl] micro=1100 opt_step=137 ep=0.22 | CE 0.1529  contrast 1.0009  total 0.3531 | cand 4  pos 2.5  neg 1.5  skipped 0 | view_gap 0.2910 | queue valid=0 ptr=0 {} | ema=0
2026-08-19 06:49:34,558 INFO [scl] micro=1150 opt_step=143 ep=0.23 | CE 0.1096  contrast 0.9094  total 0.2915 | cand 4  pos 2.3  neg 1.7  skipped 0 | view_gap 0.0544 | queue valid=0 ptr=0 {} | ema=0
2026-08-19 06:50:00,687 INFO [scl] micro=1200 opt_step=149 ep=0.24 | CE 0.3247  contrast 1.1393  total 0.5525 | cand 4  pos 2.6  neg 1.4  skipped 0 | view_gap 0.1457 | queue valid=0 ptr=0 {} | ema=0
2026-08-19 06:50:01,023 INFO [trainer] step 150/1250 loss=0.4783 grad_norm=4.90191 learning_rate=9.37021e-05 epoch=0.24
2026-08-19 06:50:54,899 INFO [scl] micro=1250 opt_step=156 ep=0.25 | CE 0.2893  contrast 1.1651  total 0.5223 | cand 4  pos 2.5  neg 1.6  skipped 0 | view_gap 0.1597 | queue valid=0 ptr=0 {} | ema=0
2026-08-19 06:51:49,482 INFO [scl] micro=1300 opt_step=162 ep=0.26 | CE 0.1925  contrast 1.0742  total 0.4073 | cand 4  pos 2.5  neg 1.5  skipped 0 | view_gap 0.0382 | queue valid=0 ptr=0 {} | ema=0
2026-08-19 06:52:36,237 INFO [scl] micro=1350 opt_step=168 ep=0.27 | CE 0.1539  contrast 1.0318  total 0.3602 | cand 4  pos 2.6  neg 1.4  skipped 0 | view_gap 0.0218 | queue valid=0 ptr=0 {} | ema=0
2026-08-19 06:53:09,828 INFO [scl] micro=1400 opt_step=174 ep=0.28 | CE 0.1394  contrast 0.9425  total 0.3279 | cand 4  pos 2.4  neg 1.6  skipped 0 | view_gap 0.0328 | queue valid=0 ptr=0 {} | ema=0
2026-08-19 06:53:37,736 INFO [scl] micro=1450 opt_step=181 ep=0.29 | CE 0.1224  contrast 0.9699  total 0.3163 | cand 4  pos 2.5  neg 1.5  skipped 0 | view_gap 0.0314 | queue valid=0 ptr=0 {} | ema=0
2026-08-19 06:54:04,268 INFO [scl] micro=1500 opt_step=187 ep=0.30 | CE 0.2507  contrast 1.1619  total 0.4831 | cand 4  pos 2.5  neg 1.4  skipped 0 | view_gap 0.0216 | queue valid=0 ptr=0 {} | ema=0
2026-08-19 06:54:30,558 INFO [scl] micro=1550 opt_step=193 ep=0.31 | CE 0.1306  contrast 0.9888  total 0.3283 | cand 4  pos 2.5  neg 1.5  skipped 0 | view_gap 0.0378 | queue valid=0 ptr=0 {} | ema=0
2026-08-19 06:54:56,656 INFO [scl] micro=1600 opt_step=199 ep=0.32 | CE 0.1322  contrast 0.9449  total 0.3212 | cand 4  pos 2.4  neg 1.6  skipped 0 | view_gap 0.1136 | queue valid=0 ptr=0 {} | ema=0
2026-08-19 06:54:56,995 INFO [trainer] step 200/1250 loss=0.3833 grad_norm=0.233683 learning_rate=8.94468e-05 epoch=0.32
2026-08-19 06:55:50,860 INFO [scl] micro=1650 opt_step=206 ep=0.33 | CE 0.2193  contrast 1.1594  total 0.4511 | cand 4  pos 2.5  neg 1.5  skipped 0 | view_gap 0.0543 | queue valid=0 ptr=0 {} | ema=0
2026-08-19 06:56:45,398 INFO [scl] micro=1700 opt_step=212 ep=0.34 | CE 0.2376  contrast 1.0695  total 0.4515 | cand 4  pos 2.5  neg 1.5  skipped 0 | view_gap 0.0280 | queue valid=0 ptr=0 {} | ema=0
2026-08-19 06:57:29,359 INFO [scl] micro=1750 opt_step=218 ep=0.35 | CE 0.1972  contrast 1.0230  total 0.4018 | cand 4  pos 2.4  neg 1.6  skipped 0 | view_gap 0.0285 | queue valid=0 ptr=0 {} | ema=0
2026-08-19 06:58:02,131 INFO [scl] micro=1800 opt_step=224 ep=0.36 | CE 0.1847  contrast 1.0394  total 0.3926 | cand 4  pos 2.5  neg 1.5  skipped 0 | view_gap 0.0224 | queue valid=0 ptr=0 {} | ema=0
2026-08-19 06:58:29,821 INFO [scl] micro=1850 opt_step=231 ep=0.37 | CE 0.1070  contrast 0.9704  total 0.3011 | cand 4  pos 2.5  neg 1.5  skipped 0 | view_gap 0.0275 | queue valid=0 ptr=0 {} | ema=0
2026-08-19 06:58:56,341 INFO [scl] micro=1900 opt_step=237 ep=0.38 | CE 0.1621  contrast 0.9836  total 0.3588 | cand 4  pos 2.4  neg 1.6  skipped 0 | view_gap 0.0578 | queue valid=0 ptr=0 {} | ema=0
2026-08-19 06:59:22,246 INFO [scl] micro=1950 opt_step=243 ep=0.39 | CE 0.1254  contrast 0.9759  total 0.3206 | cand 4  pos 2.4  neg 1.6  skipped 0 | view_gap 0.0472 | queue valid=0 ptr=0 {} | ema=0
2026-08-19 06:59:48,288 INFO [scl] micro=2000 opt_step=249 ep=0.40 | CE 0.1194  contrast 0.9483  total 0.3091 | cand 4  pos 2.5  neg 1.5  skipped 0 | view_gap 0.0566 | queue valid=0 ptr=0 {} | ema=0
2026-08-19 06:59:48,621 INFO [trainer] step 250/1250 loss=0.3733 grad_norm=0.646417 learning_rate=8.51915e-05 epoch=0.4
2026-08-19 07:00:42,547 INFO [scl] micro=2050 opt_step=256 ep=0.41 | CE 0.2761  contrast 1.1509  total 0.5063 | cand 4  pos 2.6  neg 1.4  skipped 0 | view_gap 0.0311 | queue valid=0 ptr=0 {} | ema=0
2026-08-19 07:01:37,253 INFO [scl] micro=2100 opt_step=262 ep=0.42 | CE 0.1627  contrast 0.9902  total 0.3607 | cand 4  pos 2.4  neg 1.6  skipped 0 | view_gap 0.0264 | queue valid=0 ptr=0 {} | ema=0
2026-08-19 07:02:23,009 INFO [scl] micro=2150 opt_step=268 ep=0.43 | CE 0.1061  contrast 0.9628  total 0.2987 | cand 4  pos 2.5  neg 1.5  skipped 0 | view_gap 0.0347 | queue valid=0 ptr=0 {} | ema=0
2026-08-19 07:02:56,076 INFO [scl] micro=2200 opt_step=274 ep=0.44 | CE 0.1467  contrast 0.9952  total 0.3457 | cand 4  pos 2.6  neg 1.4  skipped 0 | view_gap 0.0333 | queue valid=0 ptr=0 {} | ema=0
2026-08-19 07:03:24,198 INFO [scl] micro=2250 opt_step=281 ep=0.45 | CE 0.2175  contrast 1.1039  total 0.4382 | cand 4  pos 2.6  neg 1.4  skipped 0 | view_gap 0.0304 | queue valid=0 ptr=0 {} | ema=0
2026-08-19 07:03:50,796 INFO [scl] micro=2300 opt_step=287 ep=0.46 | CE 0.1002  contrast 0.9871  total 0.2976 | cand 4  pos 2.6  neg 1.4  skipped 0 | view_gap 0.0586 | queue valid=0 ptr=0 {} | ema=0
2026-08-19 07:04:16,896 INFO [scl] micro=2350 opt_step=293 ep=0.47 | CE 0.1098  contrast 0.9438  total 0.2985 | cand 4  pos 2.5  neg 1.5  skipped 0 | view_gap 0.0413 | queue valid=0 ptr=0 {} | ema=0
2026-08-19 07:04:43,285 INFO [scl] micro=2400 opt_step=299 ep=0.48 | CE 0.1032  contrast 0.9615  total 0.2955 | cand 4  pos 2.5  neg 1.4  skipped 0 | view_gap 0.0827 | queue valid=0 ptr=0 {} | ema=0
2026-08-19 07:04:43,613 INFO [trainer] step 300/1250 loss=0.3552 grad_norm=0.153293 learning_rate=8.09362e-05 epoch=0.48
2026-08-19 07:05:37,504 INFO [scl] micro=2450 opt_step=306 ep=0.49 | CE 0.1806  contrast 1.0280  total 0.3862 | cand 4  pos 2.5  neg 1.5  skipped 0 | view_gap 0.0335 | queue valid=0 ptr=0 {} | ema=0
2026-08-19 07:06:32,156 INFO [scl] micro=2500 opt_step=312 ep=0.50 | CE 0.1758  contrast 1.0187  total 0.3796 | cand 4  pos 2.4  neg 1.6  skipped 0 | view_gap 0.0486 | queue valid=0 ptr=0 {} | ema=0
2026-08-19 07:07:17,932 INFO [scl] micro=2550 opt_step=318 ep=0.51 | CE 0.0949  contrast 0.9800  total 0.2909 | cand 4  pos 2.6  neg 1.4  skipped 0 | view_gap 0.0979 | queue valid=0 ptr=0 {} | ema=0
2026-08-19 07:07:51,300 INFO [scl] micro=2600 opt_step=324 ep=0.52 | CE 0.1897  contrast 1.0725  total 0.4042 | cand 4  pos 2.6  neg 1.4  skipped 0 | view_gap 0.0680 | queue valid=0 ptr=0 {} | ema=0
2026-08-19 07:08:19,313 INFO [scl] micro=2650 opt_step=331 ep=0.53 | CE 0.1644  contrast 1.0822  total 0.3808 | cand 4  pos 2.7  neg 1.3  skipped 0 | view_gap 0.0327 | queue valid=0 ptr=0 {} | ema=0
2026-08-19 07:08:45,940 INFO [scl] micro=2700 opt_step=337 ep=0.54 | CE 0.0944  contrast 0.9801  total 0.2904 | cand 4  pos 2.5  neg 1.5  skipped 0 | view_gap 0.0380 | queue valid=0 ptr=0 {} | ema=0
2026-08-19 07:09:12,184 INFO [scl] micro=2750 opt_step=343 ep=0.55 | CE 0.1447  contrast 1.0235  total 0.3494 | cand 4  pos 2.6  neg 1.4  skipped 0 | view_gap 0.0569 | queue valid=0 ptr=0 {} | ema=0
2026-08-19 07:09:38,697 INFO [scl] micro=2800 opt_step=349 ep=0.56 | CE 0.0911  contrast 0.9510  total 0.2813 | cand 4  pos 2.5  neg 1.5  skipped 0 | view_gap 0.0798 | queue valid=0 ptr=0 {} | ema=0
2026-08-19 07:09:39,032 INFO [trainer] step 350/1250 loss=0.3453 grad_norm=1.50954 learning_rate=7.66809e-05 epoch=0.56
2026-08-19 07:10:32,777 INFO [scl] micro=2850 opt_step=356 ep=0.57 | CE 0.1530  contrast 1.0318  total 0.3594 | cand 4  pos 2.4  neg 1.6  skipped 0 | view_gap 0.0497 | queue valid=0 ptr=0 {} | ema=0
2026-08-19 07:11:27,524 INFO [scl] micro=2900 opt_step=362 ep=0.58 | CE 0.1818  contrast 1.0015  total 0.3821 | cand 4  pos 2.5  neg 1.5  skipped 0 | view_gap 0.0931 | queue valid=0 ptr=0 {} | ema=0
2026-08-19 07:12:11,452 INFO [scl] micro=2950 opt_step=368 ep=0.59 | CE 0.1319  contrast 0.9463  total 0.3212 | cand 4  pos 2.5  neg 1.5  skipped 0 | view_gap 0.0512 | queue valid=0 ptr=0 {} | ema=0
2026-08-19 07:12:43,855 INFO [scl] micro=3000 opt_step=374 ep=0.60 | CE 0.2192  contrast 1.0706  total 0.4333 | cand 4  pos 2.5  neg 1.5  skipped 0 | view_gap 0.0379 | queue valid=0 ptr=0 {} | ema=0
2026-08-19 07:13:11,704 INFO [scl] micro=3050 opt_step=381 ep=0.61 | CE 0.1179  contrast 0.9505  total 0.3080 | cand 4  pos 2.4  neg 1.6  skipped 0 | view_gap 0.0286 | queue valid=0 ptr=0 {} | ema=0
2026-08-19 07:13:37,995 INFO [scl] micro=3100 opt_step=387 ep=0.62 | CE 0.1322  contrast 0.9833  total 0.3288 | cand 4  pos 2.5  neg 1.5  skipped 0 | view_gap 0.0441 | queue valid=0 ptr=0 {} | ema=0
2026-08-19 07:14:03,812 INFO [scl] micro=3150 opt_step=393 ep=0.63 | CE 0.1192  contrast 0.9823  total 0.3157 | cand 4  pos 2.5  neg 1.4  skipped 0 | view_gap 0.0446 | queue valid=0 ptr=0 {} | ema=0
2026-08-19 07:14:29,864 INFO [scl] micro=3200 opt_step=399 ep=0.64 | CE 0.1353  contrast 1.0297  total 0.3412 | cand 4  pos 2.7  neg 1.3  skipped 0 | view_gap 0.0747 | queue valid=0 ptr=0 {} | ema=0
2026-08-19 07:14:30,192 INFO [trainer] step 400/1250 loss=0.3487 grad_norm=0.997122 learning_rate=7.24255e-05 epoch=0.64
2026-08-19 07:15:23,935 INFO [scl] micro=3250 opt_step=406 ep=0.65 | CE 0.1207  contrast 0.9632  total 0.3134 | cand 4  pos 2.5  neg 1.5  skipped 0 | view_gap 0.1359 | queue valid=0 ptr=0 {} | ema=0
2026-08-19 07:16:18,388 INFO [scl] micro=3300 opt_step=412 ep=0.66 | CE 0.0699  contrast 0.9367  total 0.2572 | cand 4  pos 2.5  neg 1.5  skipped 0 | view_gap 0.0446 | queue valid=0 ptr=0 {} | ema=0
2026-08-19 07:17:01,751 INFO [scl] micro=3350 opt_step=418 ep=0.67 | CE 0.1732  contrast 1.0476  total 0.3827 | cand 4  pos 2.5  neg 1.4  skipped 0 | view_gap 0.0324 | queue valid=0 ptr=0 {} | ema=0
2026-08-19 07:17:34,394 INFO [scl] micro=3400 opt_step=424 ep=0.68 | CE 0.1126  contrast 1.0206  total 0.3167 | cand 4  pos 2.6  neg 1.4  skipped 0 | view_gap 0.0300 | queue valid=0 ptr=0 {} | ema=0
2026-08-19 07:18:02,244 INFO [scl] micro=3450 opt_step=431 ep=0.69 | CE 0.0743  contrast 0.9220  total 0.2587 | cand 4  pos 2.5  neg 1.6  skipped 0 | view_gap 0.0316 | queue valid=0 ptr=0 {} | ema=0
2026-08-19 07:18:28,547 INFO [scl] micro=3500 opt_step=437 ep=0.70 | CE 0.1415  contrast 1.0698  total 0.3555 | cand 4  pos 2.8  neg 1.2  skipped 0 | view_gap 0.0274 | queue valid=0 ptr=0 {} | ema=0
2026-08-19 07:18:54,715 INFO [scl] micro=3550 opt_step=443 ep=0.71 | CE 0.1261  contrast 0.9759  total 0.3213 | cand 4  pos 2.5  neg 1.5  skipped 0 | view_gap 0.0229 | queue valid=0 ptr=0 {} | ema=0
2026-08-19 07:19:21,026 INFO [scl] micro=3600 opt_step=449 ep=0.72 | CE 0.1975  contrast 1.0569  total 0.4089 | cand 4  pos 2.6  neg 1.4  skipped 0 | view_gap 0.0642 | queue valid=0 ptr=0 {} | ema=0
2026-08-19 07:19:21,362 INFO [trainer] step 450/1250 loss=0.3268 grad_norm=0.7768 learning_rate=6.81702e-05 epoch=0.72
2026-08-19 07:20:15,075 INFO [scl] micro=3650 opt_step=456 ep=0.73 | CE 0.1618  contrast 1.0330  total 0.3684 | cand 4  pos 2.5  neg 1.5  skipped 0 | view_gap 0.0264 | queue valid=0 ptr=0 {} | ema=0
2026-08-19 07:21:09,765 INFO [scl] micro=3700 opt_step=462 ep=0.74 | CE 0.1612  contrast 1.0229  total 0.3658 | cand 4  pos 2.6  neg 1.4  skipped 0 | view_gap 0.0289 | queue valid=0 ptr=0 {} | ema=0
2026-08-19 07:21:54,993 INFO [scl] micro=3750 opt_step=468 ep=0.75 | CE 0.1443  contrast 0.9311  total 0.3305 | cand 4  pos 2.3  neg 1.7  skipped 0 | view_gap 0.0226 | queue valid=0 ptr=0 {} | ema=0
2026-08-19 07:22:28,219 INFO [scl] micro=3800 opt_step=474 ep=0.76 | CE 0.1173  contrast 0.9870  total 0.3147 | cand 4  pos 2.6  neg 1.4  skipped 0 | view_gap 0.0295 | queue valid=0 ptr=0 {} | ema=0
2026-08-19 07:22:56,274 INFO [scl] micro=3850 opt_step=481 ep=0.77 | CE 0.2382  contrast 1.1527  total 0.4687 | cand 4  pos 2.7  neg 1.3  skipped 0 | view_gap 0.0518 | queue valid=0 ptr=0 {} | ema=0
2026-08-19 07:23:22,633 INFO [scl] micro=3900 opt_step=487 ep=0.78 | CE 0.1766  contrast 1.0210  total 0.3808 | cand 4  pos 2.5  neg 1.5  skipped 0 | view_gap 0.0623 | queue valid=0 ptr=0 {} | ema=0
2026-08-19 07:23:48,853 INFO [scl] micro=3950 opt_step=493 ep=0.79 | CE 0.0950  contrast 0.9490  total 0.2848 | cand 4  pos 2.4  neg 1.6  skipped 0 | view_gap 0.0675 | queue valid=0 ptr=0 {} | ema=0
2026-08-19 07:24:15,179 INFO [scl] micro=4000 opt_step=499 ep=0.80 | CE 0.1758  contrast 1.0136  total 0.3785 | cand 4  pos 2.5  neg 1.5  skipped 0 | view_gap 0.0687 | queue valid=0 ptr=0 {} | ema=0
2026-08-19 07:24:15,511 INFO [trainer] step 500/1250 loss=0.3615 grad_norm=0.999131 learning_rate=6.4e-05 epoch=0.8
2026-08-19 07:25:09,239 INFO [scl] micro=4050 opt_step=506 ep=0.81 | CE 0.1725  contrast 0.9890  total 0.3703 | cand 4  pos 2.4  neg 1.6  skipped 0 | view_gap 0.0313 | queue valid=0 ptr=0 {} | ema=0
2026-08-19 07:26:03,905 INFO [scl] micro=4100 opt_step=512 ep=0.82 | CE 0.1785  contrast 1.0121  total 0.3809 | cand 4  pos 2.5  neg 1.6  skipped 0 | view_gap 0.0922 | queue valid=0 ptr=0 {} | ema=0
2026-08-19 07:26:50,191 INFO [scl] micro=4150 opt_step=518 ep=0.83 | CE 0.1159  contrast 0.9984  total 0.3156 | cand 4  pos 2.6  neg 1.4  skipped 0 | view_gap 0.0279 | queue valid=0 ptr=0 {} | ema=0
2026-08-19 07:27:23,674 INFO [scl] micro=4200 opt_step=524 ep=0.84 | CE 0.1590  contrast 1.0040  total 0.3598 | cand 4  pos 2.5  neg 1.5  skipped 0 | view_gap 0.0857 | queue valid=0 ptr=0 {} | ema=0
2026-08-19 07:27:51,900 INFO [scl] micro=4250 opt_step=531 ep=0.85 | CE 0.1418  contrast 0.9830  total 0.3384 | cand 4  pos 2.5  neg 1.5  skipped 0 | view_gap 0.0309 | queue valid=0 ptr=0 {} | ema=0
2026-08-19 07:28:18,203 INFO [scl] micro=4300 opt_step=537 ep=0.86 | CE 0.0656  contrast 0.9262  total 0.2508 | cand 4  pos 2.5  neg 1.5  skipped 0 | view_gap 0.0292 | queue valid=0 ptr=0 {} | ema=0
2026-08-19 07:28:44,358 INFO [scl] micro=4350 opt_step=543 ep=0.87 | CE 0.1158  contrast 1.0472  total 0.3252 | cand 4  pos 2.8  neg 1.2  skipped 0 | view_gap 0.0455 | queue valid=0 ptr=0 {} | ema=0
2026-08-19 07:29:10,363 INFO [scl] micro=4400 opt_step=549 ep=0.88 | CE 0.1598  contrast 0.9963  total 0.3591 | cand 4  pos 2.5  neg 1.6  skipped 0 | view_gap 0.0760 | queue valid=0 ptr=0 {} | ema=0
2026-08-19 07:29:10,692 INFO [trainer] step 550/1250 loss=0.3375 grad_norm=4.27726 learning_rate=5.97447e-05 epoch=0.88
2026-08-19 07:30:04,514 INFO [scl] micro=4450 opt_step=556 ep=0.89 | CE 0.1769  contrast 1.0748  total 0.3919 | cand 4  pos 2.6  neg 1.4  skipped 0 | view_gap 0.0529 | queue valid=0 ptr=0 {} | ema=0
2026-08-19 07:30:59,163 INFO [scl] micro=4500 opt_step=562 ep=0.90 | CE 0.1858  contrast 1.0481  total 0.3954 | cand 4  pos 2.6  neg 1.4  skipped 0 | view_gap 0.0207 | queue valid=0 ptr=0 {} | ema=0
2026-08-19 07:31:44,184 INFO [scl] micro=4550 opt_step=568 ep=0.91 | CE 0.1362  contrast 0.9864  total 0.3335 | cand 4  pos 2.5  neg 1.5  skipped 0 | view_gap 0.0417 | queue valid=0 ptr=0 {} | ema=0
2026-08-19 07:32:17,543 INFO [scl] micro=4600 opt_step=574 ep=0.92 | CE 0.1102  contrast 1.0228  total 0.3148 | cand 4  pos 2.7  neg 1.3  skipped 0 | view_gap 0.0381 | queue valid=0 ptr=0 {} | ema=0
2026-08-19 07:32:45,771 INFO [scl] micro=4650 opt_step=581 ep=0.93 | CE 0.1463  contrast 1.0291  total 0.3521 | cand 4  pos 2.6  neg 1.4  skipped 0 | view_gap 0.0459 | queue valid=0 ptr=0 {} | ema=0
2026-08-19 07:33:12,059 INFO [scl] micro=4700 opt_step=587 ep=0.94 | CE 0.0463  contrast 0.9264  total 0.2316 | cand 4  pos 2.5  neg 1.4  skipped 0 | view_gap 0.0341 | queue valid=0 ptr=0 {} | ema=0
2026-08-19 07:33:38,118 INFO [scl] micro=4750 opt_step=593 ep=0.95 | CE 0.1137  contrast 0.9672  total 0.3071 | cand 4  pos 2.6  neg 1.4  skipped 0 | view_gap 0.0328 | queue valid=0 ptr=0 {} | ema=0
2026-08-19 07:34:04,221 INFO [scl] micro=4800 opt_step=599 ep=0.96 | CE 0.2369  contrast 1.0497  total 0.4469 | cand 4  pos 2.5  neg 1.5  skipped 0 | view_gap 0.1819 | queue valid=0 ptr=0 {} | ema=0
2026-08-19 07:34:04,554 INFO [trainer] step 600/1250 loss=0.3467 grad_norm=4.10976 learning_rate=5.54894e-05 epoch=0.96
2026-08-19 07:34:58,352 INFO [scl] micro=4850 opt_step=606 ep=0.97 | CE 0.1345  contrast 1.0699  total 0.3485 | cand 4  pos 2.7  neg 1.3  skipped 0 | view_gap 0.0612 | queue valid=0 ptr=0 {} | ema=0
2026-08-19 07:35:36,715 INFO [scl] micro=4900 opt_step=612 ep=0.98 | CE 0.1417  contrast 0.9853  total 0.3388 | cand 4  pos 2.5  neg 1.5  skipped 0 | view_gap 0.0477 | queue valid=0 ptr=0 {} | ema=0
2026-08-19 07:36:03,706 INFO [scl] micro=4950 opt_step=618 ep=0.99 | CE 0.0899  contrast 0.9377  total 0.2775 | cand 4  pos 2.4  neg 1.6  skipped 0 | view_gap 0.0447 | queue valid=0 ptr=0 {} | ema=0
2026-08-19 07:36:29,887 INFO [scl] micro=5000 opt_step=624 ep=1.00 | CE 0.0946  contrast 0.9338  total 0.2813 | cand 4  pos 2.5  neg 1.5  skipped 0 | view_gap 0.0567 | queue valid=0 ptr=0 {} | ema=0
2026-08-19 07:38:25,855 INFO [trainer] step 625/1250 eval_loss=0.14433 eval_accuracy=0.9536 eval_macro_f1=0.953596 eval_macro_precision=0.953741 eval_macro_recall=0.9536 eval_roc_auc=0.986045 eval_runtime=113.785 eval_samples_per_second=43.943 eval_steps_per_second=5.493 epoch=1
2026-08-19 07:39:19,651 INFO [scl] micro=5050 opt_step=631 ep=1.01 | CE 0.1629  contrast 1.0301  total 0.3689 | cand 4  pos 2.5  neg 1.5  skipped 0 | view_gap 0.0244 | queue valid=0 ptr=0 {} | ema=0
2026-08-19 07:40:14,307 INFO [scl] micro=5100 opt_step=637 ep=1.02 | CE 0.1592  contrast 1.0281  total 0.3648 | cand 4  pos 2.5  neg 1.5  skipped 0 | view_gap 0.0543 | queue valid=0 ptr=0 {} | ema=0
2026-08-19 07:41:00,614 INFO [scl] micro=5150 opt_step=643 ep=1.03 | CE 0.0763  contrast 0.8995  total 0.2562 | cand 4  pos 2.4  neg 1.6  skipped 0 | view_gap 0.0310 | queue valid=0 ptr=0 {} | ema=0
2026-08-19 07:41:33,099 INFO [scl] micro=5200 opt_step=649 ep=1.04 | CE 0.1228  contrast 0.9689  total 0.3166 | cand 4  pos 2.5  neg 1.5  skipped 0 | view_gap 0.0624 | queue valid=0 ptr=0 {} | ema=0
2026-08-19 07:41:33,503 INFO [trainer] step 650/1250 loss=0.3191 grad_norm=1.89166 learning_rate=5.1234e-05 epoch=1.04
2026-08-19 07:42:01,069 INFO [scl] micro=5250 opt_step=656 ep=1.05 | CE 0.0861  contrast 0.9230  total 0.2707 | cand 4  pos 2.5  neg 1.5  skipped 0 | view_gap 0.0334 | queue valid=0 ptr=0 {} | ema=0
2026-08-19 07:42:27,771 INFO [scl] micro=5300 opt_step=662 ep=1.06 | CE 0.1321  contrast 0.9147  total 0.3151 | cand 4  pos 2.3  neg 1.7  skipped 0 | view_gap 0.0317 | queue valid=0 ptr=0 {} | ema=0
2026-08-19 07:42:54,274 INFO [scl] micro=5350 opt_step=668 ep=1.07 | CE 0.0992  contrast 0.9657  total 0.2924 | cand 4  pos 2.5  neg 1.5  skipped 0 | view_gap 0.0343 | queue valid=0 ptr=0 {} | ema=0
2026-08-19 07:43:20,880 INFO [scl] micro=5400 opt_step=674 ep=1.08 | CE 0.1112  contrast 0.9547  total 0.3022 | cand 4  pos 2.5  neg 1.5  skipped 0 | view_gap 0.1095 | queue valid=0 ptr=0 {} | ema=0
2026-08-19 07:44:14,921 INFO [scl] micro=5450 opt_step=681 ep=1.09 | CE 0.1554  contrast 1.0032  total 0.3560 | cand 4  pos 2.4  neg 1.6  skipped 0 | view_gap 0.0215 | queue valid=0 ptr=0 {} | ema=0
2026-08-19 07:45:09,634 INFO [scl] micro=5500 opt_step=687 ep=1.10 | CE 0.1877  contrast 1.1065  total 0.4090 | cand 4  pos 2.7  neg 1.3  skipped 0 | view_gap 0.0306 | queue valid=0 ptr=0 {} | ema=0
2026-08-19 07:45:54,460 INFO [scl] micro=5550 opt_step=693 ep=1.11 | CE 0.0704  contrast 0.9205  total 0.2545 | cand 4  pos 2.5  neg 1.5  skipped 0 | view_gap 0.0517 | queue valid=0 ptr=0 {} | ema=0
2026-08-19 07:46:27,888 INFO [scl] micro=5600 opt_step=699 ep=1.12 | CE 0.2239  contrast 1.0698  total 0.4379 | cand 4  pos 2.5  neg 1.5  skipped 0 | view_gap 0.0797 | queue valid=0 ptr=0 {} | ema=0
2026-08-19 07:46:28,301 INFO [trainer] step 700/1250 loss=0.3297 grad_norm=2.69302 learning_rate=4.69787e-05 epoch=1.12
2026-08-19 07:46:56,002 INFO [scl] micro=5650 opt_step=706 ep=1.13 | CE 0.1456  contrast 1.0252  total 0.3507 | cand 4  pos 2.6  neg 1.4  skipped 0 | view_gap 0.0279 | queue valid=0 ptr=0 {} | ema=0
2026-08-19 07:47:22,769 INFO [scl] micro=5700 opt_step=712 ep=1.14 | CE 0.0348  contrast 0.8869  total 0.2122 | cand 4  pos 2.5  neg 1.5  skipped 0 | view_gap 0.0297 | queue valid=0 ptr=0 {} | ema=0
2026-08-19 07:47:49,345 INFO [scl] micro=5750 opt_step=718 ep=1.15 | CE 0.0858  contrast 0.9886  total 0.2835 | cand 4  pos 2.6  neg 1.4  skipped 0 | view_gap 0.0323 | queue valid=0 ptr=0 {} | ema=0
2026-08-19 07:48:16,031 INFO [scl] micro=5800 opt_step=724 ep=1.16 | CE 0.0961  contrast 0.9694  total 0.2900 | cand 4  pos 2.6  neg 1.4  skipped 0 | view_gap 0.1284 | queue valid=0 ptr=0 {} | ema=0
2026-08-19 07:49:10,095 INFO [scl] micro=5850 opt_step=731 ep=1.17 | CE 0.1227  contrast 0.9792  total 0.3186 | cand 4  pos 2.5  neg 1.6  skipped 0 | view_gap 0.0740 | queue valid=0 ptr=0 {} | ema=0
2026-08-19 07:50:04,787 INFO [scl] micro=5900 opt_step=737 ep=1.18 | CE 0.1480  contrast 0.9746  total 0.3429 | cand 4  pos 2.4  neg 1.6  skipped 0 | view_gap 0.0326 | queue valid=0 ptr=0 {} | ema=0
2026-08-19 07:50:50,257 INFO [scl] micro=5950 opt_step=743 ep=1.19 | CE 0.1347  contrast 0.9724  total 0.3292 | cand 4  pos 2.6  neg 1.4  skipped 0 | view_gap 0.0440 | queue valid=0 ptr=0 {} | ema=0
2026-08-19 07:51:23,909 INFO [scl] micro=6000 opt_step=749 ep=1.20 | CE 0.1556  contrast 1.0941  total 0.3745 | cand 4  pos 2.7  neg 1.3  skipped 0 | view_gap 0.0232 | queue valid=0 ptr=0 {} | ema=0
2026-08-19 07:51:24,304 INFO [trainer] step 750/1250 loss=0.3127 grad_norm=2.27567 learning_rate=4.27234e-05 epoch=1.2
2026-08-19 07:51:51,920 INFO [scl] micro=6050 opt_step=756 ep=1.21 | CE 0.0873  contrast 0.9710  total 0.2815 | cand 4  pos 2.5  neg 1.5  skipped 0 | view_gap 0.0297 | queue valid=0 ptr=0 {} | ema=0
2026-08-19 07:52:18,267 INFO [scl] micro=6100 opt_step=762 ep=1.22 | CE 0.1629  contrast 1.0318  total 0.3693 | cand 4  pos 2.5  neg 1.5  skipped 0 | view_gap 0.0324 | queue valid=0 ptr=0 {} | ema=0
2026-08-19 07:52:44,644 INFO [scl] micro=6150 opt_step=768 ep=1.23 | CE 0.0999  contrast 0.9943  total 0.2988 | cand 4  pos 2.6  neg 1.4  skipped 0 | view_gap 0.0319 | queue valid=0 ptr=0 {} | ema=0
2026-08-19 07:53:11,017 INFO [scl] micro=6200 opt_step=774 ep=1.24 | CE 0.1490  contrast 0.9807  total 0.3452 | cand 4  pos 2.5  neg 1.5  skipped 0 | view_gap 0.0580 | queue valid=0 ptr=0 {} | ema=0
2026-08-19 07:54:05,243 INFO [scl] micro=6250 opt_step=781 ep=1.25 | CE 0.1323  contrast 1.0158  total 0.3355 | cand 4  pos 2.5  neg 1.5  skipped 0 | view_gap 0.0629 | queue valid=0 ptr=0 {} | ema=0
2026-08-19 07:54:59,968 INFO [scl] micro=6300 opt_step=787 ep=1.26 | CE 0.1134  contrast 0.9559  total 0.3045 | cand 4  pos 2.5  neg 1.5  skipped 0 | view_gap 0.0255 | queue valid=0 ptr=0 {} | ema=0
2026-08-19 07:55:42,739 INFO [scl] micro=6350 opt_step=793 ep=1.27 | CE 0.0953  contrast 0.9872  total 0.2928 | cand 4  pos 2.5  neg 1.4  skipped 0 | view_gap 0.0329 | queue valid=0 ptr=0 {} | ema=0
2026-08-19 07:56:14,843 INFO [scl] micro=6400 opt_step=799 ep=1.28 | CE 0.1191  contrast 0.9693  total 0.3130 | cand 4  pos 2.5  neg 1.5  skipped 0 | view_gap 0.0971 | queue valid=0 ptr=0 {} | ema=0
2026-08-19 07:56:15,234 INFO [trainer] step 800/1250 loss=0.3176 grad_norm=1.6876 learning_rate=3.84681e-05 epoch=1.28
2026-08-19 07:56:42,621 INFO [scl] micro=6450 opt_step=806 ep=1.29 | CE 0.0954  contrast 0.9187  total 0.2791 | cand 4  pos 2.4  neg 1.6  skipped 0 | view_gap 0.0386 | queue valid=0 ptr=0 {} | ema=0
2026-08-19 07:57:09,272 INFO [scl] micro=6500 opt_step=812 ep=1.30 | CE 0.0560  contrast 0.9972  total 0.2554 | cand 4  pos 2.7  neg 1.3  skipped 0 | view_gap 0.0287 | queue valid=0 ptr=0 {} | ema=0
2026-08-19 07:57:35,929 INFO [scl] micro=6550 opt_step=818 ep=1.31 | CE 0.1346  contrast 0.9290  total 0.3204 | cand 4  pos 2.3  neg 1.7  skipped 0 | view_gap 0.0538 | queue valid=0 ptr=0 {} | ema=0
2026-08-19 07:58:02,321 INFO [scl] micro=6600 opt_step=824 ep=1.32 | CE 0.1666  contrast 1.0661  total 0.3798 | cand 4  pos 2.6  neg 1.4  skipped 0 | view_gap 0.0799 | queue valid=0 ptr=0 {} | ema=0
2026-08-19 07:58:56,545 INFO [scl] micro=6650 opt_step=831 ep=1.33 | CE 0.1412  contrast 0.9937  total 0.3399 | cand 4  pos 2.5  neg 1.5  skipped 0 | view_gap 0.0699 | queue valid=0 ptr=0 {} | ema=0
2026-08-19 07:59:51,259 INFO [scl] micro=6700 opt_step=837 ep=1.34 | CE 0.1073  contrast 0.9697  total 0.3012 | cand 4  pos 2.4  neg 1.6  skipped 0 | view_gap 0.0446 | queue valid=0 ptr=0 {} | ema=0
2026-08-19 08:00:36,679 INFO [scl] micro=6750 opt_step=843 ep=1.35 | CE 0.0510  contrast 0.9000  total 0.2310 | cand 4  pos 2.5  neg 1.6  skipped 0 | view_gap 0.0265 | queue valid=0 ptr=0 {} | ema=0
2026-08-19 08:01:09,467 INFO [scl] micro=6800 opt_step=849 ep=1.36 | CE 0.1709  contrast 1.0585  total 0.3826 | cand 4  pos 2.6  neg 1.4  skipped 0 | view_gap 0.0239 | queue valid=0 ptr=0 {} | ema=0
2026-08-19 08:01:09,843 INFO [trainer] step 850/1250 loss=0.3112 grad_norm=2.74797 learning_rate=3.42128e-05 epoch=1.36
2026-08-19 08:01:36,966 INFO [scl] micro=6850 opt_step=856 ep=1.37 | CE 0.0964  contrast 0.9802  total 0.2924 | cand 4  pos 2.6  neg 1.4  skipped 0 | view_gap 0.0315 | queue valid=0 ptr=0 {} | ema=0
2026-08-19 08:02:03,466 INFO [scl] micro=6900 opt_step=862 ep=1.38 | CE 0.0545  contrast 0.9360  total 0.2417 | cand 4  pos 2.5  neg 1.4  skipped 0 | view_gap 0.0630 | queue valid=0 ptr=0 {} | ema=0
2026-08-19 08:02:29,602 INFO [scl] micro=6950 opt_step=868 ep=1.39 | CE 0.0929  contrast 0.9351  total 0.2799 | cand 4  pos 2.4  neg 1.6  skipped 0 | view_gap 0.0990 | queue valid=0 ptr=0 {} | ema=0
2026-08-19 08:02:55,671 INFO [scl] micro=7000 opt_step=874 ep=1.40 | CE 0.1199  contrast 0.9640  total 0.3127 | cand 4  pos 2.4  neg 1.6  skipped 0 | view_gap 0.1356 | queue valid=0 ptr=0 {} | ema=0
2026-08-19 08:03:49,851 INFO [scl] micro=7050 opt_step=881 ep=1.41 | CE 0.0973  contrast 0.9886  total 0.2951 | cand 4  pos 2.6  neg 1.4  skipped 0 | view_gap 0.0354 | queue valid=0 ptr=0 {} | ema=0
2026-08-19 08:04:44,333 INFO [scl] micro=7100 opt_step=887 ep=1.42 | CE 0.0919  contrast 0.9965  total 0.2912 | cand 4  pos 2.6  neg 1.4  skipped 0 | view_gap 0.1062 | queue valid=0 ptr=0 {} | ema=0
2026-08-19 08:05:31,059 INFO [scl] micro=7150 opt_step=893 ep=1.43 | CE 0.0732  contrast 0.9531  total 0.2638 | cand 4  pos 2.5  neg 1.5  skipped 0 | view_gap 0.1060 | queue valid=0 ptr=0 {} | ema=0
2026-08-19 08:06:05,082 INFO [scl] micro=7200 opt_step=899 ep=1.44 | CE 0.1403  contrast 1.0293  total 0.3462 | cand 4  pos 2.6  neg 1.4  skipped 0 | view_gap 0.0321 | queue valid=0 ptr=0 {} | ema=0
2026-08-19 08:06:05,488 INFO [trainer] step 900/1250 loss=0.2904 grad_norm=1.36575 learning_rate=2.99574e-05 epoch=1.44
2026-08-19 08:06:33,331 INFO [scl] micro=7250 opt_step=906 ep=1.45 | CE 0.1988  contrast 1.0266  total 0.4042 | cand 4  pos 2.6  neg 1.4  skipped 0 | view_gap 0.0238 | queue valid=0 ptr=0 {} | ema=0
2026-08-19 08:06:59,985 INFO [scl] micro=7300 opt_step=912 ep=1.46 | CE 0.1233  contrast 1.0387  total 0.3310 | cand 4  pos 2.7  neg 1.3  skipped 0 | view_gap 0.0381 | queue valid=0 ptr=0 {} | ema=0
2026-08-19 08:07:26,428 INFO [scl] micro=7350 opt_step=918 ep=1.47 | CE 0.0779  contrast 0.9550  total 0.2689 | cand 4  pos 2.6  neg 1.4  skipped 0 | view_gap 0.0292 | queue valid=0 ptr=0 {} | ema=0
2026-08-19 08:07:52,746 INFO [scl] micro=7400 opt_step=924 ep=1.48 | CE 0.1060  contrast 0.9690  total 0.2998 | cand 4  pos 2.5  neg 1.5  skipped 0 | view_gap 0.0656 | queue valid=0 ptr=0 {} | ema=0
2026-08-19 08:08:46,913 INFO [scl] micro=7450 opt_step=931 ep=1.49 | CE 0.1899  contrast 1.0157  total 0.3930 | cand 4  pos 2.5  neg 1.5  skipped 0 | view_gap 0.0253 | queue valid=0 ptr=0 {} | ema=0
2026-08-19 08:09:41,466 INFO [scl] micro=7500 opt_step=937 ep=1.50 | CE 0.0976  contrast 0.9337  total 0.2843 | cand 4  pos 2.4  neg 1.6  skipped 0 | view_gap 0.0662 | queue valid=0 ptr=0 {} | ema=0
2026-08-19 08:10:26,595 INFO [scl] micro=7550 opt_step=943 ep=1.51 | CE 0.0798  contrast 0.8862  total 0.2571 | cand 4  pos 2.4  neg 1.6  skipped 0 | view_gap 0.0935 | queue valid=0 ptr=0 {} | ema=0
2026-08-19 08:11:00,041 INFO [scl] micro=7600 opt_step=949 ep=1.52 | CE 0.1326  contrast 0.9667  total 0.3260 | cand 4  pos 2.4  neg 1.6  skipped 0 | view_gap 0.0295 | queue valid=0 ptr=0 {} | ema=0
2026-08-19 08:11:00,448 INFO [trainer] step 950/1250 loss=0.3205 grad_norm=2.87664 learning_rate=2.57021e-05 epoch=1.52
2026-08-19 08:11:27,714 INFO [scl] micro=7650 opt_step=956 ep=1.53 | CE 0.1267  contrast 0.9868  total 0.3241 | cand 4  pos 2.5  neg 1.5  skipped 0 | view_gap 0.0648 | queue valid=0 ptr=0 {} | ema=0
2026-08-19 08:11:54,396 INFO [scl] micro=7700 opt_step=962 ep=1.54 | CE 0.0762  contrast 0.8987  total 0.2559 | cand 4  pos 2.4  neg 1.6  skipped 0 | view_gap 0.0278 | queue valid=0 ptr=0 {} | ema=0
2026-08-19 08:12:20,543 INFO [scl] micro=7750 opt_step=968 ep=1.55 | CE 0.1740  contrast 0.9481  total 0.3636 | cand 4  pos 2.3  neg 1.7  skipped 0 | view_gap 0.0329 | queue valid=0 ptr=0 {} | ema=0
2026-08-19 08:12:46,997 INFO [scl] micro=7800 opt_step=974 ep=1.56 | CE 0.1379  contrast 0.9888  total 0.3357 | cand 4  pos 2.5  neg 1.5  skipped 0 | view_gap 0.0739 | queue valid=0 ptr=0 {} | ema=0
2026-08-19 08:13:41,191 INFO [scl] micro=7850 opt_step=981 ep=1.57 | CE 0.1011  contrast 0.9201  total 0.2851 | cand 4  pos 2.4  neg 1.6  skipped 0 | view_gap 0.0475 | queue valid=0 ptr=0 {} | ema=0
2026-08-19 08:14:35,637 INFO [scl] micro=7900 opt_step=987 ep=1.58 | CE 0.1304  contrast 1.0422  total 0.3389 | cand 4  pos 2.6  neg 1.4  skipped 0 | view_gap 0.0323 | queue valid=0 ptr=0 {} | ema=0
2026-08-19 08:15:19,290 INFO [scl] micro=7950 opt_step=993 ep=1.59 | CE 0.1412  contrast 1.0077  total 0.3427 | cand 4  pos 2.4  neg 1.6  skipped 0 | view_gap 0.0196 | queue valid=0 ptr=0 {} | ema=0
2026-08-19 08:15:52,552 INFO [scl] micro=8000 opt_step=999 ep=1.60 | CE 0.1178  contrast 0.9542  total 0.3087 | cand 4  pos 2.4  neg 1.6  skipped 0 | view_gap 0.0262 | queue valid=0 ptr=0 {} | ema=0
2026-08-19 08:15:52,964 INFO [trainer] step 1000/1250 loss=0.3193 grad_norm=0.526663 learning_rate=2.14468e-05 epoch=1.6
2026-08-19 08:16:20,482 INFO [scl] micro=8050 opt_step=1006 ep=1.61 | CE 0.1258  contrast 1.0036  total 0.3265 | cand 4  pos 2.6  neg 1.4  skipped 0 | view_gap 0.1046 | queue valid=0 ptr=0 {} | ema=0
2026-08-19 08:16:47,020 INFO [scl] micro=8100 opt_step=1012 ep=1.62 | CE 0.0482  contrast 0.8784  total 0.2239 | cand 4  pos 2.4  neg 1.6  skipped 0 | view_gap 0.0320 | queue valid=0 ptr=0 {} | ema=0
2026-08-19 08:17:13,027 INFO [scl] micro=8150 opt_step=1018 ep=1.63 | CE 0.0770  contrast 0.9430  total 0.2656 | cand 4  pos 2.5  neg 1.5  skipped 0 | view_gap 0.0514 | queue valid=0 ptr=0 {} | ema=0
2026-08-19 08:17:39,375 INFO [scl] micro=8200 opt_step=1024 ep=1.64 | CE 0.0828  contrast 0.9993  total 0.2826 | cand 4  pos 2.7  neg 1.3  skipped 0 | view_gap 0.0495 | queue valid=0 ptr=0 {} | ema=0
2026-08-19 08:18:33,598 INFO [scl] micro=8250 opt_step=1031 ep=1.65 | CE 0.1192  contrast 0.9603  total 0.3112 | cand 4  pos 2.4  neg 1.6  skipped 0 | view_gap 0.0367 | queue valid=0 ptr=0 {} | ema=0
2026-08-19 08:19:28,110 INFO [scl] micro=8300 opt_step=1037 ep=1.66 | CE 0.1503  contrast 1.0212  total 0.3545 | cand 4  pos 2.5  neg 1.5  skipped 0 | view_gap 0.0217 | queue valid=0 ptr=0 {} | ema=0
2026-08-19 08:20:13,610 INFO [scl] micro=8350 opt_step=1043 ep=1.67 | CE 0.0662  contrast 0.9670  total 0.2597 | cand 4  pos 2.6  neg 1.4  skipped 0 | view_gap 0.0449 | queue valid=0 ptr=0 {} | ema=0
2026-08-19 08:20:46,502 INFO [scl] micro=8400 opt_step=1049 ep=1.68 | CE 0.1004  contrast 0.9715  total 0.2947 | cand 4  pos 2.5  neg 1.4  skipped 0 | view_gap 0.0363 | queue valid=0 ptr=0 {} | ema=0
2026-08-19 08:20:46,879 INFO [trainer] step 1050/1250 loss=0.2898 grad_norm=0.567403 learning_rate=1.71915e-05 epoch=1.68
2026-08-19 08:21:14,320 INFO [scl] micro=8450 opt_step=1056 ep=1.69 | CE 0.0669  contrast 0.8804  total 0.2430 | cand 4  pos 2.4  neg 1.6  skipped 0 | view_gap 0.0259 | queue valid=0 ptr=0 {} | ema=0
2026-08-19 08:21:40,602 INFO [scl] micro=8500 opt_step=1062 ep=1.70 | CE 0.1987  contrast 1.0401  total 0.4067 | cand 4  pos 2.5  neg 1.5  skipped 0 | view_gap 0.0281 | queue valid=0 ptr=0 {} | ema=0
2026-08-19 08:22:06,611 INFO [scl] micro=8550 opt_step=1068 ep=1.71 | CE 0.0618  contrast 0.9447  total 0.2508 | cand 4  pos 2.6  neg 1.4  skipped 0 | view_gap 0.0388 | queue valid=0 ptr=0 {} | ema=0
2026-08-19 08:22:32,922 INFO [scl] micro=8600 opt_step=1074 ep=1.72 | CE 0.1147  contrast 0.9737  total 0.3095 | cand 4  pos 2.6  neg 1.4  skipped 0 | view_gap 0.0544 | queue valid=0 ptr=0 {} | ema=0
2026-08-19 08:23:26,960 INFO [scl] micro=8650 opt_step=1081 ep=1.73 | CE 0.2253  contrast 1.0851  total 0.4423 | cand 4  pos 2.6  neg 1.4  skipped 0 | view_gap 0.1138 | queue valid=0 ptr=0 {} | ema=0
2026-08-19 08:24:21,778 INFO [scl] micro=8700 opt_step=1087 ep=1.74 | CE 0.0849  contrast 0.9479  total 0.2745 | cand 4  pos 2.5  neg 1.5  skipped 0 | view_gap 0.0221 | queue valid=0 ptr=0 {} | ema=0
2026-08-19 08:25:06,941 INFO [scl] micro=8750 opt_step=1093 ep=1.75 | CE 0.1081  contrast 1.0066  total 0.3094 | cand 4  pos 2.6  neg 1.4  skipped 0 | view_gap 0.0304 | queue valid=0 ptr=0 {} | ema=0
2026-08-19 08:25:40,221 INFO [scl] micro=8800 opt_step=1099 ep=1.76 | CE 0.0557  contrast 0.9169  total 0.2391 | cand 4  pos 2.5  neg 1.5  skipped 0 | view_gap 0.0247 | queue valid=0 ptr=0 {} | ema=0
2026-08-19 08:25:40,616 INFO [trainer] step 1100/1250 loss=0.3094 grad_norm=0.970034 learning_rate=1.29362e-05 epoch=1.76
2026-08-19 08:26:08,296 INFO [scl] micro=8850 opt_step=1106 ep=1.77 | CE 0.1322  contrast 1.0062  total 0.3335 | cand 4  pos 2.5  neg 1.5  skipped 0 | view_gap 0.0247 | queue valid=0 ptr=0 {} | ema=0
2026-08-19 08:26:34,805 INFO [scl] micro=8900 opt_step=1112 ep=1.78 | CE 0.0705  contrast 0.9713  total 0.2647 | cand 4  pos 2.6  neg 1.4  skipped 0 | view_gap 0.0502 | queue valid=0 ptr=0 {} | ema=0
2026-08-19 08:27:00,781 INFO [scl] micro=8950 opt_step=1118 ep=1.79 | CE 0.1252  contrast 0.9922  total 0.3236 | cand 4  pos 2.5  neg 1.5  skipped 0 | view_gap 0.0261 | queue valid=0 ptr=0 {} | ema=0
2026-08-19 08:27:27,168 INFO [scl] micro=9000 opt_step=1124 ep=1.80 | CE 0.1175  contrast 0.9218  total 0.3018 | cand 4  pos 2.4  neg 1.6  skipped 0 | view_gap 0.0646 | queue valid=0 ptr=0 {} | ema=0
2026-08-19 08:28:21,227 INFO [scl] micro=9050 opt_step=1131 ep=1.81 | CE 0.1487  contrast 1.0434  total 0.3574 | cand 4  pos 2.5  neg 1.5  skipped 0 | view_gap 0.0684 | queue valid=0 ptr=0 {} | ema=0
2026-08-19 08:29:15,877 INFO [scl] micro=9100 opt_step=1137 ep=1.82 | CE 0.1198  contrast 0.9769  total 0.3152 | cand 4  pos 2.4  neg 1.6  skipped 0 | view_gap 0.0595 | queue valid=0 ptr=0 {} | ema=0
2026-08-19 08:30:02,808 INFO [scl] micro=9150 opt_step=1143 ep=1.83 | CE 0.1085  contrast 0.9255  total 0.2936 | cand 4  pos 2.4  neg 1.6  skipped 0 | view_gap 0.0850 | queue valid=0 ptr=0 {} | ema=0
2026-08-19 08:30:36,659 INFO [scl] micro=9200 opt_step=1149 ep=1.84 | CE 0.1028  contrast 0.9719  total 0.2972 | cand 4  pos 2.5  neg 1.4  skipped 0 | view_gap 0.0285 | queue valid=0 ptr=0 {} | ema=0
2026-08-19 08:30:37,069 INFO [trainer] step 1150/1250 loss=0.3109 grad_norm=1.45181 learning_rate=8.68085e-06 epoch=1.84
2026-08-19 08:31:05,196 INFO [scl] micro=9250 opt_step=1156 ep=1.85 | CE 0.0954  contrast 1.0095  total 0.2973 | cand 4  pos 2.7  neg 1.3  skipped 0 | view_gap 0.0270 | queue valid=0 ptr=0 {} | ema=0
2026-08-19 08:31:31,476 INFO [scl] micro=9300 opt_step=1162 ep=1.86 | CE 0.1200  contrast 0.9745  total 0.3149 | cand 4  pos 2.5  neg 1.4  skipped 0 | view_gap 0.0920 | queue valid=0 ptr=0 {} | ema=0
2026-08-19 08:31:57,916 INFO [scl] micro=9350 opt_step=1168 ep=1.87 | CE 0.1098  contrast 0.9738  total 0.3045 | cand 4  pos 2.5  neg 1.5  skipped 0 | view_gap 0.1256 | queue valid=0 ptr=0 {} | ema=0
2026-08-19 08:32:24,181 INFO [scl] micro=9400 opt_step=1174 ep=1.88 | CE 0.0699  contrast 0.9068  total 0.2512 | cand 4  pos 2.4  neg 1.6  skipped 0 | view_gap 0.0477 | queue valid=0 ptr=0 {} | ema=0
2026-08-19 08:33:18,214 INFO [scl] micro=9450 opt_step=1181 ep=1.89 | CE 0.1154  contrast 0.9250  total 0.3004 | cand 4  pos 2.3  neg 1.7  skipped 0 | view_gap 0.0205 | queue valid=0 ptr=0 {} | ema=0
2026-08-19 08:34:12,941 INFO [scl] micro=9500 opt_step=1187 ep=1.90 | CE 0.0913  contrast 0.9274  total 0.2768 | cand 4  pos 2.4  neg 1.6  skipped 0 | view_gap 0.0215 | queue valid=0 ptr=0 {} | ema=0
2026-08-19 08:34:58,137 INFO [scl] micro=9550 opt_step=1193 ep=1.91 | CE 0.1471  contrast 0.9877  total 0.3447 | cand 4  pos 2.5  neg 1.5  skipped 0 | view_gap 0.1047 | queue valid=0 ptr=0 {} | ema=0
2026-08-19 08:35:30,999 INFO [scl] micro=9600 opt_step=1199 ep=1.92 | CE 0.1149  contrast 0.9852  total 0.3120 | cand 4  pos 2.6  neg 1.4  skipped 0 | view_gap 0.0278 | queue valid=0 ptr=0 {} | ema=0
2026-08-19 08:35:31,389 INFO [trainer] step 1200/1250 loss=0.3002 grad_norm=0.824817 learning_rate=4.42553e-06 epoch=1.92
2026-08-19 08:35:58,665 INFO [scl] micro=9650 opt_step=1206 ep=1.93 | CE 0.1187  contrast 0.9732  total 0.3133 | cand 4  pos 2.5  neg 1.5  skipped 0 | view_gap 0.2078 | queue valid=0 ptr=0 {} | ema=0
2026-08-19 08:36:25,004 INFO [scl] micro=9700 opt_step=1212 ep=1.94 | CE 0.0989  contrast 0.9014  total 0.2792 | cand 4  pos 2.4  neg 1.6  skipped 0 | view_gap 0.0302 | queue valid=0 ptr=0 {} | ema=0
2026-08-19 08:36:51,260 INFO [scl] micro=9750 opt_step=1218 ep=1.95 | CE 0.0783  contrast 0.9531  total 0.2690 | cand 4  pos 2.5  neg 1.5  skipped 0 | view_gap 0.0300 | queue valid=0 ptr=0 {} | ema=0
2026-08-19 08:37:17,537 INFO [scl] micro=9800 opt_step=1224 ep=1.96 | CE 0.1223  contrast 0.9560  total 0.3135 | cand 4  pos 2.6  neg 1.4  skipped 0 | view_gap 0.1453 | queue valid=0 ptr=0 {} | ema=0
2026-08-19 08:38:11,588 INFO [scl] micro=9850 opt_step=1231 ep=1.97 | CE 0.2008  contrast 1.0222  total 0.4052 | cand 4  pos 2.4  neg 1.6  skipped 0 | view_gap 0.0430 | queue valid=0 ptr=0 {} | ema=0
2026-08-19 08:38:51,687 INFO [scl] micro=9900 opt_step=1237 ep=1.98 | CE 0.1105  contrast 0.9365  total 0.2978 | cand 4  pos 2.4  neg 1.6  skipped 0 | view_gap 0.0636 | queue valid=0 ptr=0 {} | ema=0
2026-08-19 08:39:18,546 INFO [scl] micro=9950 opt_step=1243 ep=1.99 | CE 0.1049  contrast 0.9661  total 0.2981 | cand 4  pos 2.5  neg 1.5  skipped 0 | view_gap 0.0308 | queue valid=0 ptr=0 {} | ema=0
2026-08-19 08:39:44,561 INFO [scl] micro=10000 opt_step=1249 ep=2.00 | CE 0.0944  contrast 0.9402  total 0.2824 | cand 4  pos 2.4  neg 1.6  skipped 0 | view_gap 0.0629 | queue valid=0 ptr=0 {} | ema=0
2026-08-19 08:39:44,888 INFO [trainer] step 1250/1250 loss=0.3073 grad_norm=1.362 learning_rate=1.70213e-07 epoch=2
2026-08-19 08:41:40,657 INFO [trainer] step 1250/1250 eval_loss=0.133723 eval_accuracy=0.9566 eval_macro_f1=0.956596 eval_macro_precision=0.956761 eval_macro_recall=0.9566 eval_roc_auc=0.987366 eval_runtime=113.919 eval_samples_per_second=43.891 eval_steps_per_second=5.486 epoch=2
2026-08-19 08:41:40,658 INFO [trainer] step 1250/1250 train_runtime=7585.52 train_samples_per_second=5.273 train_steps_per_second=0.165 train_loss=0.383057 epoch=2
2026-08-19 08:41:40,659 INFO 训练结束：7593.1s，显存峰值 2.25 GB（reserved 2.34 GB）
2026-08-19 08:43:36,487 INFO [trainer] step 1250/1250 eval_loss=0.133725 eval_accuracy=0.9566 eval_macro_f1=0.956596 eval_macro_precision=0.956761 eval_macro_recall=0.9566 eval_roc_auc=0.987365 eval_runtime=113.959 eval_samples_per_second=43.875 eval_steps_per_second=5.484 epoch=2
2026-08-19 08:43:36,488 INFO 验证集：{'eval_loss': 0.13372531533241272, 'eval_accuracy': 0.9566, 'eval_macro_f1': 0.9565961648371251, 'eval_macro_precision': 0.9567614377625628, 'eval_macro_recall': 0.9566, 'eval_roc_auc': 0.9873648, 'eval_runtime': 113.9593, 'eval_samples_per_second': 43.875, 'eval_steps_per_second': 5.484, 'epoch': 2.0}
2026-08-19 08:58:25,677 INFO 已写出 /home/ubuntu/科研专用/LoRA/new work 4/result/deberta_lora_scl_bs4_seed42_submission.csv（25000 行，正面概率）
2026-08-19 08:58:26,016 INFO id 与 testDataWithLabels.tsv 对不上，改按评论正文对齐
2026-08-19 08:58:29,435 INFO 正文对齐 24961 / 25000 条
2026-08-19 08:58:29,451 INFO 测试集（本地公开标签 24961 条）：{'accuracy': 0.9635, 'macro_f1': 0.9635, 'macro_precision': 0.9636, 'macro_recall': 0.9635, 'roc_auc': 0.9918, 'scored_rows': 24961}
2026-08-19 08:58:30,046 INFO 已保存 MoCo 状态到 /home/ubuntu/科研专用/LoRA/new work 4/checkpoint/deberta_lora_scl_bs4_seed42/moco_state.pt
2026-08-19 08:58:30,048 INFO 已写出 /home/ubuntu/科研专用/LoRA/new work 4/result/deberta_lora_scl_bs4_seed42_steps.csv（200 行对比统计）
2026-08-19 08:58:30,049 INFO 已写出 /home/ubuntu/科研专用/LoRA/new work 4/result/deberta_lora_scl_bs4_seed42_summary.json
