2026-08-19 12:25:50,738 INFO 命令：run_experiment.py --method scl_moco --batch_size 4 --seed 42 --momentum 0.99 --tag deberta_lora_scl_moco_m099_bs4_seed42
2026-08-19 12:25:50,740 INFO method=scl_moco batch=4 × accum=8（effective 32）max_length=384 lr=0.0001 epochs=2 seed=42 λ=0.2 τ=0.3 queue=4096 m=0.99
2026-08-19 12:25:53,261 INFO 参数量：总计 443,855,238，可训练 3,805,314（0.8573%）
2026-08-19 12:25:53,262 INFO 已在 DebertaV2Model 上挂 hidden-state hook
2026-08-19 12:25:53,265 INFO 动量分支：104 组参数对，共 3,805,314 个参数（14.5 MB fp32）
2026-08-19 12:25:54,581 INFO 划分：训练 20000 条 / 验证 5000 条 / 测试 25000 条
2026-08-19 12:26:07,610 INFO SCLMoCoTrainer: method=scl_moco λ=0.2 τ=0.3 m=0.99 include_self_key=True
2026-08-19 12:26:15,168 INFO [断言] optimizer 参数 104 个；key 参数 104 个，其中在 optimizer 里的 0 个
2026-08-19 12:26:15,190 INFO [断言] 训练开始时 query 与 key 参数最大绝对差 = 0.000e+00（应为 0）
2026-08-19 12:26:51,003 INFO [scl_moco] micro=50 opt_step=6 ep=0.01 | CE 0.7015  contrast 4.3542  total 1.5724 | cand 102  pos 51.3  neg 50.7  skipped 0 | q·k 0.999  完成度 0% | queue valid=196 ptr=200 {0: 95, 1: 101} | ema=6
2026-08-19 12:27:27,049 INFO [scl_moco] micro=100 opt_step=12 ep=0.02 | CE 0.6965  contrast 5.6912  total 1.8347 | cand 302  pos 151.2  neg 150.8  skipped 0 | q·k 0.998  完成度 -0% | queue valid=396 ptr=400 {0: 198, 1: 198} | ema=12
2026-08-19 12:27:57,663 INFO [scl_moco] micro=150 opt_step=18 ep=0.03 | CE 0.6843  contrast 6.2115  total 1.9266 | cand 502  pos 251.5  neg 250.5  skipped 0 | q·k 0.994  完成度 0% | queue valid=596 ptr=600 {0: 291, 1: 305} | ema=18
2026-08-19 12:28:20,493 INFO [scl_moco] micro=200 opt_step=24 ep=0.04 | CE 0.6858  contrast 6.5502  total 1.9959 | cand 702  pos 354.2  neg 347.8  skipped 0 | q·k 0.987  完成度 0% | queue valid=796 ptr=800 {0: 374, 1: 422} | ema=24
2026-08-19 12:28:39,031 INFO [scl_moco] micro=250 opt_step=31 ep=0.05 | CE 0.7247  contrast 6.8026  total 2.0853 | cand 902  pos 449.0  neg 453.0  skipped 0 | q·k 0.974  完成度 0% | queue valid=996 ptr=1000 {0: 486, 1: 510} | ema=31
2026-08-19 12:28:56,627 INFO [scl_moco] micro=300 opt_step=37 ep=0.06 | CE 0.7059  contrast 7.0036  total 2.1066 | cand 1102  pos 550.5  neg 551.5  skipped 0 | q·k 0.970  完成度 -1% | queue valid=1196 ptr=1200 {0: 592, 1: 604} | ema=37
2026-08-19 12:29:13,802 INFO [scl_moco] micro=350 opt_step=43 ep=0.07 | CE 0.6903  contrast 7.1700  total 2.1243 | cand 1302  pos 651.4  neg 650.6  skipped 0 | q·k 0.974  完成度 0% | queue valid=1396 ptr=1400 {0: 690, 1: 706} | ema=43
2026-08-19 12:29:31,395 INFO [scl_moco] micro=400 opt_step=49 ep=0.08 | CE 0.7064  contrast 7.3125  total 2.1689 | cand 1502  pos 754.9  neg 747.1  skipped 0 | q·k 0.952  完成度 -0% | queue valid=1596 ptr=1600 {0: 768, 1: 828} | ema=49
2026-08-19 12:29:31,573 INFO [trainer] step 50/1250 loss=1.9768 grad_norm=1.12145 learning_rate=6.53333e-05 epoch=0.08
2026-08-19 12:30:07,281 INFO [scl_moco] micro=450 opt_step=56 ep=0.09 | CE 0.6982  contrast 7.4380  total 2.1858 | cand 1702  pos 852.4  neg 849.6  skipped 0 | q·k 0.936  完成度 -0% | queue valid=1796 ptr=1800 {0: 866, 1: 930} | ema=56
2026-08-19 12:30:43,535 INFO [scl_moco] micro=500 opt_step=62 ep=0.10 | CE 0.7071  contrast 7.5487  total 2.2168 | cand 1902  pos 950.1  neg 951.9  skipped 0 | q·k 0.932  完成度 0% | queue valid=1996 ptr=2000 {0: 972, 1: 1024} | ema=62
2026-08-19 12:31:14,120 INFO [scl_moco] micro=550 opt_step=68 ep=0.11 | CE 0.6872  contrast 7.6460  total 2.2164 | cand 2102  pos 1049.6  neg 1052.4  skipped 0 | q·k 0.843  完成度 1% | queue valid=2196 ptr=2200 {0: 1076, 1: 1120} | ema=68
2026-08-19 12:31:36,354 INFO [scl_moco] micro=600 opt_step=74 ep=0.12 | CE 0.6939  contrast 7.7339  total 2.2407 | cand 2302  pos 1149.7  neg 1152.3  skipped 0 | q·k 0.354  完成度 2% | queue valid=2396 ptr=2400 {0: 1186, 1: 1210} | ema=74
2026-08-19 12:31:54,757 INFO [scl_moco] micro=650 opt_step=81 ep=0.13 | CE 0.6876  contrast 7.8098  total 2.2496 | cand 2502  pos 1251.1  neg 1250.9  skipped 0 | q·k -0.055  完成度 3% | queue valid=2596 ptr=2600 {0: 1289, 1: 1307} | ema=81
2026-08-19 12:32:12,455 INFO [scl_moco] micro=700 opt_step=87 ep=0.14 | CE 0.6709  contrast 7.8821  total 2.2473 | cand 2702  pos 1350.9  neg 1351.1  skipped 0 | q·k 0.256  完成度 2% | queue valid=2796 ptr=2800 {0: 1394, 1: 1402} | ema=87
2026-08-19 12:32:29,682 INFO [scl_moco] micro=750 opt_step=93 ep=0.15 | CE 0.5889  contrast 7.9397  total 2.1768 | cand 2902  pos 1451.6  neg 1450.4  skipped 0 | q·k 0.015  完成度 3% | queue valid=2996 ptr=3000 {0: 1489, 1: 1507} | ema=93
2026-08-19 12:32:47,197 INFO [scl_moco] micro=800 opt_step=99 ep=0.16 | CE 0.4115  contrast 8.0044  total 2.0124 | cand 3102  pos 1551.5  neg 1550.5  skipped 0 | q·k 0.172  完成度 7% | queue valid=3196 ptr=3200 {0: 1586, 1: 1610} | ema=99
2026-08-19 12:32:47,370 INFO [trainer] step 100/1250 loss=2.1932 grad_norm=5.05704 learning_rate=9.79574e-05 epoch=0.16
2026-08-19 12:33:23,112 INFO [scl_moco] micro=850 opt_step=106 ep=0.17 | CE 0.4823  contrast 8.0688  total 2.0960 | cand 3302  pos 1650.9  neg 1651.1  skipped 0 | q·k 0.005  完成度 3% | queue valid=3396 ptr=3400 {0: 1689, 1: 1707} | ema=106
2026-08-19 12:33:59,389 INFO [scl_moco] micro=900 opt_step=112 ep=0.18 | CE 0.4709  contrast 8.1291  total 2.0968 | cand 3502  pos 1751.6  neg 1750.4  skipped 0 | q·k 0.039  完成度 2% | queue valid=3596 ptr=3600 {0: 1785, 1: 1811} | ema=112
2026-08-19 12:34:30,046 INFO [scl_moco] micro=950 opt_step=118 ep=0.19 | CE 0.3234  contrast 8.1739  total 1.9582 | cand 3702  pos 1852.1  neg 1849.9  skipped 0 | q·k 0.410  完成度 7% | queue valid=3796 ptr=3800 {0: 1882, 1: 1914} | ema=118
2026-08-19 12:34:52,316 INFO [scl_moco] micro=1000 opt_step=124 ep=0.20 | CE 0.2589  contrast 8.2193  total 1.9028 | cand 3902  pos 1950.2  neg 1951.8  skipped 0 | q·k 0.186  完成度 2% | queue valid=3996 ptr=4000 {0: 1987, 1: 2009} | ema=124
2026-08-19 12:35:11,033 INFO [scl_moco] micro=1050 opt_step=131 ep=0.21 | CE 0.2310  contrast 8.2734  total 1.8857 | cand 4076  pos 2038.0  neg 2038.0  skipped 0 | q·k 0.285  完成度 0% | queue valid=4096 ptr=104 {0: 2038, 1: 2058} | ema=131
2026-08-19 12:35:28,947 INFO [scl_moco] micro=1100 opt_step=137 ep=0.22 | CE 0.2116  contrast 8.2807  total 1.8677 | cand 4100  pos 2050.4  neg 2049.6  skipped 0 | q·k -0.205  完成度 3% | queue valid=4096 ptr=304 {0: 2059, 1: 2037} | ema=137
2026-08-19 12:35:46,635 INFO [scl_moco] micro=1150 opt_step=143 ep=0.23 | CE 0.1222  contrast 8.2731  total 1.7769 | cand 4100  pos 2050.3  neg 2049.7  skipped 0 | q·k 0.536  完成度 4% | queue valid=4096 ptr=504 {0: 2060, 1: 2036} | ema=143
2026-08-19 12:36:04,721 INFO [scl_moco] micro=1200 opt_step=149 ep=0.24 | CE 0.2159  contrast 8.2770  total 1.8713 | cand 4100  pos 2049.5  neg 2050.5  skipped 0 | q·k 0.740  完成度 1% | queue valid=4096 ptr=704 {0: 2051, 1: 2045} | ema=149
2026-08-19 12:36:04,900 INFO [trainer] step 150/1250 loss=1.9319 grad_norm=2.62418 learning_rate=9.37872e-05 epoch=0.24
2026-08-19 12:36:40,678 INFO [scl_moco] micro=1250 opt_step=156 ep=0.25 | CE 0.2730  contrast 8.2693  total 1.9269 | cand 4100  pos 2051.0  neg 2049.0  skipped 0 | q·k 0.592  完成度 7% | queue valid=4096 ptr=904 {0: 2064, 1: 2032} | ema=156
2026-08-19 12:37:16,971 INFO [scl_moco] micro=1300 opt_step=162 ep=0.26 | CE 0.2139  contrast 8.2656  total 1.8670 | cand 4100  pos 2050.3  neg 2049.7  skipped 0 | q·k 0.380  完成度 11% | queue valid=4096 ptr=1104 {0: 2059, 1: 2037} | ema=162
2026-08-19 12:37:47,992 INFO [scl_moco] micro=1350 opt_step=168 ep=0.27 | CE 0.2604  contrast 8.2547  total 1.9114 | cand 4100  pos 2050.5  neg 2049.5  skipped 0 | q·k -0.069  完成度 15% | queue valid=4096 ptr=1304 {0: 2051, 1: 2045} | ema=168
2026-08-19 12:38:10,303 INFO [scl_moco] micro=1400 opt_step=174 ep=0.28 | CE 0.1471  contrast 8.2362  total 1.7944 | cand 4100  pos 2052.2  neg 2047.8  skipped 0 | q·k 0.120  完成度 15% | queue valid=4096 ptr=1504 {0: 2073, 1: 2023} | ema=174
2026-08-19 12:38:29,221 INFO [scl_moco] micro=1450 opt_step=181 ep=0.29 | CE 0.1687  contrast 8.2267  total 1.8140 | cand 4100  pos 2047.8  neg 2052.2  skipped 0 | q·k 0.329  完成度 17% | queue valid=4096 ptr=1704 {0: 2079, 1: 2017} | ema=181
2026-08-19 12:38:46,798 INFO [scl_moco] micro=1500 opt_step=187 ep=0.30 | CE 0.2617  contrast 8.2303  total 1.9078 | cand 4100  pos 2050.4  neg 2049.6  skipped 0 | q·k 0.371  完成度 20% | queue valid=4096 ptr=1904 {0: 2083, 1: 2013} | ema=187
2026-08-19 12:39:04,341 INFO [scl_moco] micro=1550 opt_step=193 ep=0.31 | CE 0.1667  contrast 8.2027  total 1.8073 | cand 4100  pos 2049.6  neg 2050.4  skipped 0 | q·k 0.528  完成度 21% | queue valid=4096 ptr=2104 {0: 2077, 1: 2019} | ema=193
2026-08-19 12:39:21,732 INFO [scl_moco] micro=1600 opt_step=199 ep=0.32 | CE 0.1335  contrast 8.1840  total 1.7703 | cand 4100  pos 2047.9  neg 2052.1  skipped 0 | q·k 0.553  完成度 23% | queue valid=4096 ptr=2304 {0: 2054, 1: 2042} | ema=199
2026-08-19 12:39:21,905 INFO [trainer] step 200/1250 loss=1.8499 grad_norm=0.311303 learning_rate=8.9617e-05 epoch=0.32
2026-08-19 12:39:57,779 INFO [scl_moco] micro=1650 opt_step=206 ep=0.33 | CE 0.2265  contrast 8.1945  total 1.8654 | cand 4100  pos 2052.1  neg 2047.9  skipped 0 | q·k 0.467  完成度 25% | queue valid=4096 ptr=2504 {0: 2025, 1: 2071} | ema=206
2026-08-19 12:40:33,859 INFO [scl_moco] micro=1700 opt_step=212 ep=0.34 | CE 0.2415  contrast 8.1969  total 1.8808 | cand 4100  pos 2050.6  neg 2049.4  skipped 0 | q·k 0.590  完成度 27% | queue valid=4096 ptr=2704 {0: 2024, 1: 2072} | ema=212
2026-08-19 12:41:03,035 INFO [scl_moco] micro=1750 opt_step=218 ep=0.35 | CE 0.2034  contrast 8.1676  total 1.8370 | cand 4100  pos 2049.1  neg 2050.9  skipped 0 | q·k 0.674  完成度 28% | queue valid=4096 ptr=2904 {0: 2025, 1: 2071} | ema=218
2026-08-19 12:41:24,800 INFO [scl_moco] micro=1800 opt_step=224 ep=0.36 | CE 0.1871  contrast 8.1502  total 1.8172 | cand 4100  pos 2048.9  neg 2051.1  skipped 0 | q·k 0.757  完成度 3% | queue valid=4096 ptr=3104 {0: 2033, 1: 2063} | ema=224
2026-08-19 12:41:43,558 INFO [scl_moco] micro=1850 opt_step=231 ep=0.37 | CE 0.1319  contrast 8.1239  total 1.7567 | cand 4100  pos 2050.0  neg 2050.0  skipped 0 | q·k 0.799  完成度 34% | queue valid=4096 ptr=3304 {0: 2053, 1: 2043} | ema=231
2026-08-19 12:42:01,159 INFO [scl_moco] micro=1900 opt_step=237 ep=0.38 | CE 0.2119  contrast 8.1162  total 1.8351 | cand 4100  pos 2050.5  neg 2049.5  skipped 0 | q·k 0.802  完成度 1% | queue valid=4096 ptr=3504 {0: 2062, 1: 2034} | ema=237
2026-08-19 12:42:18,775 INFO [scl_moco] micro=1950 opt_step=243 ep=0.39 | CE 0.1222  contrast 8.0765  total 1.7375 | cand 4100  pos 2049.6  neg 2050.4  skipped 0 | q·k 0.751  完成度 43% | queue valid=4096 ptr=3704 {0: 2054, 1: 2042} | ema=243
2026-08-19 12:42:36,209 INFO [scl_moco] micro=2000 opt_step=249 ep=0.40 | CE 0.1246  contrast 8.0475  total 1.7341 | cand 4100  pos 2050.2  neg 2049.8  skipped 0 | q·k 0.818  完成度 46% | queue valid=4096 ptr=3904 {0: 2041, 1: 2055} | ema=249
2026-08-19 12:42:36,384 INFO [trainer] step 250/1250 loss=1.808 grad_norm=0.711049 learning_rate=8.53617e-05 epoch=0.4
2026-08-19 12:43:12,281 INFO [scl_moco] micro=2050 opt_step=256 ep=0.41 | CE 0.3420  contrast 8.1268  total 1.9673 | cand 4100  pos 2050.7  neg 2049.3  skipped 0 | q·k 0.789  完成度 45% | queue valid=4096 ptr=8 {0: 2024, 1: 2072} | ema=256
2026-08-19 12:43:48,487 INFO [scl_moco] micro=2100 opt_step=262 ep=0.42 | CE 0.1825  contrast 8.0540  total 1.7933 | cand 4100  pos 2049.6  neg 2050.4  skipped 0 | q·k 0.855  完成度 43% | queue valid=4096 ptr=208 {0: 2028, 1: 2068} | ema=262
2026-08-19 12:44:18,833 INFO [scl_moco] micro=2150 opt_step=268 ep=0.43 | CE 0.1042  contrast 8.0184  total 1.7079 | cand 4100  pos 2049.1  neg 2050.9  skipped 0 | q·k 0.752  完成度 18% | queue valid=4096 ptr=408 {0: 2024, 1: 2072} | ema=268
2026-08-19 12:44:40,950 INFO [scl_moco] micro=2200 opt_step=274 ep=0.44 | CE 0.1586  contrast 8.0246  total 1.7636 | cand 4100  pos 2048.9  neg 2051.1  skipped 0 | q·k 0.824  完成度 49% | queue valid=4096 ptr=608 {0: 2035, 1: 2061} | ema=274
2026-08-19 12:44:59,826 INFO [scl_moco] micro=2250 opt_step=281 ep=0.45 | CE 0.2209  contrast 8.0256  total 1.8260 | cand 4100  pos 2050.4  neg 2049.6  skipped 0 | q·k 0.793  完成度 54% | queue valid=4096 ptr=808 {0: 2039, 1: 2057} | ema=281
2026-08-19 12:45:17,765 INFO [scl_moco] micro=2300 opt_step=287 ep=0.46 | CE 0.0992  contrast 7.9853  total 1.6962 | cand 4100  pos 2049.8  neg 2050.2  skipped 0 | q·k 0.872  完成度 58% | queue valid=4096 ptr=1008 {0: 2040, 1: 2056} | ema=287
2026-08-19 12:45:35,534 INFO [scl_moco] micro=2350 opt_step=293 ep=0.47 | CE 0.1160  contrast 7.9665  total 1.7093 | cand 4100  pos 2050.2  neg 2049.8  skipped 0 | q·k 0.901  完成度 59% | queue valid=4096 ptr=1208 {0: 2034, 1: 2062} | ema=293
2026-08-19 12:45:53,172 INFO [scl_moco] micro=2400 opt_step=299 ep=0.48 | CE 0.1177  contrast 7.9550  total 1.7087 | cand 4100  pos 2050.4  neg 2049.6  skipped 0 | q·k 0.892  完成度 62% | queue valid=4096 ptr=1408 {0: 2034, 1: 2062} | ema=299
2026-08-19 12:45:53,351 INFO [trainer] step 300/1250 loss=1.7715 grad_norm=0.242167 learning_rate=8.11064e-05 epoch=0.48
2026-08-19 12:46:29,249 INFO [scl_moco] micro=2450 opt_step=306 ep=0.49 | CE 0.2031  contrast 8.0231  total 1.8077 | cand 4100  pos 2052.4  neg 2047.6  skipped 0 | q·k 0.907  完成度 59% | queue valid=4096 ptr=1608 {0: 2018, 1: 2078} | ema=306
2026-08-19 12:47:05,570 INFO [scl_moco] micro=2500 opt_step=312 ep=0.50 | CE 0.1971  contrast 7.9891  total 1.7949 | cand 4100  pos 2051.0  neg 2049.0  skipped 0 | q·k 0.865  完成度 51% | queue valid=4096 ptr=1808 {0: 2014, 1: 2082} | ema=312
2026-08-19 12:47:35,744 INFO [scl_moco] micro=2550 opt_step=318 ep=0.51 | CE 0.0888  contrast 7.9353  total 1.6758 | cand 4100  pos 2046.7  neg 2053.3  skipped 0 | q·k 0.868  完成度 62% | queue valid=4096 ptr=2008 {0: 2037, 1: 2059} | ema=318
2026-08-19 12:47:58,127 INFO [scl_moco] micro=2600 opt_step=324 ep=0.52 | CE 0.1830  contrast 7.9613  total 1.7753 | cand 4100  pos 2049.6  neg 2050.4  skipped 0 | q·k 0.934  完成度 -5% | queue valid=4096 ptr=2208 {0: 2049, 1: 2047} | ema=324
2026-08-19 12:48:16,763 INFO [scl_moco] micro=2650 opt_step=331 ep=0.53 | CE 0.1683  contrast 7.9704  total 1.7624 | cand 4100  pos 2054.3  neg 2045.7  skipped 0 | q·k 0.933  完成度 66% | queue valid=4096 ptr=2408 {0: 2096, 1: 2000} | ema=331
2026-08-19 12:48:34,709 INFO [scl_moco] micro=2700 opt_step=337 ep=0.54 | CE 0.1154  contrast 7.9311  total 1.7016 | cand 4100  pos 2050.4  neg 2049.6  skipped 0 | q·k 0.945  完成度 68% | queue valid=4096 ptr=2608 {0: 2101, 1: 1995} | ema=337
2026-08-19 12:48:52,268 INFO [scl_moco] micro=2750 opt_step=343 ep=0.55 | CE 0.1487  contrast 7.9430  total 1.7373 | cand 4100  pos 2049.5  neg 2050.5  skipped 0 | q·k 0.959  完成度 67% | queue valid=4096 ptr=2808 {0: 2094, 1: 2002} | ema=343
2026-08-19 12:49:10,071 INFO [scl_moco] micro=2800 opt_step=349 ep=0.56 | CE 0.1008  contrast 7.8958  total 1.6799 | cand 4100  pos 2046.1  neg 2053.9  skipped 0 | q·k 0.954  完成度 1% | queue valid=4096 ptr=3008 {0: 2087, 1: 2009} | ema=349
2026-08-19 12:49:10,248 INFO [trainer] step 350/1250 loss=1.7419 grad_norm=1.63289 learning_rate=7.68511e-05 epoch=0.56
2026-08-19 12:49:45,980 INFO [scl_moco] micro=2850 opt_step=356 ep=0.57 | CE 0.1752  contrast 7.9884  total 1.7729 | cand 4100  pos 2052.2  neg 2047.8  skipped 0 | q·k 0.950  完成度 52% | queue valid=4096 ptr=3208 {0: 2081, 1: 2015} | ema=356
2026-08-19 12:50:22,320 INFO [scl_moco] micro=2900 opt_step=362 ep=0.58 | CE 0.1727  contrast 7.9288  total 1.7585 | cand 4100  pos 2049.7  neg 2050.3  skipped 0 | q·k 0.905  完成度 69% | queue valid=4096 ptr=3408 {0: 2065, 1: 2031} | ema=362
2026-08-19 12:50:51,287 INFO [scl_moco] micro=2950 opt_step=368 ep=0.59 | CE 0.1493  contrast 7.9313  total 1.7355 | cand 4100  pos 2050.1  neg 2049.9  skipped 0 | q·k 0.918  完成度 47% | queue valid=4096 ptr=3608 {0: 2069, 1: 2027} | ema=368
2026-08-19 12:51:13,100 INFO [scl_moco] micro=3000 opt_step=374 ep=0.60 | CE 0.2541  contrast 8.0004  total 1.8542 | cand 4100  pos 2052.0  neg 2048.0  skipped 0 | q·k 0.956  完成度 73% | queue valid=4096 ptr=3808 {0: 2082, 1: 2014} | ema=374
2026-08-19 12:51:31,618 INFO [scl_moco] micro=3050 opt_step=381 ep=0.61 | CE 0.1332  contrast 7.9113  total 1.7155 | cand 4100  pos 2057.4  neg 2042.6  skipped 0 | q·k 0.881  完成度 71% | queue valid=4096 ptr=4008 {0: 2112, 1: 1984} | ema=381
2026-08-19 12:51:49,587 INFO [scl_moco] micro=3100 opt_step=387 ep=0.62 | CE 0.1385  contrast 7.9049  total 1.7195 | cand 4100  pos 2045.6  neg 2054.4  skipped 0 | q·k 0.958  完成度 1% | queue valid=4096 ptr=112 {0: 2100, 1: 1996} | ema=387
2026-08-19 12:52:07,175 INFO [scl_moco] micro=3150 opt_step=393 ep=0.63 | CE 0.1317  contrast 7.8921  total 1.7101 | cand 4100  pos 2045.0  neg 2055.0  skipped 0 | q·k 0.960  完成度 74% | queue valid=4096 ptr=312 {0: 2092, 1: 2004} | ema=393
2026-08-19 12:52:25,007 INFO [scl_moco] micro=3200 opt_step=399 ep=0.64 | CE 0.1253  contrast 7.8831  total 1.7019 | cand 4100  pos 2047.2  neg 2052.8  skipped 0 | q·k 0.965  完成度 74% | queue valid=4096 ptr=512 {0: 2066, 1: 2030} | ema=399
2026-08-19 12:52:25,182 INFO [trainer] step 400/1250 loss=1.746 grad_norm=1.67652 learning_rate=7.25957e-05 epoch=0.64
2026-08-19 12:53:00,916 INFO [scl_moco] micro=3250 opt_step=406 ep=0.65 | CE 0.1250  contrast 7.8702  total 1.6991 | cand 4100  pos 2048.9  neg 2051.1  skipped 0 | q·k 0.961  完成度 47% | queue valid=4096 ptr=712 {0: 2060, 1: 2036} | ema=406
2026-08-19 12:53:37,022 INFO [scl_moco] micro=3300 opt_step=412 ep=0.66 | CE 0.0647  contrast 7.8450  total 1.6337 | cand 4100  pos 2050.9  neg 2049.1  skipped 0 | q·k 0.976  完成度 76% | queue valid=4096 ptr=912 {0: 2064, 1: 2032} | ema=412
2026-08-19 12:54:05,600 INFO [scl_moco] micro=3350 opt_step=418 ep=0.67 | CE 0.1893  contrast 7.9228  total 1.7739 | cand 4100  pos 2050.3  neg 2049.7  skipped 0 | q·k 0.981  完成度 77% | queue valid=4096 ptr=1112 {0: 2066, 1: 2030} | ema=418
2026-08-19 12:54:27,546 INFO [scl_moco] micro=3400 opt_step=424 ep=0.68 | CE 0.1223  contrast 7.8881  total 1.6999 | cand 4100  pos 2051.7  neg 2048.3  skipped 0 | q·k 0.973  完成度 76% | queue valid=4096 ptr=1312 {0: 2071, 1: 2025} | ema=424
2026-08-19 12:54:46,043 INFO [scl_moco] micro=3450 opt_step=431 ep=0.69 | CE 0.0760  contrast 7.8502  total 1.6460 | cand 4100  pos 2053.4  neg 2046.5  skipped 0 | q·k 0.971  完成度 76% | queue valid=4096 ptr=1512 {0: 2094, 1: 2002} | ema=431
2026-08-19 12:55:03,842 INFO [scl_moco] micro=3500 opt_step=437 ep=0.70 | CE 0.1432  contrast 7.8931  total 1.7218 | cand 4100  pos 2058.1  neg 2042.0  skipped 0 | q·k 0.981  完成度 76% | queue valid=4096 ptr=1712 {0: 2102, 1: 1994} | ema=437
2026-08-19 12:55:21,204 INFO [scl_moco] micro=3550 opt_step=443 ep=0.71 | CE 0.1371  contrast 7.8797  total 1.7131 | cand 4100  pos 2053.0  neg 2047.0  skipped 0 | q·k 0.983  完成度 77% | queue valid=4096 ptr=1912 {0: 2106, 1: 1990} | ema=443
2026-08-19 12:55:38,774 INFO [scl_moco] micro=3600 opt_step=449 ep=0.72 | CE 0.1612  contrast 7.9144  total 1.7441 | cand 4100  pos 2047.7  neg 2052.3  skipped 0 | q·k 0.981  完成度 -18% | queue valid=4096 ptr=2112 {0: 2071, 1: 2025} | ema=449
2026-08-19 12:55:38,951 INFO [trainer] step 450/1250 loss=1.7039 grad_norm=0.572547 learning_rate=6.83404e-05 epoch=0.72
2026-08-19 12:56:14,690 INFO [scl_moco] micro=3650 opt_step=456 ep=0.73 | CE 0.1635  contrast 7.8916  total 1.7418 | cand 4100  pos 2049.0  neg 2051.0  skipped 0 | q·k 0.981  完成度 77% | queue valid=4096 ptr=2312 {0: 2061, 1: 2035} | ema=456
2026-08-19 12:56:50,982 INFO [scl_moco] micro=3700 opt_step=462 ep=0.74 | CE 0.1722  contrast 7.8911  total 1.7504 | cand 4100  pos 2050.2  neg 2049.8  skipped 0 | q·k 0.981  完成度 77% | queue valid=4096 ptr=2512 {0: 2053, 1: 2043} | ema=462
2026-08-19 12:57:21,089 INFO [scl_moco] micro=3750 opt_step=468 ep=0.75 | CE 0.1247  contrast 7.8698  total 1.6986 | cand 4100  pos 2050.0  neg 2050.0  skipped 0 | q·k 0.987  完成度 78% | queue valid=4096 ptr=2712 {0: 2043, 1: 2053} | ema=468
2026-08-19 12:57:43,110 INFO [scl_moco] micro=3800 opt_step=474 ep=0.76 | CE 0.1278  contrast 7.8811  total 1.7040 | cand 4100  pos 2050.5  neg 2049.5  skipped 0 | q·k 0.987  完成度 78% | queue valid=4096 ptr=2912 {0: 2050, 1: 2046} | ema=474
2026-08-19 12:58:01,901 INFO [scl_moco] micro=3850 opt_step=481 ep=0.77 | CE 0.2176  contrast 7.9336  total 1.8043 | cand 4100  pos 2050.5  neg 2049.5  skipped 0 | q·k 0.984  完成度 77% | queue valid=4096 ptr=3112 {0: 2059, 1: 2037} | ema=481
2026-08-19 12:58:19,430 INFO [scl_moco] micro=3900 opt_step=487 ep=0.78 | CE 0.1654  contrast 7.8944  total 1.7443 | cand 4100  pos 2051.3  neg 2048.7  skipped 0 | q·k 0.989  完成度 -19% | queue valid=4096 ptr=3312 {0: 2064, 1: 2032} | ema=487
2026-08-19 12:58:36,862 INFO [scl_moco] micro=3950 opt_step=493 ep=0.79 | CE 0.0974  contrast 7.8510  total 1.6676 | cand 4100  pos 2049.4  neg 2050.6  skipped 0 | q·k 0.975  完成度 32% | queue valid=4096 ptr=3512 {0: 2053, 1: 2043} | ema=493
2026-08-19 12:58:54,121 INFO [scl_moco] micro=4000 opt_step=499 ep=0.80 | CE 0.1683  contrast 7.8885  total 1.7460 | cand 4100  pos 2050.4  neg 2049.6  skipped 0 | q·k 0.982  完成度 56% | queue valid=4096 ptr=3712 {0: 2039, 1: 2057} | ema=499
2026-08-19 12:58:54,293 INFO [trainer] step 500/1250 loss=1.7321 grad_norm=1.40186 learning_rate=6.40851e-05 epoch=0.8
2026-08-19 12:59:30,179 INFO [scl_moco] micro=4050 opt_step=506 ep=0.81 | CE 0.1807  contrast 7.9062  total 1.7620 | cand 4100  pos 2050.4  neg 2049.6  skipped 0 | q·k 0.994  完成度 78% | queue valid=4096 ptr=3912 {0: 2025, 1: 2071} | ema=506
2026-08-19 13:00:06,318 INFO [scl_moco] micro=4100 opt_step=512 ep=0.82 | CE 0.1799  contrast 7.9128  total 1.7625 | cand 4100  pos 2049.4  neg 2050.6  skipped 0 | q·k 0.993  完成度 73% | queue valid=4096 ptr=16 {0: 2028, 1: 2068} | ema=512
2026-08-19 13:00:37,102 INFO [scl_moco] micro=4150 opt_step=518 ep=0.83 | CE 0.1165  contrast 7.8587  total 1.6883 | cand 4100  pos 2051.3  neg 2048.7  skipped 0 | q·k 0.989  完成度 22% | queue valid=4096 ptr=216 {0: 2033, 1: 2063} | ema=518
2026-08-19 13:00:59,226 INFO [scl_moco] micro=4200 opt_step=524 ep=0.84 | CE 0.1583  contrast 7.8970  total 1.7377 | cand 4100  pos 2049.6  neg 2050.4  skipped 0 | q·k 0.991  完成度 49% | queue valid=4096 ptr=416 {0: 2046, 1: 2050} | ema=524
2026-08-19 13:01:18,006 INFO [scl_moco] micro=4250 opt_step=531 ep=0.85 | CE 0.1359  contrast 7.8809  total 1.7121 | cand 4100  pos 2050.3  neg 2049.7  skipped 0 | q·k 0.992  完成度 78% | queue valid=4096 ptr=616 {0: 2056, 1: 2040} | ema=531
2026-08-19 13:01:35,413 INFO [scl_moco] micro=4300 opt_step=537 ep=0.86 | CE 0.0763  contrast 7.8343  total 1.6431 | cand 4100  pos 2049.6  neg 2050.4  skipped 0 | q·k 0.996  完成度 78% | queue valid=4096 ptr=816 {0: 2065, 1: 2031} | ema=537
2026-08-19 13:01:52,870 INFO [scl_moco] micro=4350 opt_step=543 ep=0.87 | CE 0.1266  contrast 7.8669  total 1.7000 | cand 4100  pos 2051.2  neg 2048.8  skipped 0 | q·k 0.998  完成度 77% | queue valid=4096 ptr=1016 {0: 2068, 1: 2028} | ema=543
2026-08-19 13:02:10,113 INFO [scl_moco] micro=4400 opt_step=549 ep=0.88 | CE 0.1836  contrast 7.8838  total 1.7604 | cand 4100  pos 2049.7  neg 2050.3  skipped 0 | q·k 0.997  完成度 78% | queue valid=4096 ptr=1216 {0: 2059, 1: 2037} | ema=549
2026-08-19 13:02:10,286 INFO [trainer] step 550/1250 loss=1.7207 grad_norm=1.63786 learning_rate=5.98298e-05 epoch=0.88
2026-08-19 13:02:46,159 INFO [scl_moco] micro=4450 opt_step=556 ep=0.89 | CE 0.1787  contrast 7.9104  total 1.7608 | cand 4100  pos 2050.5  neg 2049.5  skipped 0 | q·k 0.979  完成度 67% | queue valid=4096 ptr=1416 {0: 2053, 1: 2043} | ema=556
2026-08-19 13:03:22,262 INFO [scl_moco] micro=4500 opt_step=562 ep=0.90 | CE 0.1848  contrast 7.9292  total 1.7706 | cand 4100  pos 2049.9  neg 2050.1  skipped 0 | q·k 0.997  完成度 77% | queue valid=4096 ptr=1616 {0: 2026, 1: 2070} | ema=562
2026-08-19 13:03:52,200 INFO [scl_moco] micro=4550 opt_step=568 ep=0.91 | CE 0.1268  contrast 7.8712  total 1.7011 | cand 4100  pos 2050.9  neg 2049.1  skipped 0 | q·k 0.998  完成度 76% | queue valid=4096 ptr=1816 {0: 2017, 1: 2079} | ema=568
2026-08-19 13:04:14,262 INFO [scl_moco] micro=4600 opt_step=574 ep=0.92 | CE 0.1107  contrast 7.8630  total 1.6833 | cand 4100  pos 2050.4  neg 2049.6  skipped 0 | q·k 0.986  完成度 17% | queue valid=4096 ptr=2016 {0: 2018, 1: 2078} | ema=574
2026-08-19 13:04:33,034 INFO [scl_moco] micro=4650 opt_step=581 ep=0.93 | CE 0.1485  contrast 7.9042  total 1.7293 | cand 4100  pos 2049.6  neg 2050.4  skipped 0 | q·k 0.998  完成度 77% | queue valid=4096 ptr=2216 {0: 2036, 1: 2060} | ema=581
2026-08-19 13:04:50,722 INFO [scl_moco] micro=4700 opt_step=587 ep=0.94 | CE 0.0540  contrast 7.8055  total 1.6151 | cand 4100  pos 2049.8  neg 2050.2  skipped 0 | q·k 0.998  完成度 78% | queue valid=4096 ptr=2416 {0: 2053, 1: 2043} | ema=587
2026-08-19 13:05:08,220 INFO [scl_moco] micro=4750 opt_step=593 ep=0.95 | CE 0.1154  contrast 7.8724  total 1.6899 | cand 4100  pos 2050.1  neg 2049.9  skipped 0 | q·k 0.998  完成度 77% | queue valid=4096 ptr=2616 {0: 2041, 1: 2055} | ema=593
2026-08-19 13:05:25,612 INFO [scl_moco] micro=4800 opt_step=599 ep=0.96 | CE 0.2182  contrast 7.9288  total 1.8040 | cand 4100  pos 2050.3  neg 2049.7  skipped 0 | q·k 0.975  完成度 -7% | queue valid=4096 ptr=2816 {0: 2038, 1: 2058} | ema=599
2026-08-19 13:05:25,788 INFO [trainer] step 600/1250 loss=1.7193 grad_norm=3.49151 learning_rate=5.55745e-05 epoch=0.96
2026-08-19 13:06:01,620 INFO [scl_moco] micro=4850 opt_step=606 ep=0.97 | CE 0.1211  contrast 7.8762  total 1.6963 | cand 4100  pos 2052.7  neg 2047.3  skipped 0 | q·k 0.998  完成度 74% | queue valid=4096 ptr=3016 {0: 2029, 1: 2067} | ema=606
2026-08-19 13:06:27,104 INFO [scl_moco] micro=4900 opt_step=612 ep=0.98 | CE 0.1424  contrast 7.8743  total 1.7173 | cand 4100  pos 2047.7  neg 2052.3  skipped 0 | q·k 0.998  完成度 78% | queue valid=4096 ptr=3216 {0: 2035, 1: 2061} | ema=612
2026-08-19 13:06:45,135 INFO [scl_moco] micro=4950 opt_step=618 ep=0.99 | CE 0.0949  contrast 7.8468  total 1.6643 | cand 4100  pos 2050.5  neg 2049.5  skipped 0 | q·k 0.992  完成度 66% | queue valid=4096 ptr=3416 {0: 2034, 1: 2062} | ema=618
2026-08-19 13:07:02,704 INFO [scl_moco] micro=5000 opt_step=624 ep=1.00 | CE 0.0813  contrast 7.8208  total 1.6454 | cand 4100  pos 2051.8  neg 2048.2  skipped 0 | q·k 0.998  完成度 78% | queue valid=4096 ptr=3616 {0: 2034, 1: 2062} | ema=624
2026-08-19 13:08:58,482 INFO [trainer] step 625/1250 eval_loss=0.147966 eval_accuracy=0.9534 eval_macro_f1=0.953397 eval_macro_precision=0.953534 eval_macro_recall=0.9534 eval_roc_auc=0.987413 eval_runtime=113.745 eval_samples_per_second=43.958 eval_steps_per_second=5.495 epoch=1
2026-08-19 13:09:34,232 INFO [scl_moco] micro=5050 opt_step=631 ep=1.01 | CE 0.1794  contrast 7.8923  total 1.7578 | cand 4100  pos 2050.7  neg 2049.3  skipped 0 | q·k 0.999  完成度 78% | queue valid=4096 ptr=3816 {0: 2037, 1: 2059} | ema=631
2026-08-19 13:10:10,348 INFO [scl_moco] micro=5100 opt_step=637 ep=1.02 | CE 0.1607  contrast 7.8929  total 1.7393 | cand 4100  pos 2053.0  neg 2047.0  skipped 0 | q·k 0.999  完成度 79% | queue valid=4096 ptr=4016 {0: 2019, 1: 2077} | ema=637
2026-08-19 13:10:40,999 INFO [scl_moco] micro=5150 opt_step=643 ep=1.03 | CE 0.0733  contrast 7.8154  total 1.6364 | cand 4100  pos 2048.7  neg 2051.3  skipped 0 | q·k 0.998  完成度 79% | queue valid=4096 ptr=120 {0: 2028, 1: 2068} | ema=643
2026-08-19 13:11:02,616 INFO [scl_moco] micro=5200 opt_step=649 ep=1.04 | CE 0.1214  contrast 7.8508  total 1.6916 | cand 4100  pos 2049.5  neg 2050.5  skipped 0 | q·k 0.997  完成度 79% | queue valid=4096 ptr=320 {0: 2030, 1: 2066} | ema=649
2026-08-19 13:11:02,829 INFO [trainer] step 650/1250 loss=1.6935 grad_norm=1.47961 learning_rate=5.13191e-05 epoch=1.04
2026-08-19 13:11:21,098 INFO [scl_moco] micro=5250 opt_step=656 ep=1.05 | CE 0.0934  contrast 7.8250  total 1.6584 | cand 4100  pos 2048.9  neg 2051.1  skipped 0 | q·k 0.998  完成度 80% | queue valid=4096 ptr=520 {0: 2036, 1: 2060} | ema=656
2026-08-19 13:11:39,150 INFO [scl_moco] micro=5300 opt_step=662 ep=1.06 | CE 0.1305  contrast 7.8740  total 1.7053 | cand 4100  pos 2049.3  neg 2050.7  skipped 0 | q·k 0.998  完成度 80% | queue valid=4096 ptr=720 {0: 2038, 1: 2058} | ema=662
2026-08-19 13:11:56,672 INFO [scl_moco] micro=5350 opt_step=668 ep=1.07 | CE 0.0991  contrast 7.8335  total 1.6658 | cand 4100  pos 2050.2  neg 2049.8  skipped 0 | q·k 0.998  完成度 80% | queue valid=4096 ptr=920 {0: 2038, 1: 2058} | ema=668
2026-08-19 13:12:14,335 INFO [scl_moco] micro=5400 opt_step=674 ep=1.08 | CE 0.1104  contrast 7.8456  total 1.6795 | cand 4100  pos 2051.2  neg 2048.8  skipped 0 | q·k 0.999  完成度 -108% | queue valid=4096 ptr=1120 {0: 2030, 1: 2066} | ema=674
2026-08-19 13:12:50,364 INFO [scl_moco] micro=5450 opt_step=681 ep=1.09 | CE 0.1449  contrast 7.8789  total 1.7207 | cand 4100  pos 2050.8  neg 2049.2  skipped 0 | q·k 0.999  完成度 80% | queue valid=4096 ptr=1320 {0: 2033, 1: 2063} | ema=681
2026-08-19 13:13:26,486 INFO [scl_moco] micro=5500 opt_step=687 ep=1.10 | CE 0.2068  contrast 7.9079  total 1.7884 | cand 4100  pos 2050.0  neg 2050.0  skipped 0 | q·k 0.998  完成度 79% | queue valid=4096 ptr=1520 {0: 2040, 1: 2056} | ema=687
2026-08-19 13:13:56,149 INFO [scl_moco] micro=5550 opt_step=693 ep=1.11 | CE 0.0687  contrast 7.8122  total 1.6312 | cand 4100  pos 2049.7  neg 2050.3  skipped 0 | q·k 0.999  完成度 80% | queue valid=4096 ptr=1720 {0: 2036, 1: 2060} | ema=693
2026-08-19 13:14:18,463 INFO [scl_moco] micro=5600 opt_step=699 ep=1.12 | CE 0.2153  contrast 7.9206  total 1.7994 | cand 4100  pos 2050.0  neg 2050.0  skipped 0 | q·k 0.997  完成度 79% | queue valid=4096 ptr=1920 {0: 2055, 1: 2041} | ema=699
2026-08-19 13:14:18,680 INFO [trainer] step 700/1250 loss=1.7061 grad_norm=2.72997 learning_rate=4.70638e-05 epoch=1.12
2026-08-19 13:14:37,366 INFO [scl_moco] micro=5650 opt_step=706 ep=1.13 | CE 0.1566  contrast 7.8722  total 1.7310 | cand 4100  pos 2051.8  neg 2048.2  skipped 0 | q·k 0.998  完成度 79% | queue valid=4096 ptr=2120 {0: 2069, 1: 2027} | ema=706
2026-08-19 13:14:55,163 INFO [scl_moco] micro=5700 opt_step=712 ep=1.14 | CE 0.0371  contrast 7.7955  total 1.5962 | cand 4100  pos 2052.8  neg 2047.2  skipped 0 | q·k 0.998  完成度 80% | queue valid=4096 ptr=2320 {0: 2074, 1: 2022} | ema=712
2026-08-19 13:15:13,011 INFO [scl_moco] micro=5750 opt_step=718 ep=1.15 | CE 0.0948  contrast 7.8292  total 1.6606 | cand 4100  pos 2053.1  neg 2046.9  skipped 0 | q·k 0.997  完成度 80% | queue valid=4096 ptr=2520 {0: 2083, 1: 2013} | ema=718
2026-08-19 13:15:30,464 INFO [scl_moco] micro=5800 opt_step=724 ep=1.16 | CE 0.1057  contrast 7.8275  total 1.6712 | cand 4100  pos 2047.5  neg 2052.5  skipped 0 | q·k 0.998  完成度 73% | queue valid=4096 ptr=2720 {0: 2073, 1: 2023} | ema=724
2026-08-19 13:16:06,339 INFO [scl_moco] micro=5850 opt_step=731 ep=1.17 | CE 0.1417  contrast 7.8605  total 1.7138 | cand 4100  pos 2046.7  neg 2053.3  skipped 0 | q·k 0.996  完成度 75% | queue valid=4096 ptr=2920 {0: 2082, 1: 2014} | ema=731
2026-08-19 13:16:42,564 INFO [scl_moco] micro=5900 opt_step=737 ep=1.18 | CE 0.1456  contrast 7.8654  total 1.7187 | cand 4100  pos 2046.6  neg 2053.4  skipped 0 | q·k 0.998  完成度 4% | queue valid=4096 ptr=3120 {0: 2066, 1: 2030} | ema=737
2026-08-19 13:17:12,663 INFO [scl_moco] micro=5950 opt_step=743 ep=1.19 | CE 0.1359  contrast 7.8449  total 1.7049 | cand 4100  pos 2051.4  neg 2048.6  skipped 0 | q·k 0.993  完成度 80% | queue valid=4096 ptr=3320 {0: 2068, 1: 2028} | ema=743
2026-08-19 13:17:35,127 INFO [scl_moco] micro=6000 opt_step=749 ep=1.20 | CE 0.1926  contrast 7.9052  total 1.7737 | cand 4100  pos 2056.2  neg 2043.8  skipped 0 | q·k 0.999  完成度 80% | queue valid=4096 ptr=3520 {0: 2088, 1: 2008} | ema=749
2026-08-19 13:17:35,334 INFO [trainer] step 750/1250 loss=1.6963 grad_norm=1.30256 learning_rate=4.28085e-05 epoch=1.2
2026-08-19 13:17:53,694 INFO [scl_moco] micro=6050 opt_step=756 ep=1.21 | CE 0.0991  contrast 7.8443  total 1.6679 | cand 4100  pos 2051.3  neg 2048.7  skipped 0 | q·k 0.999  完成度 80% | queue valid=4096 ptr=3720 {0: 2105, 1: 1991} | ema=756
2026-08-19 13:18:11,293 INFO [scl_moco] micro=6100 opt_step=762 ep=1.22 | CE 0.1646  contrast 7.8840  total 1.7414 | cand 4100  pos 2054.5  neg 2045.5  skipped 0 | q·k 0.998  完成度 80% | queue valid=4096 ptr=3920 {0: 2109, 1: 1987} | ema=762
2026-08-19 13:18:28,928 INFO [scl_moco] micro=6150 opt_step=768 ep=1.23 | CE 0.1017  contrast 7.8299  total 1.6676 | cand 4100  pos 2056.7  neg 2043.3  skipped 0 | q·k 0.984  完成度 51% | queue valid=4096 ptr=24 {0: 2126, 1: 1970} | ema=768
2026-08-19 13:18:46,372 INFO [scl_moco] micro=6200 opt_step=774 ep=1.24 | CE 0.1550  contrast 7.8579  total 1.7266 | cand 4100  pos 2040.2  neg 2059.8  skipped 0 | q·k 0.999  完成度 81% | queue valid=4096 ptr=224 {0: 2108, 1: 1988} | ema=774
2026-08-19 13:19:22,266 INFO [scl_moco] micro=6250 opt_step=781 ep=1.25 | CE 0.1244  contrast 7.8732  total 1.6990 | cand 4100  pos 2055.7  neg 2044.3  skipped 0 | q·k 0.996  完成度 48% | queue valid=4096 ptr=424 {0: 2108, 1: 1988} | ema=781
2026-08-19 13:19:58,499 INFO [scl_moco] micro=6300 opt_step=787 ep=1.26 | CE 0.1106  contrast 7.8339  total 1.6774 | cand 4100  pos 2043.1  neg 2056.9  skipped 0 | q·k 0.997  完成度 80% | queue valid=4096 ptr=624 {0: 2084, 1: 2012} | ema=787
2026-08-19 13:20:26,805 INFO [scl_moco] micro=6350 opt_step=793 ep=1.27 | CE 0.0984  contrast 7.8340  total 1.6652 | cand 4100  pos 2049.9  neg 2050.1  skipped 0 | q·k 0.997  完成度 79% | queue valid=4096 ptr=824 {0: 2084, 1: 2012} | ema=793
2026-08-19 13:20:48,071 INFO [scl_moco] micro=6400 opt_step=799 ep=1.28 | CE 0.1214  contrast 7.8516  total 1.6917 | cand 4100  pos 2054.0  neg 2046.0  skipped 0 | q·k 0.997  完成度 3% | queue valid=4096 ptr=1024 {0: 2095, 1: 2001} | ema=799
2026-08-19 13:20:48,275 INFO [trainer] step 800/1250 loss=1.6921 grad_norm=1.36731 learning_rate=3.85532e-05 epoch=1.28
2026-08-19 13:21:06,673 INFO [scl_moco] micro=6450 opt_step=806 ep=1.29 | CE 0.0976  contrast 7.8386  total 1.6653 | cand 4100  pos 2049.0  neg 2051.0  skipped 0 | q·k 0.993  完成度 80% | queue valid=4096 ptr=1224 {0: 2098, 1: 1998} | ema=806
2026-08-19 13:21:24,295 INFO [scl_moco] micro=6500 opt_step=812 ep=1.30 | CE 0.0527  contrast 7.8025  total 1.6132 | cand 4100  pos 2054.6  neg 2045.4  skipped 0 | q·k 0.999  完成度 81% | queue valid=4096 ptr=1424 {0: 2106, 1: 1990} | ema=812
2026-08-19 13:21:41,668 INFO [scl_moco] micro=6550 opt_step=818 ep=1.31 | CE 0.1388  contrast 7.8437  total 1.7075 | cand 4100  pos 2049.6  neg 2050.4  skipped 0 | q·k 0.996  完成度 81% | queue valid=4096 ptr=1624 {0: 2105, 1: 1991} | ema=818
2026-08-19 13:21:59,308 INFO [scl_moco] micro=6600 opt_step=824 ep=1.32 | CE 0.1665  contrast 7.8750  total 1.7415 | cand 4100  pos 2045.2  neg 2054.8  skipped 0 | q·k 0.998  完成度 8% | queue valid=4096 ptr=1824 {0: 2084, 1: 2012} | ema=824
2026-08-19 13:22:35,202 INFO [scl_moco] micro=6650 opt_step=831 ep=1.33 | CE 0.1401  contrast 7.8612  total 1.7123 | cand 4100  pos 2052.3  neg 2047.7  skipped 0 | q·k 0.996  完成度 70% | queue valid=4096 ptr=2024 {0: 2079, 1: 2017} | ema=831
2026-08-19 13:23:11,327 INFO [scl_moco] micro=6700 opt_step=837 ep=1.34 | CE 0.1076  contrast 7.8329  total 1.6742 | cand 4100  pos 2048.4  neg 2051.6  skipped 0 | q·k 0.999  完成度 80% | queue valid=4096 ptr=2224 {0: 2052, 1: 2044} | ema=837
2026-08-19 13:23:41,547 INFO [scl_moco] micro=6750 opt_step=843 ep=1.35 | CE 0.0542  contrast 7.7941  total 1.6130 | cand 4100  pos 2050.2  neg 2049.8  skipped 0 | q·k 1.000  完成度 81% | queue valid=4096 ptr=2424 {0: 2047, 1: 2049} | ema=843
2026-08-19 13:24:03,296 INFO [scl_moco] micro=6800 opt_step=849 ep=1.36 | CE 0.1721  contrast 7.8805  total 1.7482 | cand 4100  pos 2050.4  neg 2049.6  skipped 0 | q·k 0.999  完成度 81% | queue valid=4096 ptr=2624 {0: 2039, 1: 2057} | ema=849
2026-08-19 13:24:03,495 INFO [trainer] step 850/1250 loss=1.6844 grad_norm=2.07101 learning_rate=3.42979e-05 epoch=1.36
2026-08-19 13:24:21,795 INFO [scl_moco] micro=6850 opt_step=856 ep=1.37 | CE 0.0956  contrast 7.8261  total 1.6608 | cand 4100  pos 2050.3  neg 2049.7  skipped 0 | q·k 0.999  完成度 81% | queue valid=4096 ptr=2824 {0: 2047, 1: 2049} | ema=856
2026-08-19 13:24:39,830 INFO [scl_moco] micro=6900 opt_step=862 ep=1.38 | CE 0.0547  contrast 7.7974  total 1.6142 | cand 4100  pos 2051.7  neg 2048.3  skipped 0 | q·k 0.996  完成度 80% | queue valid=4096 ptr=3024 {0: 2075, 1: 2021} | ema=862
2026-08-19 13:24:57,234 INFO [scl_moco] micro=6950 opt_step=868 ep=1.39 | CE 0.1015  contrast 7.8233  total 1.6662 | cand 4100  pos 2048.6  neg 2051.4  skipped 0 | q·k 0.997  完成度 68% | queue valid=4096 ptr=3224 {0: 2065, 1: 2031} | ema=868
2026-08-19 13:25:14,779 INFO [scl_moco] micro=7000 opt_step=874 ep=1.40 | CE 0.1482  contrast 7.8459  total 1.7174 | cand 4100  pos 2049.1  neg 2050.9  skipped 0 | q·k 0.997  完成度 81% | queue valid=4096 ptr=3424 {0: 2043, 1: 2053} | ema=874
2026-08-19 13:25:50,761 INFO [scl_moco] micro=7050 opt_step=881 ep=1.41 | CE 0.1057  contrast 7.8259  total 1.6709 | cand 4100  pos 2050.0  neg 2050.0  skipped 0 | q·k 0.998  完成度 82% | queue valid=4096 ptr=3624 {0: 2043, 1: 2053} | ema=881
2026-08-19 13:26:26,836 INFO [scl_moco] micro=7100 opt_step=887 ep=1.42 | CE 0.0874  contrast 7.8131  total 1.6500 | cand 4100  pos 2050.6  neg 2049.4  skipped 0 | q·k 0.987  完成度 44% | queue valid=4096 ptr=3824 {0: 2028, 1: 2068} | ema=887
2026-08-19 13:26:57,766 INFO [scl_moco] micro=7150 opt_step=893 ep=1.43 | CE 0.0645  contrast 7.8013  total 1.6248 | cand 4100  pos 2049.7  neg 2050.3  skipped 0 | q·k 0.979  完成度 36% | queue valid=4096 ptr=4024 {0: 2034, 1: 2062} | ema=893
2026-08-19 13:27:20,262 INFO [scl_moco] micro=7200 opt_step=899 ep=1.44 | CE 0.1355  contrast 7.8534  total 1.7062 | cand 4100  pos 2048.9  neg 2051.1  skipped 0 | q·k 0.993  完成度 82% | queue valid=4096 ptr=128 {0: 2036, 1: 2060} | ema=899
2026-08-19 13:27:20,473 INFO [trainer] step 900/1250 loss=1.6638 grad_norm=0.54907 learning_rate=3.00426e-05 epoch=1.44
2026-08-19 13:27:39,057 INFO [scl_moco] micro=7250 opt_step=906 ep=1.45 | CE 0.1873  contrast 7.8726  total 1.7618 | cand 4100  pos 2050.5  neg 2049.5  skipped 0 | q·k 0.998  完成度 83% | queue valid=4096 ptr=328 {0: 2051, 1: 2045} | ema=906
2026-08-19 13:27:56,792 INFO [scl_moco] micro=7300 opt_step=912 ep=1.46 | CE 0.1178  contrast 7.8277  total 1.6834 | cand 4100  pos 2051.2  neg 2048.8  skipped 0 | q·k 0.998  完成度 82% | queue valid=4096 ptr=528 {0: 2059, 1: 2037} | ema=912
2026-08-19 13:28:14,209 INFO [scl_moco] micro=7350 opt_step=918 ep=1.47 | CE 0.0823  contrast 7.8076  total 1.6438 | cand 4100  pos 2051.4  neg 2048.6  skipped 0 | q·k 0.999  完成度 83% | queue valid=4096 ptr=728 {0: 2073, 1: 2023} | ema=918
2026-08-19 13:28:31,628 INFO [scl_moco] micro=7400 opt_step=924 ep=1.48 | CE 0.1222  contrast 7.8277  total 1.6877 | cand 4100  pos 2049.8  neg 2050.2  skipped 0 | q·k 0.999  完成度 82% | queue valid=4096 ptr=928 {0: 2065, 1: 2031} | ema=924
2026-08-19 13:29:07,618 INFO [scl_moco] micro=7450 opt_step=931 ep=1.49 | CE 0.2111  contrast 7.9027  total 1.7917 | cand 4100  pos 2051.4  neg 2048.6  skipped 0 | q·k 0.999  完成度 81% | queue valid=4096 ptr=1128 {0: 2074, 1: 2022} | ema=931
2026-08-19 13:29:43,722 INFO [scl_moco] micro=7500 opt_step=937 ep=1.50 | CE 0.0901  contrast 7.8243  total 1.6550 | cand 4100  pos 2049.8  neg 2050.2  skipped 0 | q·k 0.998  完成度 74% | queue valid=4096 ptr=1328 {0: 2068, 1: 2028} | ema=937
2026-08-19 13:30:13,478 INFO [scl_moco] micro=7550 opt_step=943 ep=1.51 | CE 0.0755  contrast 7.7971  total 1.6349 | cand 4100  pos 2049.8  neg 2050.2  skipped 0 | q·k 0.984  完成度 69% | queue valid=4096 ptr=1528 {0: 2062, 1: 2034} | ema=943
2026-08-19 13:30:35,807 INFO [scl_moco] micro=7600 opt_step=949 ep=1.52 | CE 0.1314  contrast 7.8436  total 1.7001 | cand 4100  pos 2049.6  neg 2050.4  skipped 0 | q·k 0.999  完成度 82% | queue valid=4096 ptr=1728 {0: 2066, 1: 2030} | ema=949
2026-08-19 13:30:36,017 INFO [trainer] step 950/1250 loss=1.6948 grad_norm=2.69554 learning_rate=2.57872e-05 epoch=1.52
2026-08-19 13:30:54,232 INFO [scl_moco] micro=7650 opt_step=956 ep=1.53 | CE 0.1212  contrast 7.8401  total 1.6892 | cand 4100  pos 2052.0  neg 2048.0  skipped 0 | q·k 0.998  完成度 82% | queue valid=4096 ptr=1928 {0: 2072, 1: 2024} | ema=956
2026-08-19 13:31:11,864 INFO [scl_moco] micro=7700 opt_step=962 ep=1.54 | CE 0.0791  contrast 7.7968  total 1.6384 | cand 4100  pos 2050.4  neg 2049.6  skipped 0 | q·k 0.999  完成度 82% | queue valid=4096 ptr=2128 {0: 2079, 1: 2017} | ema=962
2026-08-19 13:31:29,422 INFO [scl_moco] micro=7750 opt_step=968 ep=1.55 | CE 0.1678  contrast 7.8548  total 1.7388 | cand 4100  pos 2046.8  neg 2053.2  skipped 0 | q·k 1.000  完成度 -27% | queue valid=4096 ptr=2328 {0: 2076, 1: 2020} | ema=968
2026-08-19 13:31:46,905 INFO [scl_moco] micro=7800 opt_step=974 ep=1.56 | CE 0.1341  contrast 7.8483  total 1.7038 | cand 4100  pos 2048.6  neg 2051.4  skipped 0 | q·k 0.999  完成度 82% | queue valid=4096 ptr=2528 {0: 2054, 1: 2042} | ema=974
2026-08-19 13:32:22,794 INFO [scl_moco] micro=7850 opt_step=981 ep=1.57 | CE 0.0947  contrast 7.8175  total 1.6582 | cand 4100  pos 2050.5  neg 2049.5  skipped 0 | q·k 0.997  完成度 82% | queue valid=4096 ptr=2728 {0: 2064, 1: 2032} | ema=981
2026-08-19 13:32:58,950 INFO [scl_moco] micro=7900 opt_step=987 ep=1.58 | CE 0.1271  contrast 7.8503  total 1.6972 | cand 4100  pos 2050.6  neg 2049.4  skipped 0 | q·k 0.991  完成度 50% | queue valid=4096 ptr=2928 {0: 2057, 1: 2039} | ema=987
2026-08-19 13:33:27,753 INFO [scl_moco] micro=7950 opt_step=993 ep=1.59 | CE 0.1462  contrast 7.8682  total 1.7198 | cand 4100  pos 2050.7  neg 2049.3  skipped 0 | q·k 0.999  完成度 81% | queue valid=4096 ptr=3128 {0: 2056, 1: 2040} | ema=993
2026-08-19 13:33:49,802 INFO [scl_moco] micro=8000 opt_step=999 ep=1.60 | CE 0.1189  contrast 7.8380  total 1.6865 | cand 4100  pos 2050.1  neg 2049.9  skipped 0 | q·k 0.999  完成度 82% | queue valid=4096 ptr=3328 {0: 2064, 1: 2032} | ema=999
2026-08-19 13:33:50,017 INFO [trainer] step 1000/1250 loss=1.6915 grad_norm=0.525307 learning_rate=2.15319e-05 epoch=1.6
2026-08-19 13:34:08,626 INFO [scl_moco] micro=8050 opt_step=1006 ep=1.61 | CE 0.1309  contrast 7.8517  total 1.7012 | cand 4100  pos 2054.1  neg 2045.9  skipped 0 | q·k 0.996  完成度 16% | queue valid=4096 ptr=3528 {0: 2083, 1: 2013} | ema=1006
2026-08-19 13:34:26,232 INFO [scl_moco] micro=8100 opt_step=1012 ep=1.62 | CE 0.0581  contrast 7.7939  total 1.6168 | cand 4100  pos 2049.5  neg 2050.5  skipped 0 | q·k 0.999  完成度 82% | queue valid=4096 ptr=3728 {0: 2082, 1: 2014} | ema=1012
2026-08-19 13:34:43,651 INFO [scl_moco] micro=8150 opt_step=1018 ep=1.63 | CE 0.0708  contrast 7.7958  total 1.6300 | cand 4100  pos 2047.0  neg 2053.0  skipped 0 | q·k 0.999  完成度 82% | queue valid=4096 ptr=3928 {0: 2064, 1: 2032} | ema=1018
2026-08-19 13:35:01,233 INFO [scl_moco] micro=8200 opt_step=1024 ep=1.64 | CE 0.0814  contrast 7.8063  total 1.6426 | cand 4100  pos 2049.7  neg 2050.3  skipped 0 | q·k 0.999  完成度 82% | queue valid=4096 ptr=32 {0: 2042, 1: 2054} | ema=1024
2026-08-19 13:35:37,128 INFO [scl_moco] micro=8250 opt_step=1031 ep=1.65 | CE 0.1232  contrast 7.8355  total 1.6903 | cand 4100  pos 2049.8  neg 2050.2  skipped 0 | q·k 0.999  完成度 -22% | queue valid=4096 ptr=232 {0: 2046, 1: 2050} | ema=1031
2026-08-19 13:36:13,218 INFO [scl_moco] micro=8300 opt_step=1037 ep=1.66 | CE 0.1471  contrast 7.8621  total 1.7196 | cand 4100  pos 2049.9  neg 2050.1  skipped 0 | q·k 0.999  完成度 82% | queue valid=4096 ptr=432 {0: 2023, 1: 2073} | ema=1037
2026-08-19 13:36:43,322 INFO [scl_moco] micro=8350 opt_step=1043 ep=1.67 | CE 0.0649  contrast 7.7992  total 1.6247 | cand 4100  pos 2048.8  neg 2051.2  skipped 0 | q·k 0.999  完成度 81% | queue valid=4096 ptr=632 {0: 2035, 1: 2061} | ema=1043
2026-08-19 13:37:05,210 INFO [scl_moco] micro=8400 opt_step=1049 ep=1.68 | CE 0.1139  contrast 7.8289  total 1.6796 | cand 4100  pos 2048.2  neg 2051.8  skipped 0 | q·k 1.000  完成度 82% | queue valid=4096 ptr=832 {0: 2036, 1: 2060} | ema=1049
2026-08-19 13:37:05,407 INFO [trainer] step 1050/1250 loss=1.6631 grad_norm=0.804454 learning_rate=1.72766e-05 epoch=1.68
2026-08-19 13:37:23,804 INFO [scl_moco] micro=8450 opt_step=1056 ep=1.69 | CE 0.0612  contrast 7.7989  total 1.6209 | cand 4100  pos 2050.0  neg 2050.0  skipped 0 | q·k 1.000  完成度 83% | queue valid=4096 ptr=1032 {0: 2040, 1: 2056} | ema=1056
2026-08-19 13:37:41,445 INFO [scl_moco] micro=8500 opt_step=1062 ep=1.70 | CE 0.1808  contrast 7.8861  total 1.7580 | cand 4100  pos 2050.0  neg 2050.0  skipped 0 | q·k 1.000  完成度 82% | queue valid=4096 ptr=1232 {0: 2046, 1: 2050} | ema=1062
2026-08-19 13:37:59,176 INFO [scl_moco] micro=8550 opt_step=1068 ep=1.71 | CE 0.0732  contrast 7.7985  total 1.6329 | cand 4100  pos 2050.4  neg 2049.6  skipped 0 | q·k 1.000  完成度 83% | queue valid=4096 ptr=1432 {0: 2056, 1: 2040} | ema=1068
2026-08-19 13:38:17,314 INFO [scl_moco] micro=8600 opt_step=1074 ep=1.72 | CE 0.1120  contrast 7.8288  total 1.6778 | cand 4100  pos 2050.3  neg 2049.7  skipped 0 | q·k 1.000  完成度 82% | queue valid=4096 ptr=1632 {0: 2043, 1: 2053} | ema=1074
2026-08-19 13:38:53,206 INFO [scl_moco] micro=8650 opt_step=1081 ep=1.73 | CE 0.2227  contrast 7.9331  total 1.8093 | cand 4100  pos 2049.9  neg 2050.1  skipped 0 | q·k 0.983  完成度 75% | queue valid=4096 ptr=1832 {0: 2042, 1: 2054} | ema=1081
2026-08-19 13:39:29,376 INFO [scl_moco] micro=8700 opt_step=1087 ep=1.74 | CE 0.0878  contrast 7.8081  total 1.6495 | cand 4100  pos 2049.9  neg 2050.1  skipped 0 | q·k 1.000  完成度 81% | queue valid=4096 ptr=2032 {0: 2047, 1: 2049} | ema=1087
2026-08-19 13:39:59,276 INFO [scl_moco] micro=8750 opt_step=1093 ep=1.75 | CE 0.0989  contrast 7.8333  total 1.6656 | cand 4100  pos 2050.2  neg 2049.8  skipped 0 | q·k 1.000  完成度 81% | queue valid=4096 ptr=2232 {0: 2052, 1: 2044} | ema=1093
2026-08-19 13:40:21,394 INFO [scl_moco] micro=8800 opt_step=1099 ep=1.76 | CE 0.0585  contrast 7.7945  total 1.6174 | cand 4100  pos 2050.5  neg 2049.5  skipped 0 | q·k 1.000  完成度 82% | queue valid=4096 ptr=2432 {0: 2049, 1: 2047} | ema=1099
2026-08-19 13:40:21,602 INFO [trainer] step 1100/1250 loss=1.6789 grad_norm=0.830309 learning_rate=1.30213e-05 epoch=1.76
2026-08-19 13:40:39,880 INFO [scl_moco] micro=8850 opt_step=1106 ep=1.77 | CE 0.1526  contrast 7.8606  total 1.7247 | cand 4100  pos 2051.5  neg 2048.5  skipped 0 | q·k 1.000  完成度 82% | queue valid=4096 ptr=2632 {0: 2068, 1: 2028} | ema=1106
2026-08-19 13:40:57,613 INFO [scl_moco] micro=8900 opt_step=1112 ep=1.78 | CE 0.0761  contrast 7.8109  total 1.6382 | cand 4100  pos 2050.1  neg 2049.9  skipped 0 | q·k 1.000  完成度 82% | queue valid=4096 ptr=2832 {0: 2070, 1: 2026} | ema=1112
2026-08-19 13:41:14,936 INFO [scl_moco] micro=8950 opt_step=1118 ep=1.79 | CE 0.1366  contrast 7.8678  total 1.7102 | cand 4100  pos 2051.2  neg 2048.8  skipped 0 | q·k 1.000  完成度 82% | queue valid=4096 ptr=3032 {0: 2059, 1: 2037} | ema=1118
2026-08-19 13:41:32,341 INFO [scl_moco] micro=9000 opt_step=1124 ep=1.80 | CE 0.1072  contrast 7.8222  total 1.6716 | cand 4100  pos 2049.5  neg 2050.5  skipped 0 | q·k 0.999  完成度 82% | queue valid=4096 ptr=3232 {0: 2063, 1: 2033} | ema=1124
2026-08-19 13:42:08,343 INFO [scl_moco] micro=9050 opt_step=1131 ep=1.81 | CE 0.1545  contrast 7.8767  total 1.7298 | cand 4100  pos 2050.0  neg 2050.0  skipped 0 | q·k 0.997  完成度 73% | queue valid=4096 ptr=3432 {0: 2052, 1: 2044} | ema=1131
2026-08-19 13:42:44,438 INFO [scl_moco] micro=9100 opt_step=1137 ep=1.82 | CE 0.1260  contrast 7.8513  total 1.6963 | cand 4100  pos 2051.3  neg 2048.7  skipped 0 | q·k 0.997  完成度 79% | queue valid=4096 ptr=3632 {0: 2033, 1: 2063} | ema=1137
2026-08-19 13:43:15,357 INFO [scl_moco] micro=9150 opt_step=1143 ep=1.83 | CE 0.1077  contrast 7.8273  total 1.6732 | cand 4100  pos 2049.9  neg 2050.1  skipped 0 | q·k 0.980  完成度 -38% | queue valid=4096 ptr=3832 {0: 2044, 1: 2052} | ema=1143
2026-08-19 13:43:38,074 INFO [scl_moco] micro=9200 opt_step=1149 ep=1.84 | CE 0.0983  contrast 7.8431  total 1.6669 | cand 4100  pos 2050.3  neg 2049.7  skipped 0 | q·k 1.000  完成度 81% | queue valid=4096 ptr=4032 {0: 2051, 1: 2045} | ema=1149
2026-08-19 13:43:38,291 INFO [trainer] step 1150/1250 loss=1.6889 grad_norm=1.11991 learning_rate=8.76596e-06 epoch=1.84
2026-08-19 13:43:56,936 INFO [scl_moco] micro=9250 opt_step=1156 ep=1.85 | CE 0.0859  contrast 7.8171  total 1.6493 | cand 4100  pos 2049.5  neg 2050.5  skipped 0 | q·k 1.000  完成度 -34% | queue valid=4096 ptr=136 {0: 2063, 1: 2033} | ema=1156
2026-08-19 13:44:14,511 INFO [scl_moco] micro=9300 opt_step=1162 ep=1.86 | CE 0.1281  contrast 7.8381  total 1.6958 | cand 4100  pos 2051.8  neg 2048.2  skipped 0 | q·k 1.000  完成度 -25% | queue valid=4096 ptr=336 {0: 2070, 1: 2026} | ema=1162
2026-08-19 13:44:32,164 INFO [scl_moco] micro=9350 opt_step=1168 ep=1.87 | CE 0.1123  contrast 7.8305  total 1.6784 | cand 4100  pos 2048.3  neg 2051.7  skipped 0 | q·k 0.997  完成度 -28% | queue valid=4096 ptr=536 {0: 2054, 1: 2042} | ema=1168
2026-08-19 13:44:49,714 INFO [scl_moco] micro=9400 opt_step=1174 ep=1.88 | CE 0.0781  contrast 7.8051  total 1.6391 | cand 4100  pos 2051.0  neg 2049.0  skipped 0 | q·k 1.000  完成度 81% | queue valid=4096 ptr=736 {0: 2029, 1: 2067} | ema=1174
2026-08-19 13:45:25,617 INFO [scl_moco] micro=9450 opt_step=1181 ep=1.89 | CE 0.1086  contrast 7.8366  total 1.6759 | cand 4100  pos 2051.4  neg 2048.6  skipped 0 | q·k 1.000  完成度 81% | queue valid=4096 ptr=936 {0: 2016, 1: 2080} | ema=1181
2026-08-19 13:46:01,852 INFO [scl_moco] micro=9500 opt_step=1187 ep=1.90 | CE 0.0890  contrast 7.8229  total 1.6536 | cand 4100  pos 2051.1  neg 2048.9  skipped 0 | q·k 1.000  完成度 81% | queue valid=4096 ptr=1136 {0: 2006, 1: 2090} | ema=1187
2026-08-19 13:46:31,675 INFO [scl_moco] micro=9550 opt_step=1193 ep=1.91 | CE 0.1401  contrast 7.8639  total 1.7129 | cand 4100  pos 2052.0  neg 2048.0  skipped 0 | q·k 0.996  完成度 75% | queue valid=4096 ptr=1336 {0: 1999, 1: 2097} | ema=1193
2026-08-19 13:46:53,736 INFO [scl_moco] micro=9600 opt_step=1199 ep=1.92 | CE 0.1164  contrast 7.8306  total 1.6825 | cand 4100  pos 2048.0  neg 2052.0  skipped 0 | q·k 1.000  完成度 82% | queue valid=4096 ptr=1536 {0: 1999, 1: 2097} | ema=1199
2026-08-19 13:46:53,940 INFO [trainer] step 1200/1250 loss=1.6734 grad_norm=0.93571 learning_rate=4.51064e-06 epoch=1.92
2026-08-19 13:47:12,000 INFO [scl_moco] micro=9650 opt_step=1206 ep=1.93 | CE 0.1213  contrast 7.8444  total 1.6902 | cand 4100  pos 2047.4  neg 2052.6  skipped 0 | q·k 0.942  完成度 45% | queue valid=4096 ptr=1736 {0: 2022, 1: 2074} | ema=1206
2026-08-19 13:47:29,635 INFO [scl_moco] micro=9700 opt_step=1212 ep=1.94 | CE 0.1029  contrast 7.8121  total 1.6653 | cand 4100  pos 2051.5  neg 2048.5  skipped 0 | q·k 1.000  完成度 82% | queue valid=4096 ptr=1936 {0: 2011, 1: 2085} | ema=1212
2026-08-19 13:47:47,192 INFO [scl_moco] micro=9750 opt_step=1218 ep=1.95 | CE 0.0807  contrast 7.8127  total 1.6433 | cand 4100  pos 2054.9  neg 2045.1  skipped 0 | q·k 1.000  完成度 82% | queue valid=4096 ptr=2136 {0: 1999, 1: 2097} | ema=1218
2026-08-19 13:48:04,620 INFO [scl_moco] micro=9800 opt_step=1224 ep=1.96 | CE 0.1221  contrast 7.8273  total 1.6876 | cand 4100  pos 2060.8  neg 2039.2  skipped 0 | q·k 0.997  完成度 74% | queue valid=4096 ptr=2336 {0: 1990, 1: 2106} | ema=1224
2026-08-19 13:48:40,500 INFO [scl_moco] micro=9850 opt_step=1231 ep=1.97 | CE 0.1919  contrast 7.8926  total 1.7704 | cand 4100  pos 2055.4  neg 2044.5  skipped 0 | q·k 1.000  完成度 81% | queue valid=4096 ptr=2536 {0: 1978, 1: 2118} | ema=1231
2026-08-19 13:49:07,116 INFO [scl_moco] micro=9900 opt_step=1237 ep=1.98 | CE 0.1112  contrast 7.8256  total 1.6763 | cand 4100  pos 2047.9  neg 2052.1  skipped 0 | q·k 0.999  完成度 81% | queue valid=4096 ptr=2736 {0: 1972, 1: 2124} | ema=1237
2026-08-19 13:49:25,117 INFO [scl_moco] micro=9950 opt_step=1243 ep=1.99 | CE 0.1117  contrast 7.8322  total 1.6781 | cand 4100  pos 2044.4  neg 2055.6  skipped 0 | q·k 1.000  完成度 81% | queue valid=4096 ptr=2936 {0: 1977, 1: 2119} | ema=1243
2026-08-19 13:49:42,469 INFO [scl_moco] micro=10000 opt_step=1249 ep=2.00 | CE 0.1002  contrast 7.8265  total 1.6655 | cand 4100  pos 2055.7  neg 2044.3  skipped 0 | q·k 1.000  完成度 79% | queue valid=4096 ptr=3136 {0: 1977, 1: 2119} | ema=1249
2026-08-19 13:49:42,645 INFO [trainer] step 1250/1250 loss=1.6846 grad_norm=2.39142 learning_rate=2.55319e-07 epoch=2
2026-08-19 13:51:38,405 INFO [trainer] step 1250/1250 eval_loss=0.133453 eval_accuracy=0.957 eval_macro_f1=0.956997 eval_macro_precision=0.957111 eval_macro_recall=0.957 eval_roc_auc=0.988387 eval_runtime=113.892 eval_samples_per_second=43.901 eval_steps_per_second=5.488 epoch=2
2026-08-19 13:51:38,405 INFO [trainer] step 1250/1250 train_runtime=5123.24 train_samples_per_second=7.808 train_steps_per_second=0.244 train_loss=1.75227 epoch=2
2026-08-19 13:51:38,406 INFO 训练结束：5130.8s，显存峰值 2.22 GB（reserved 2.30 GB）
2026-08-19 13:51:38,407 INFO EMA 调用 1250 次；入队 10000 次共 40000 条；队列有效长度 4096，指针 3136，标签分布 {0: 1977, 1: 2119}
2026-08-19 13:51:38,407 INFO [断言] EMA 次数 == optimizer step 数 == 1250（不是 micro-batch 数 10000）
2026-08-19 13:53:34,066 INFO [trainer] step 1250/1250 eval_loss=0.133461 eval_accuracy=0.957 eval_macro_f1=0.956997 eval_macro_precision=0.957111 eval_macro_recall=0.957 eval_roc_auc=0.988382 eval_runtime=113.787 eval_samples_per_second=43.942 eval_steps_per_second=5.493 epoch=2
2026-08-19 13:53:34,066 INFO 验证集：{'eval_loss': 0.1334610879421234, 'eval_accuracy': 0.957, 'eval_macro_f1': 0.9569973837208255, 'eval_macro_precision': 0.9571112425919972, 'eval_macro_recall': 0.9570000000000001, 'eval_roc_auc': 0.98838248, 'eval_runtime': 113.7872, 'eval_samples_per_second': 43.942, 'eval_steps_per_second': 5.493, 'epoch': 2.0}
2026-08-19 14:08:23,053 INFO 已写出 /home/ubuntu/科研专用/LoRA/new work 4/result/deberta_lora_scl_moco_m099_bs4_seed42_submission.csv（25000 行，正面概率）
2026-08-19 14:08:23,389 INFO id 与 testDataWithLabels.tsv 对不上，改按评论正文对齐
2026-08-19 14:08:26,804 INFO 正文对齐 24961 / 25000 条
2026-08-19 14:08:26,820 INFO 测试集（本地公开标签 24961 条）：{'accuracy': 0.9633, 'macro_f1': 0.9633, 'macro_precision': 0.9634, 'macro_recall': 0.9633, 'roc_auc': 0.9924, 'scored_rows': 24961}
2026-08-19 14:08:27,477 INFO 已保存 MoCo 状态到 /home/ubuntu/科研专用/LoRA/new work 4/checkpoint/deberta_lora_scl_moco_m099_bs4_seed42/moco_state.pt
2026-08-19 14:08:27,481 INFO 已写出 /home/ubuntu/科研专用/LoRA/new work 4/result/deberta_lora_scl_moco_m099_bs4_seed42_steps.csv（200 行对比统计）
2026-08-19 14:08:27,482 INFO 已写出 /home/ubuntu/科研专用/LoRA/new work 4/result/deberta_lora_scl_moco_m099_bs4_seed42_summary.json
