2026-08-11 08:24:18,389 INFO model=transformer device=cuda seed=42
2026-08-11 08:24:18,413 INFO gpu: Tesla T4
2026-08-11 08:24:18,413 INFO loading /home/ubuntu/科研专用/NLP/pickle/imdb_glove.pickle3 ...
2026-08-11 08:24:19,126 INFO transformer: 总参数 31,168,326 / 可训练 1,342,026
2026-08-11 08:24:19,877 INFO 参数量: 总计 31,168,326, 可训练 1,342,026
2026-08-11 08:25:28,861 INFO epoch  1/10  train_loss 0.3646  train_acc 0.8381  val_loss 0.3535  val_acc 0.8530  69.0s
2026-08-11 08:25:29,076 INFO   ↑ 验证准确率新高，已保存 /home/ubuntu/科研专用/NLP/models/transformer_best.pt
2026-08-11 08:26:38,784 INFO epoch  2/10  train_loss 0.2940  train_acc 0.8778  val_loss 0.3142  val_acc 0.8686  69.7s
2026-08-11 08:26:39,180 INFO   ↑ 验证准确率新高，已保存 /home/ubuntu/科研专用/NLP/models/transformer_best.pt
2026-08-11 08:27:49,164 INFO epoch  3/10  train_loss 0.2732  train_acc 0.8850  val_loss 0.3150  val_acc 0.8692  70.0s
2026-08-11 08:27:49,612 INFO   ↑ 验证准确率新高，已保存 /home/ubuntu/科研专用/NLP/models/transformer_best.pt
2026-08-11 08:28:59,729 INFO epoch  4/10  train_loss 0.2531  train_acc 0.8968  val_loss 0.3100  val_acc 0.8760  70.1s
2026-08-11 08:29:00,131 INFO   ↑ 验证准确率新高，已保存 /home/ubuntu/科研专用/NLP/models/transformer_best.pt
2026-08-11 08:30:10,259 INFO epoch  5/10  train_loss 0.2354  train_acc 0.9041  val_loss 0.3102  val_acc 0.8714  70.1s
2026-08-11 08:31:20,370 INFO epoch  6/10  train_loss 0.2217  train_acc 0.9099  val_loss 0.3173  val_acc 0.8740  70.1s
2026-08-11 08:32:30,482 INFO epoch  7/10  train_loss 0.1983  train_acc 0.9208  val_loss 0.3132  val_acc 0.8722  70.1s
2026-08-11 08:33:40,609 INFO epoch  8/10  train_loss 0.1802  train_acc 0.9277  val_loss 0.3154  val_acc 0.8746  70.1s
2026-08-11 08:34:50,731 INFO epoch  9/10  train_loss 0.1589  train_acc 0.9373  val_loss 0.3423  val_acc 0.8684  70.1s
2026-08-11 08:36:00,925 INFO epoch 10/10  train_loss 0.1372  train_acc 0.9461  val_loss 0.3842  val_acc 0.8696  70.2s
2026-08-11 08:36:00,925 INFO 训练结束：最佳 val_acc 0.8760（epoch 4），总耗时 701.0s
2026-08-11 08:36:01,040 INFO 已写出 transformer_history.csv 与 transformer_summary.json
2026-08-11 08:36:24,281 INFO 已写出 transformer_submission.csv（25000 行）
2026-08-11 08:36:24,288 INFO [positive p=0.9997] This movie was absolutely wonderful. The acting was superb and the story moved m
2026-08-11 08:36:24,288 INFO [negative p=0.0001] A complete waste of time. Terrible script, wooden acting, and the plot made no s
